../Radio/rtc-board.c:194:6:RtcInit	40	static
../Radio/rtc-board.c:235:6:RtcSetTimeout	16	static
../Radio/rtc-board.c:240:13:RtcGetAdjustedTimeoutValue	16	static
../Radio/rtc-board.c:267:13:RtcGetTimerValue	8	static
../Radio/rtc-board.c:272:13:RtcGetElapsedAlarmTime	16	static
../Radio/rtc-board.c:290:13:RtcComputeFutureEventTime	16	static
../Radio/rtc-board.c:295:13:RtcComputeElapsedTime	24	static
../Radio/rtc-board.c:317:6:BlockLowPowerDuringTask	16	static
../Radio/rtc-board.c:326:6:RtcEnterLowPowerStopMode	8	static
../Radio/rtc-board.c:348:6:RtcRecoverMcuStatus	4	static
../Radio/rtc-board.c:372:13:RtcComputeWakeUpTime	96	static
../Radio/rtc-board.c:393:13:RtcStartWakeUpAlarm	160	static
../Radio/rtc-board.c:427:22:RtcComputeTimerTimeToAlarmTick	88	static
../Radio/rtc-board.c:536:15:RtcConvertTimerTimeToCalendarTick	80	static
../Radio/rtc-board.c:635:20:RtcConvertCalendarTickToTimerTime	72	static
../Radio/rtc-board.c:692:13:RtcCheckCalendarRollOver	16	static
../Radio/rtc-board.c:706:22:RtcGetCalendar	56	static
../Radio/rtc-board.c:720:6:RTC_IRQHandler	8	static
../Radio/rtc-board.c:734:6:RtcGetTimeStr	56	static
