Archive member included to satisfy reference by file (symbol)

C:\Users\julek\Desktop\STM32CubeExpansion_Crypto_V4.4.0\Middlewares\ST\STM32_Cryptographic\lib\libSTM32Cryptographic_CM33.a(cmox_cipher.c.o)
                              ./Core/Src/crypto_utils.o (cmox_cipher_decrypt)
C:\Users\julek\Desktop\STM32CubeExpansion_Crypto_V4.4.0\Middlewares\ST\STM32_Cryptographic\lib\libSTM32Cryptographic_CM33.a(cmox_ctr_aesfast.c.o)
                              ./Core/Src/crypto_utils.o (CMOX_AESFAST_CTR_DEC_ALGO)
C:\Users\julek\Desktop\STM32CubeExpansion_Crypto_V4.4.0\Middlewares\ST\STM32_Cryptographic\lib\libSTM32Cryptographic_CM33.a(cmox_hash.c.o)
                              ./Core/Src/crypto_utils.o (cmox_hash_compute)
C:\Users\julek\Desktop\STM32CubeExpansion_Crypto_V4.4.0\Middlewares\ST\STM32_Cryptographic\lib\libSTM32Cryptographic_CM33.a(cmox_hmac_sha256.c.o)
                              ./Core/Src/crypto_utils.o (CMOX_HMAC_SHA256_ALGO)
C:\Users\julek\Desktop\STM32CubeExpansion_Crypto_V4.4.0\Middlewares\ST\STM32_Cryptographic\lib\libSTM32Cryptographic_CM33.a(cmox_init.c.o)
                              ./Core/Src/crypto_utils.o (cmox_finalize)
C:\Users\julek\Desktop\STM32CubeExpansion_Crypto_V4.4.0\Middlewares\ST\STM32_Cryptographic\lib\libSTM32Cryptographic_CM33.a(cmox_mac.c.o)
                              ./Core/Src/crypto_utils.o (cmox_mac_compute)
C:\Users\julek\Desktop\STM32CubeExpansion_Crypto_V4.4.0\Middlewares\ST\STM32_Cryptographic\lib\libSTM32Cryptographic_CM33.a(cmox_sha256.c.o)
                              ./Core/Src/crypto_utils.o (CMOX_SHA256_ALGO)
C:\Users\julek\Desktop\STM32CubeExpansion_Crypto_V4.4.0\Middlewares\ST\STM32_Cryptographic\lib\libSTM32Cryptographic_CM33.a(cmox_sha256_common.c.o)
                              C:\Users\julek\Desktop\STM32CubeExpansion_Crypto_V4.4.0\Middlewares\ST\STM32_Cryptographic\lib\libSTM32Cryptographic_CM33.a(cmox_sha256.c.o) (CMOX_MD_SHA256_VTABLE_ST)
C:\Users\julek\Desktop\STM32CubeExpansion_Crypto_V4.4.0\Middlewares\ST\STM32_Cryptographic\lib\libSTM32Cryptographic_CM33.a(cmox_aesfast_encrypt.c.o)
                              C:\Users\julek\Desktop\STM32CubeExpansion_Crypto_V4.4.0\Middlewares\ST\STM32_Cryptographic\lib\libSTM32Cryptographic_CM33.a(cmox_ctr_aesfast.c.o) (CMOX_AESFAST_ENCRYPT_VTABLE)
C:\Users\julek\Desktop\STM32CubeExpansion_Crypto_V4.4.0\Middlewares\ST\STM32_Cryptographic\lib\libSTM32Cryptographic_CM33.a(cmox_ctr.c.o)
                              C:\Users\julek\Desktop\STM32CubeExpansion_Crypto_V4.4.0\Middlewares\ST\STM32_Cryptographic\lib\libSTM32Cryptographic_CM33.a(cmox_ctr_aesfast.c.o) (cmox_ctr_construct)
C:\Users\julek\Desktop\STM32CubeExpansion_Crypto_V4.4.0\Middlewares\ST\STM32_Cryptographic\lib\libSTM32Cryptographic_CM33.a(cmox_hmac.c.o)
                              C:\Users\julek\Desktop\STM32CubeExpansion_Crypto_V4.4.0\Middlewares\ST\STM32_Cryptographic\lib\libSTM32Cryptographic_CM33.a(cmox_hmac_sha256.c.o) (cmox_hmac_construct)
C:\Users\julek\Desktop\STM32CubeExpansion_Crypto_V4.4.0\Middlewares\ST\STM32_Cryptographic\lib\libSTM32Cryptographic_CM33.a(cmox_md.c.o)
                              C:\Users\julek\Desktop\STM32CubeExpansion_Crypto_V4.4.0\Middlewares\ST\STM32_Cryptographic\lib\libSTM32Cryptographic_CM33.a(cmox_sha256.c.o) (cmox_md_append)
C:\Users\julek\Desktop\STM32CubeExpansion_Crypto_V4.4.0\Middlewares\ST\STM32_Cryptographic\lib\libSTM32Cryptographic_CM33.a(cmox_utils_compare.c.o)
                              C:\Users\julek\Desktop\STM32CubeExpansion_Crypto_V4.4.0\Middlewares\ST\STM32_Cryptographic\lib\libSTM32Cryptographic_CM33.a(cmox_hmac.c.o) (cmox_utils_robustCmp)
C:\Users\julek\Desktop\STM32CubeExpansion_Crypto_V4.4.0\Middlewares\ST\STM32_Cryptographic\lib\libSTM32Cryptographic_CM33.a(cmox_aes_common.c.o)
                              C:\Users\julek\Desktop\STM32CubeExpansion_Crypto_V4.4.0\Middlewares\ST\STM32_Cryptographic\lib\libSTM32Cryptographic_CM33.a(cmox_aesfast_encrypt.c.o) (CMOX_AES_SBOX)
C:\Users\julek\Desktop\STM32CubeExpansion_Crypto_V4.4.0\Middlewares\ST\STM32_Cryptographic\lib\libSTM32Cryptographic_CM33.a(cmox_cipher_modes.c.o)
                              C:\Users\julek\Desktop\STM32CubeExpansion_Crypto_V4.4.0\Middlewares\ST\STM32_Cryptographic\lib\libSTM32Cryptographic_CM33.a(cmox_ctr.c.o) (cmox_cipherMode_init)
C:\Users\julek\Desktop\STM32CubeExpansion_Crypto_V4.4.0\Middlewares\ST\STM32_Cryptographic\lib\libSTM32Cryptographic_CM33.a(cmox_cipher_utils.c.o)
                              C:\Users\julek\Desktop\STM32CubeExpansion_Crypto_V4.4.0\Middlewares\ST\STM32_Cryptographic\lib\libSTM32Cryptographic_CM33.a(cmox_ctr.c.o) (convert_block_2_bytes)
C:/ST/STM32CubeIDE_1.18.0/STM32CubeIDE/plugins/com.st.stm32cube.ide.mcu.externaltools.gnu-tools-for-stm32.13.3.rel1.win32_1.0.0.202411081344/tools/bin/../lib/gcc/arm-none-eabi/13.3.1/../../../../arm-none-eabi/lib/thumb/v8-m.main+fp/hard\libc_nano.a(libc_a-exit.o)
[...]
Memory Configuration

Name             Origin             Length             Attributes
RAM              0x20000000         0x00040000         xrw
SRAM4            0x28000000         0x00004000         xrw
FLASH            0x08000000         0x00080000         xr
*default*        0x00000000         0xffffffff

Linker script and memory map

LOAD C:/ST/STM32CubeIDE_1.18.0/STM32CubeIDE/plugins/com.st.stm32cube.ide.mcu.externaltools.gnu-tools-for-stm32.13.3.rel1.win32_1.0.0.202411081344/tools/bin/../lib/gcc/arm-none-eabi/13.3.1/thumb/v8-m.main+fp/hard/crti.o
LOAD C:/ST/STM32CubeIDE_1.18.0/STM32CubeIDE/plugins/com.st.stm32cube.ide.mcu.externaltools.gnu-tools-for-stm32.13.3.rel1.win32_1.0.0.202411081344/tools/bin/../lib/gcc/arm-none-eabi/13.3.1/thumb/v8-m.main+fp/hard/crtbegin.o
LOAD C:/ST/STM32CubeIDE_1.18.0/STM32CubeIDE/plugins/com.st.stm32cube.ide.mcu.externaltools.gnu-tools-for-stm32.13.3.rel1.win32_1.0.0.202411081344/tools/bin/../lib/gcc/arm-none-eabi/13.3.1/../../../../arm-none-eabi/lib/thumb/v8-m.main+fp/hard/crt0.o
LOAD ./Core/Src/app_template.o
LOAD ./Core/Src/cmox_low_level.o
LOAD ./Core/Src/config.o
LOAD ./Core/Src/crypto_utils.o
LOAD ./Core/Src/i2c_utils.o
LOAD ./Core/Src/main.o
LOAD ./Core/Src/memory.o
LOAD ./Core/Src/stm32u5xx_hal_msp.o
LOAD ./Core/Src/stm32u5xx_it.o
LOAD ./Core/Src/syscalls.o
LOAD ./Core/Src/sysmem.o
LOAD ./Core/Src/system_stm32u5xx.o
LOAD ./Core/Startup/startup_stm32u545retxq.o
LOAD ./Drivers/STM32U5xx_HAL_Driver/Src/stm32u5xx_hal.o
LOAD ./Drivers/STM32U5xx_HAL_Driver/Src/stm32u5xx_hal_cortex.o
LOAD ./Drivers/STM32U5xx_HAL_Driver/Src/stm32u5xx_hal_crc.o
LOAD ./Drivers/STM32U5xx_HAL_Driver/Src/stm32u5xx_hal_crc_ex.o
LOAD ./Drivers/STM32U5xx_HAL_Driver/Src/stm32u5xx_hal_dma.o
LOAD ./Drivers/STM32U5xx_HAL_Driver/Src/stm32u5xx_hal_dma_ex.o
LOAD ./Drivers/STM32U5xx_HAL_Driver/Src/stm32u5xx_hal_exti.o
LOAD ./Drivers/STM32U5xx_HAL_Driver/Src/stm32u5xx_hal_flash.o
LOAD ./Drivers/STM32U5xx_HAL_Driver/Src/stm32u5xx_hal_flash_ex.o
LOAD ./Drivers/STM32U5xx_HAL_Driver/Src/stm32u5xx_hal_gpio.o
LOAD ./Drivers/STM32U5xx_HAL_Driver/Src/stm32u5xx_hal_gtzc.o
LOAD ./Drivers/STM32U5xx_HAL_Driver/Src/stm32u5xx_hal_i2c.o
LOAD ./Drivers/STM32U5xx_HAL_Driver/Src/stm32u5xx_hal_i2c_ex.o
LOAD ./Drivers/STM32U5xx_HAL_Driver/Src/stm32u5xx_hal_icache.o
LOAD ./Drivers/STM32U5xx_HAL_Driver/Src/stm32u5xx_hal_pwr.o
LOAD ./Drivers/STM32U5xx_HAL_Driver/Src/stm32u5xx_hal_pwr_ex.o
LOAD ./Drivers/STM32U5xx_HAL_Driver/Src/stm32u5xx_hal_rcc.o
LOAD ./Drivers/STM32U5xx_HAL_Driver/Src/stm32u5xx_hal_rcc_ex.o
LOAD ./Drivers/STM32U5xx_HAL_Driver/Src/stm32u5xx_hal_rtc.o
LOAD ./Drivers/STM32U5xx_HAL_Driver/Src/stm32u5xx_hal_rtc_ex.o
LOAD ./Drivers/STM32U5xx_HAL_Driver/Src/stm32u5xx_hal_spi.o
LOAD ./Drivers/STM32U5xx_HAL_Driver/Src/stm32u5xx_hal_spi_ex.o
LOAD ./Drivers/STM32U5xx_HAL_Driver/Src/stm32u5xx_hal_uart.o
LOAD ./Drivers/STM32U5xx_HAL_Driver/Src/stm32u5xx_hal_uart_ex.o
LOAD ./Radio/board.o
LOAD ./Radio/delay.o
LOAD ./Radio/gpio-board.o
LOAD ./Radio/gpio.o
LOAD ./Radio/rtc-board.o
LOAD ./Radio/spi-board.o
LOAD ./Radio/sx1276-board.o
LOAD ./Radio/timer.o
LOAD ./Radio/utilities.o
LOAD ./Radio/sx1276/sx1276.o
LOAD C:\Users\julek\Desktop\STM32CubeExpansion_Crypto_V4.4.0\Middlewares\ST\STM32_Cryptographic\lib\libSTM32Cryptographic_CM33.a
START GROUP
LOAD C:/ST/STM32CubeIDE_1.18.0/STM32CubeIDE/plugins/com.st.stm32cube.ide.mcu.externaltools.gnu-tools-for-stm32.13.3.rel1.win32_1.0.0.202411081344/tools/bin/../lib/gcc/arm-none-eabi/13.3.1/../../../../arm-none-eabi/lib/thumb/v8-m.main+fp/hard\libc_nano.a
LOAD C:/ST/STM32CubeIDE_1.18.0/STM32CubeIDE/plugins/com.st.stm32cube.ide.mcu.externaltools.gnu-tools-for-stm32.13.3.rel1.win32_1.0.0.202411081344/tools/bin/../lib/gcc/arm-none-eabi/13.3.1/../../../../arm-none-eabi/lib/thumb/v8-m.main+fp/hard\libm.a
END GROUP
START GROUP
LOAD C:/ST/STM32CubeIDE_1.18.0/STM32CubeIDE/plugins/com.st.stm32cube.ide.mcu.externaltools.gnu-tools-for-stm32.13.3.rel1.win32_1.0.0.202411081344/tools/bin/../lib/gcc/arm-none-eabi/13.3.1/thumb/v8-m.main+fp/hard\libgcc.a
LOAD C:/ST/STM32CubeIDE_1.18.0/STM32CubeIDE/plugins/com.st.stm32cube.ide.mcu.externaltools.gnu-tools-for-stm32.13.3.rel1.win32_1.0.0.202411081344/tools/bin/../lib/gcc/arm-none-eabi/13.3.1/../../../../arm-none-eabi/lib/thumb/v8-m.main+fp/hard\libc_nano.a
END GROUP
START GROUP
LOAD C:/ST/STM32CubeIDE_1.18.0/STM32CubeIDE/plugins/com.st.stm32cube.ide.mcu.externaltools.gnu-tools-for-stm32.13.3.rel1.win32_1.0.0.202411081344/tools/bin/../lib/gcc/arm-none-eabi/13.3.1/thumb/v8-m.main+fp/hard\libgcc.a
LOAD C:/ST/STM32CubeIDE_1.18.0/STM32CubeIDE/plugins/com.st.stm32cube.ide.mcu.externaltools.gnu-tools-for-stm32.13.3.rel1.win32_1.0.0.202411081344/tools/bin/../lib/gcc/arm-none-eabi/13.3.1/../../../../arm-none-eabi/lib/thumb/v8-m.main+fp/hard\libc_nano.a
LOAD C:/ST/STM32CubeIDE_1.18.0/STM32CubeIDE/plugins/com.st.stm32cube.ide.mcu.externaltools.gnu-tools-for-stm32.13.3.rel1.win32_1.0.0.202411081344/tools/bin/../lib/gcc/arm-none-eabi/13.3.1/../../../../arm-none-eabi/lib/thumb/v8-m.main+fp/hard\libnosys.a
END GROUP
START GROUP
LOAD C:/ST/STM32CubeIDE_1.18.0/STM32CubeIDE/plugins/com.st.stm32cube.ide.mcu.externaltools.gnu-tools-for-stm32.13.3.rel1.win32_1.0.0.202411081344/tools/bin/../lib/gcc/arm-none-eabi/13.3.1/thumb/v8-m.main+fp/hard\libgcc.a
LOAD C:/ST/STM32CubeIDE_1.18.0/STM32CubeIDE/plugins/com.st.stm32cube.ide.mcu.externaltools.gnu-tools-for-stm32.13.3.rel1.win32_1.0.0.202411081344/tools/bin/../lib/gcc/arm-none-eabi/13.3.1/../../../../arm-none-eabi/lib/thumb/v8-m.main+fp/hard\libc_nano.a
LOAD C:/ST/STM32CubeIDE_1.18.0/STM32CubeIDE/plugins/com.st.stm32cube.ide.mcu.externaltools.gnu-tools-for-stm32.13.3.rel1.win32_1.0.0.202411081344/tools/bin/../lib/gcc/arm-none-eabi/13.3.1/../../../../arm-none-eabi/lib/thumb/v8-m.main+fp/hard\libnosys.a
END GROUP
LOAD C:/ST/STM32CubeIDE_1.18.0/STM32CubeIDE/plugins/com.st.stm32cube.ide.mcu.externaltools.gnu-tools-for-stm32.13.3.rel1.win32_1.0.0.202411081344/tools/bin/../lib/gcc/arm-none-eabi/13.3.1/thumb/v8-m.main+fp/hard/crtend.o
LOAD C:/ST/STM32CubeIDE_1.18.0/STM32CubeIDE/plugins/com.st.stm32cube.ide.mcu.externaltools.gnu-tools-for-stm32.13.3.rel1.win32_1.0.0.202411081344/tools/bin/../lib/gcc/arm-none-eabi/13.3.1/thumb/v8-m.main+fp/hard/crtn.o
                0x20040000                        _estack = (ORIGIN (RAM) + LENGTH (RAM))
                0x00000200                        _Min_Heap_Size = 0x200
                0x00000400                        _Min_Stack_Size = 0x400

.isr_vector     0x08000000      0x238
 *(.isr_vector)
 .isr_vector    0x08000000      0x238 ./Core/Startup/startup_stm32u545retxq.o
                0x08000000                g_pfnVectors

.text           0x08000238    0x14b04
 *(.text)
 .text          0x08000238       0x40 C:/ST/STM32CubeIDE_1.18.0/STM32CubeIDE/plugins/com.st.stm32cube.ide.mcu.externaltools.gnu-tools-for-stm32.13.3.rel1.win32_1.0.0.202411081344/tools/bin/../lib/gcc/arm-none-eabi/13.3.1/thumb/v8-m.main+fp/hard/crtbegin.o
 .text          0x08000278       0x58 C:\Users\julek\Desktop\STM32CubeExpansion_Crypto_V4.4.0\Middlewares\ST\STM32_Cryptographic\lib\libSTM32Cryptographic_CM33.a(cmox_cipher.c.o)
                0x08000278                cmox_cipher_encrypt
 .text          0x080002d0       0x58 C:\Users\julek\Desktop\STM32CubeExpansion_Crypto_V4.4.0\Middlewares\ST\STM32_Cryptographic\lib\libSTM32Cryptographic_CM33.a(cmox_cipher.c.o)
                0x080002d0                cmox_cipher_decrypt
 .text          0x08000328       0x64 C:\Users\julek\Desktop\STM32CubeExpansion_Crypto_V4.4.0\Middlewares\ST\STM32_Cryptographic\lib\libSTM32Cryptographic_CM33.a(cmox_cipher.c.o)
                0x08000328                cmox_cipher_innerCompute
 .text          0x0800038c       0x40 C:\Users\julek\Desktop\STM32CubeExpansion_Crypto_V4.4.0\Middlewares\ST\STM32_Cryptographic\lib\libSTM32Cryptographic_CM33.a(cmox_ctr_aesfast.c.o)
 .text          0x080003cc       0x5c C:\Users\julek\Desktop\STM32CubeExpansion_Crypto_V4.4.0\Middlewares\ST\STM32_Cryptographic\lib\libSTM32Cryptographic_CM33.a(cmox_hash.c.o)
                0x080003cc                cmox_hash_common_compute
 .text          0x08000428        0x6 C:\Users\julek\Desktop\STM32CubeExpansion_Crypto_V4.4.0\Middlewares\ST\STM32_Cryptographic\lib\libSTM32Cryptographic_CM33.a(cmox_hmac_sha256.c.o)
 .text          0x0800042e        0x4 C:\Users\julek\Desktop\STM32CubeExpansion_Crypto_V4.4.0\Middlewares\ST\STM32_Cryptographic\lib\libSTM32Cryptographic_CM33.a(cmox_hmac_sha256.c.o)
 .text          0x08000432        0x4 C:\Users\julek\Desktop\STM32CubeExpansion_Crypto_V4.4.0\Middlewares\ST\STM32_Cryptographic\lib\libSTM32Cryptographic_CM33.a(cmox_hmac_sha256.c.o)
 *fill*         0x08000436        0x2 
 .text          0x08000438       0x2c C:\Users\julek\Desktop\STM32CubeExpansion_Crypto_V4.4.0\Middlewares\ST\STM32_Cryptographic\lib\libSTM32Cryptographic_CM33.a(cmox_hmac_sha256.c.o)
 .text          0x08000464       0x3c C:\Users\julek\Desktop\STM32CubeExpansion_Crypto_V4.4.0\Middlewares\ST\STM32_Cryptographic\lib\libSTM32Cryptographic_CM33.a(cmox_hmac_sha256.c.o)
 .text          0x080004a0       0x38 C:\Users\julek\Desktop\STM32CubeExpansion_Crypto_V4.4.0\Middlewares\ST\STM32_Cryptographic\lib\libSTM32Cryptographic_CM33.a(cmox_hmac_sha256.c.o)
 .text          0x080004d8       0x20 C:\Users\julek\Desktop\STM32CubeExpansion_Crypto_V4.4.0\Middlewares\ST\STM32_Cryptographic\lib\libSTM32Cryptographic_CM33.a(cmox_init.c.o)
                0x080004d8                cmox_initialize
 .text          0x080004f8        0x4 C:\Users\julek\Desktop\STM32CubeExpansion_Crypto_V4.4.0\Middlewares\ST\STM32_Cryptographic\lib\libSTM32Cryptographic_CM33.a(cmox_init.c.o)
                0x080004f8                cmox_finalize
 .text          0x080004fc       0x86 C:\Users\julek\Desktop\STM32CubeExpansion_Crypto_V4.4.0\Middlewares\ST\STM32_Cryptographic\lib\libSTM32Cryptographic_CM33.a(cmox_mac.c.o)
                0x080004fc                cmox_mac_innerCompute
 .text          0x08000582       0x86 C:\Users\julek\Desktop\STM32CubeExpansion_Crypto_V4.4.0\Middlewares\ST\STM32_Cryptographic\lib\libSTM32Cryptographic_CM33.a(cmox_mac.c.o)
                0x08000582                cmox_mac_innerVerify
 .text          0x08000608        0x6 C:\Users\julek\Desktop\STM32CubeExpansion_Crypto_V4.4.0\Middlewares\ST\STM32_Cryptographic\lib\libSTM32Cryptographic_CM33.a(cmox_mac.c.o)
                0x08000608                cmox_mac_setCustomData_empty
 *fill*         0x0800060e        0x2 
 .text          0x08000610       0x44 C:\Users\julek\Desktop\STM32CubeExpansion_Crypto_V4.4.0\Middlewares\ST\STM32_Cryptographic\lib\libSTM32Cryptographic_CM33.a(cmox_mac.c.o)
                0x08000610                cmox_mac_compute
 .text          0x08000654       0x2c C:\Users\julek\Desktop\STM32CubeExpansion_Crypto_V4.4.0\Middlewares\ST\STM32_Cryptographic\lib\libSTM32Cryptographic_CM33.a(cmox_sha256.c.o)
 .text          0x08000680       0x44 C:\Users\julek\Desktop\STM32CubeExpansion_Crypto_V4.4.0\Middlewares\ST\STM32_Cryptographic\lib\libSTM32Cryptographic_CM33.a(cmox_sha256.c.o)
 .text          0x080006c4       0x20 C:\Users\julek\Desktop\STM32CubeExpansion_Crypto_V4.4.0\Middlewares\ST\STM32_Cryptographic\lib\libSTM32Cryptographic_CM33.a(cmox_sha256.c.o)
 .text          0x080006e4       0x30 C:\Users\julek\Desktop\STM32CubeExpansion_Crypto_V4.4.0\Middlewares\ST\STM32_Cryptographic\lib\libSTM32Cryptographic_CM33.a(cmox_sha256.c.o)
 .text          0x08000714       0x30 C:\Users\julek\Desktop\STM32CubeExpansion_Crypto_V4.4.0\Middlewares\ST\STM32_Cryptographic\lib\libSTM32Cryptographic_CM33.a(cmox_sha256.c.o)
 .text          0x08000744       0x70 C:\Users\julek\Desktop\STM32CubeExpansion_Crypto_V4.4.0\Middlewares\ST\STM32_Cryptographic\lib\libSTM32Cryptographic_CM33.a(cmox_sha256.c.o)
 .text          0x080007b4       0x28 C:\Users\julek\Desktop\STM32CubeExpansion_Crypto_V4.4.0\Middlewares\ST\STM32_Cryptographic\lib\libSTM32Cryptographic_CM33.a(cmox_sha256.c.o)
                0x080007b4                cmox_sha256_construct
 .text          0x080007dc      0x1f4 C:\Users\julek\Desktop\STM32CubeExpansion_Crypto_V4.4.0\Middlewares\ST\STM32_Cryptographic\lib\libSTM32Cryptographic_CM33.a(cmox_sha256_common.c.o)
 .text          0x080009d0      0x31c C:\Users\julek\Desktop\STM32CubeExpansion_Crypto_V4.4.0\Middlewares\ST\STM32_Cryptographic\lib\libSTM32Cryptographic_CM33.a(cmox_aesfast_encrypt.c.o)
 .text          0x08000cec       0x20 C:\Users\julek\Desktop\STM32CubeExpansion_Crypto_V4.4.0\Middlewares\ST\STM32_Cryptographic\lib\libSTM32Cryptographic_CM33.a(cmox_ctr.c.o)
 .text          0x08000d0c       0x20 C:\Users\julek\Desktop\STM32CubeExpansion_Crypto_V4.4.0\Middlewares\ST\STM32_Cryptographic\lib\libSTM32Cryptographic_CM33.a(cmox_ctr.c.o)
 .text          0x08000d2c       0x24 C:\Users\julek\Desktop\STM32CubeExpansion_Crypto_V4.4.0\Middlewares\ST\STM32_Cryptographic\lib\libSTM32Cryptographic_CM33.a(cmox_ctr.c.o)
 .text          0x08000d50       0x34 C:\Users\julek\Desktop\STM32CubeExpansion_Crypto_V4.4.0\Middlewares\ST\STM32_Cryptographic\lib\libSTM32Cryptographic_CM33.a(cmox_ctr.c.o)
 .text          0x08000d84       0xb4 C:\Users\julek\Desktop\STM32CubeExpansion_Crypto_V4.4.0\Middlewares\ST\STM32_Cryptographic\lib\libSTM32Cryptographic_CM33.a(cmox_ctr.c.o)
 .text          0x08000e38       0x10 C:\Users\julek\Desktop\STM32CubeExpansion_Crypto_V4.4.0\Middlewares\ST\STM32_Cryptographic\lib\libSTM32Cryptographic_CM33.a(cmox_ctr.c.o)
                0x08000e38                cmox_ctr_general_dir
 .text          0x08000e48       0x10 C:\Users\julek\Desktop\STM32CubeExpansion_Crypto_V4.4.0\Middlewares\ST\STM32_Cryptographic\lib\libSTM32Cryptographic_CM33.a(cmox_ctr.c.o)
 .text          0x08000e58        0xa C:\Users\julek\Desktop\STM32CubeExpansion_Crypto_V4.4.0\Middlewares\ST\STM32_Cryptographic\lib\libSTM32Cryptographic_CM33.a(cmox_ctr.c.o)
                0x08000e58                cmox_ctr_construct
 *fill*         0x08000e62        0x2 
 .text          0x08000e64       0x20 C:\Users\julek\Desktop\STM32CubeExpansion_Crypto_V4.4.0\Middlewares\ST\STM32_Cryptographic\lib\libSTM32Cryptographic_CM33.a(cmox_hmac.c.o)
 .text          0x08000e84       0x24 C:\Users\julek\Desktop\STM32CubeExpansion_Crypto_V4.4.0\Middlewares\ST\STM32_Cryptographic\lib\libSTM32Cryptographic_CM33.a(cmox_hmac.c.o)
 .text          0x08000ea8       0x28 C:\Users\julek\Desktop\STM32CubeExpansion_Crypto_V4.4.0\Middlewares\ST\STM32_Cryptographic\lib\libSTM32Cryptographic_CM33.a(cmox_hmac.c.o)
 .text          0x08000ed0      0x1c8 C:\Users\julek\Desktop\STM32CubeExpansion_Crypto_V4.4.0\Middlewares\ST\STM32_Cryptographic\lib\libSTM32Cryptographic_CM33.a(cmox_hmac.c.o)
 .text          0x08001098       0x3c C:\Users\julek\Desktop\STM32CubeExpansion_Crypto_V4.4.0\Middlewares\ST\STM32_Cryptographic\lib\libSTM32Cryptographic_CM33.a(cmox_hmac.c.o)
 .text          0x080010d4       0xd4 C:\Users\julek\Desktop\STM32CubeExpansion_Crypto_V4.4.0\Middlewares\ST\STM32_Cryptographic\lib\libSTM32Cryptographic_CM33.a(cmox_hmac.c.o)
 .text          0x080011a8      0x100 C:\Users\julek\Desktop\STM32CubeExpansion_Crypto_V4.4.0\Middlewares\ST\STM32_Cryptographic\lib\libSTM32Cryptographic_CM33.a(cmox_hmac.c.o)
 .text          0x080012a8       0x38 C:\Users\julek\Desktop\STM32CubeExpansion_Crypto_V4.4.0\Middlewares\ST\STM32_Cryptographic\lib\libSTM32Cryptographic_CM33.a(cmox_hmac.c.o)
 .text          0x080012e0       0x1c C:\Users\julek\Desktop\STM32CubeExpansion_Crypto_V4.4.0\Middlewares\ST\STM32_Cryptographic\lib\libSTM32Cryptographic_CM33.a(cmox_hmac.c.o)
                0x080012e0                cmox_hmac_construct
 .text          0x080012fc        0x8 C:\Users\julek\Desktop\STM32CubeExpansion_Crypto_V4.4.0\Middlewares\ST\STM32_Cryptographic\lib\libSTM32Cryptographic_CM33.a(cmox_md.c.o)
                0x080012fc                cmox_md_updateState_small
 .text          0x08001304       0x54 C:\Users\julek\Desktop\STM32CubeExpansion_Crypto_V4.4.0\Middlewares\ST\STM32_Cryptographic\lib\libSTM32Cryptographic_CM33.a(cmox_md.c.o)
                0x08001304                cmox_md_copyLastState_small
 .text          0x08001358       0x1a C:\Users\julek\Desktop\STM32CubeExpansion_Crypto_V4.4.0\Middlewares\ST\STM32_Cryptographic\lib\libSTM32Cryptographic_CM33.a(cmox_md.c.o)
                0x08001358                cmox_md_padMsgLen_small
 .text          0x08001372        0x8 C:\Users\julek\Desktop\STM32CubeExpansion_Crypto_V4.4.0\Middlewares\ST\STM32_Cryptographic\lib\libSTM32Cryptographic_CM33.a(cmox_md.c.o)
                0x08001372                cmox_md_construct
 .text          0x0800137a       0x1e C:\Users\julek\Desktop\STM32CubeExpansion_Crypto_V4.4.0\Middlewares\ST\STM32_Cryptographic\lib\libSTM32Cryptographic_CM33.a(cmox_md.c.o)
                0x0800137a                cmox_md_init
 .text          0x08001398        0x8 C:\Users\julek\Desktop\STM32CubeExpansion_Crypto_V4.4.0\Middlewares\ST\STM32_Cryptographic\lib\libSTM32Cryptographic_CM33.a(cmox_md.c.o)
                0x08001398                cmox_md_setTagSize
 .text          0x080013a0       0xa8 C:\Users\julek\Desktop\STM32CubeExpansion_Crypto_V4.4.0\Middlewares\ST\STM32_Cryptographic\lib\libSTM32Cryptographic_CM33.a(cmox_md.c.o)
                0x080013a0                cmox_md_append
 .text          0x08001448      0x1a0 C:\Users\julek\Desktop\STM32CubeExpansion_Crypto_V4.4.0\Middlewares\ST\STM32_Cryptographic\lib\libSTM32Cryptographic_CM33.a(cmox_md.c.o)
                0x08001448                cmox_md_generateTag
 .text          0x080015e8        0x8 C:\Users\julek\Desktop\STM32CubeExpansion_Crypto_V4.4.0\Middlewares\ST\STM32_Cryptographic\lib\libSTM32Cryptographic_CM33.a(cmox_md.c.o)
 .text          0x080015f0       0x30 C:\Users\julek\Desktop\STM32CubeExpansion_Crypto_V4.4.0\Middlewares\ST\STM32_Cryptographic\lib\libSTM32Cryptographic_CM33.a(cmox_utils_compare.c.o)
 .text          0x08001620       0x36 C:\Users\julek\Desktop\STM32CubeExpansion_Crypto_V4.4.0\Middlewares\ST\STM32_Cryptographic\lib\libSTM32Cryptographic_CM33.a(cmox_utils_compare.c.o)
 *fill*         0x08001656        0x2 
 .text          0x08001658       0xfc C:\Users\julek\Desktop\STM32CubeExpansion_Crypto_V4.4.0\Middlewares\ST\STM32_Cryptographic\lib\libSTM32Cryptographic_CM33.a(cmox_utils_compare.c.o)
                0x08001664                cmox_utils_robustCmp
 .text          0x08001754      0x128 C:\Users\julek\Desktop\STM32CubeExpansion_Crypto_V4.4.0\Middlewares\ST\STM32_Cryptographic\lib\libSTM32Cryptographic_CM33.a(cmox_aes_common.c.o)
                0x08001754                cmox_aesSmall_keySchedule
 .text          0x0800187c        0xe C:\Users\julek\Desktop\STM32CubeExpansion_Crypto_V4.4.0\Middlewares\ST\STM32_Cryptographic\lib\libSTM32Cryptographic_CM33.a(cmox_cipher_modes.c.o)
                0x0800187c                cmox_cipherMode_init
 *fill*         0x0800188a        0x2 
 .text          0x0800188c      0x3c8 C:\Users\julek\Desktop\STM32CubeExpansion_Crypto_V4.4.0\Middlewares\ST\STM32_Cryptographic\lib\libSTM32Cryptographic_CM33.a(cmox_cipher_modes.c.o)
                0x0800188c                cmox_cipherMode_setKey
 .text          0x08001c54       0x48 C:\Users\julek\Desktop\STM32CubeExpansion_Crypto_V4.4.0\Middlewares\ST\STM32_Cryptographic\lib\libSTM32Cryptographic_CM33.a(cmox_cipher_modes.c.o)
                0x08001c54                cmox_cipherMode_setIV
 .text          0x08001c9c        0x6 C:\Users\julek\Desktop\STM32CubeExpansion_Crypto_V4.4.0\Middlewares\ST\STM32_Cryptographic\lib\libSTM32Cryptographic_CM33.a(cmox_cipher_modes.c.o)
                0x08001c9c                cmox_cipher_setTagLen_empty
 .text          0x08001ca2        0x6 C:\Users\julek\Desktop\STM32CubeExpansion_Crypto_V4.4.0\Middlewares\ST\STM32_Cryptographic\lib\libSTM32Cryptographic_CM33.a(cmox_cipher_modes.c.o)
                0x08001ca2                cmox_cipher_setPayloadLen_empty
 .text          0x08001ca8        0x6 C:\Users\julek\Desktop\STM32CubeExpansion_Crypto_V4.4.0\Middlewares\ST\STM32_Cryptographic\lib\libSTM32Cryptographic_CM33.a(cmox_cipher_modes.c.o)
                0x08001ca8                cmox_cipher_setADLen_empty
 .text          0x08001cae        0x6 C:\Users\julek\Desktop\STM32CubeExpansion_Crypto_V4.4.0\Middlewares\ST\STM32_Cryptographic\lib\libSTM32Cryptographic_CM33.a(cmox_cipher_modes.c.o)
                0x08001cae                cmox_cipher_appendAD_empty
 .text          0x08001cb4        0x8 C:\Users\julek\Desktop\STM32CubeExpansion_Crypto_V4.4.0\Middlewares\ST\STM32_Cryptographic\lib\libSTM32Cryptographic_CM33.a(cmox_cipher_modes.c.o)
                0x08001cb4                cmox_cipher_generateTag_empty
 .text          0x08001cbc        0x8 C:\Users\julek\Desktop\STM32CubeExpansion_Crypto_V4.4.0\Middlewares\ST\STM32_Cryptographic\lib\libSTM32Cryptographic_CM33.a(cmox_cipher_modes.c.o)
                0x08001cbc                cmox_cipher_verifyTag_empty
 .text          0x08001cc4        0x8 C:\Users\julek\Desktop\STM32CubeExpansion_Crypto_V4.4.0\Middlewares\ST\STM32_Cryptographic\lib\libSTM32Cryptographic_CM33.a(cmox_cipher_modes.c.o)
 .text          0x08001ccc       0x2e C:\Users\julek\Desktop\STM32CubeExpansion_Crypto_V4.4.0\Middlewares\ST\STM32_Cryptographic\lib\libSTM32Cryptographic_CM33.a(cmox_cipher_utils.c.o)
                0x08001ccc                convert_block_2_bytes
 .text          0x08001cfa       0x10 C:/ST/STM32CubeIDE_1.18.0/STM32CubeIDE/plugins/com.st.stm32cube.ide.mcu.externaltools.gnu-tools-for-stm32.13.3.rel1.win32_1.0.0.202411081344/tools/bin/../lib/gcc/arm-none-eabi/13.3.1/../../../../arm-none-eabi/lib/thumb/v8-m.main+fp/hard\libc_nano.a(libc_a-strlen.o)
                0x08001cfa                strlen
 .text          0x08001d0a       0x9a C:/ST/STM32CubeIDE_1.18.0/STM32CubeIDE/plugins/com.st.stm32cube.ide.mcu.externaltools.gnu-tools-for-stm32.13.3.rel1.win32_1.0.0.202411081344/tools/bin/../lib/gcc/arm-none-eabi/13.3.1/../../../../arm-none-eabi/lib/thumb/v8-m.main+fp/hard\libc_nano.a(libc_a-aeabi_memset-soft.o)
                0x08001d0a                __aeabi_memset8
                0x08001d0a                __aeabi_memset4
                0x08001d0a                __aeabi_memset
 .text          0x08001da4      0x378 C:/ST/STM32CubeIDE_1.18.0/STM32CubeIDE/plugins/com.st.stm32cube.ide.mcu.externaltools.gnu-tools-for-stm32.13.3.rel1.win32_1.0.0.202411081344/tools/bin/../lib/gcc/arm-none-eabi/13.3.1/thumb/v8-m.main+fp/hard\libgcc.a(_arm_addsubdf3.o)
                0x08001da4                __aeabi_drsub
                0x08001dac                __aeabi_dsub
                0x08001dac                __subdf3
                0x08001db0                __aeabi_dadd
                0x08001db0                __adddf3
                0x08002028                __floatunsidf
                0x08002028                __aeabi_ui2d
                0x08002048                __floatsidf
                0x08002048                __aeabi_i2d
                0x0800206c                __aeabi_f2d
                0x0800206c                __extendsfdf2
                0x080020b0                __floatundidf
                0x080020b0                __aeabi_ul2d
                0x080020c0                __floatdidf
                0x080020c0                __aeabi_l2d
 .text          0x0800211c      0x424 C:/ST/STM32CubeIDE_1.18.0/STM32CubeIDE/plugins/com.st.stm32cube.ide.mcu.externaltools.gnu-tools-for-stm32.13.3.rel1.win32_1.0.0.202411081344/tools/bin/../lib/gcc/arm-none-eabi/13.3.1/thumb/v8-m.main+fp/hard\libgcc.a(_arm_muldivdf3.o)
                0x0800211c                __aeabi_dmul
                0x0800211c                __muldf3
                0x08002370                __divdf3
                0x08002370                __aeabi_ddiv
 .text          0x08002540      0x110 C:/ST/STM32CubeIDE_1.18.0/STM32CubeIDE/plugins/com.st.stm32cube.ide.mcu.externaltools.gnu-tools-for-stm32.13.3.rel1.win32_1.0.0.202411081344/tools/bin/../lib/gcc/arm-none-eabi/13.3.1/thumb/v8-m.main+fp/hard\libgcc.a(_arm_cmpdf2.o)
                0x08002540                __gtdf2
                0x08002540                __gedf2
                0x08002548                __ltdf2
                0x08002548                __ledf2
                0x08002550                __nedf2
                0x08002550                __eqdf2
                0x08002550                __cmpdf2
                0x080025cc                __aeabi_cdrcmple
                0x080025dc                __aeabi_cdcmpeq
                0x080025dc                __aeabi_cdcmple
                0x080025ec                __aeabi_dcmpeq
                0x08002600                __aeabi_dcmplt
                0x08002614                __aeabi_dcmple
                0x08002628                __aeabi_dcmpge
                0x0800263c                __aeabi_dcmpgt
 .text          0x08002650       0x2c C:/ST/STM32CubeIDE_1.18.0/STM32CubeIDE/plugins/com.st.stm32cube.ide.mcu.externaltools.gnu-tools-for-stm32.13.3.rel1.win32_1.0.0.202411081344/tools/bin/../lib/gcc/arm-none-eabi/13.3.1/thumb/v8-m.main+fp/hard\libgcc.a(_arm_unorddf2.o)
                0x08002650                __unorddf2
                0x08002650                __aeabi_dcmpun
 .text          0x0800267c       0x50 C:/ST/STM32CubeIDE_1.18.0/STM32CubeIDE/plugins/com.st.stm32cube.ide.mcu.externaltools.gnu-tools-for-stm32.13.3.rel1.win32_1.0.0.202411081344/tools/bin/../lib/gcc/arm-none-eabi/13.3.1/thumb/v8-m.main+fp/hard\libgcc.a(_arm_fixdfsi.o)
                0x0800267c                __aeabi_d2iz
                0x0800267c                __fixdfsi
 .text          0x080026cc       0x40 C:/ST/STM32CubeIDE_1.18.0/STM32CubeIDE/plugins/com.st.stm32cube.ide.mcu.externaltools.gnu-tools-for-stm32.13.3.rel1.win32_1.0.0.202411081344/tools/bin/../lib/gcc/arm-none-eabi/13.3.1/thumb/v8-m.main+fp/hard\libgcc.a(_arm_fixunsdfsi.o)
                0x080026cc                __aeabi_d2uiz
                0x080026cc                __fixunsdfsi
 .text          0x0800270c       0xa0 C:/ST/STM32CubeIDE_1.18.0/STM32CubeIDE/plugins/com.st.stm32cube.ide.mcu.externaltools.gnu-tools-for-stm32.13.3.rel1.win32_1.0.0.202411081344/tools/bin/../lib/gcc/arm-none-eabi/13.3.1/thumb/v8-m.main+fp/hard\libgcc.a(_arm_truncdfsf2.o)
                0x0800270c                __truncdfsf2
                0x0800270c                __aeabi_d2f
 .text          0x080027ac       0x30 C:/ST/STM32CubeIDE_1.18.0/STM32CubeIDE/plugins/com.st.stm32cube.ide.mcu.externaltools.gnu-tools-for-stm32.13.3.rel1.win32_1.0.0.202411081344/tools/bin/../lib/gcc/arm-none-eabi/13.3.1/thumb/v8-m.main+fp/hard\libgcc.a(_aeabi_uldivmod.o)
                0x080027ac                __aeabi_uldivmod
 .text          0x080027dc       0x30 C:/ST/STM32CubeIDE_1.18.0/STM32CubeIDE/plugins/com.st.stm32cube.ide.mcu.externaltools.gnu-tools-for-stm32.13.3.rel1.win32_1.0.0.202411081344/tools/bin/../lib/gcc/arm-none-eabi/13.3.1/thumb/v8-m.main+fp/hard\libgcc.a(_fixdfdi.o)
                0x080027dc                __fixdfdi
                0x080027dc                __aeabi_d2lz
 .text          0x0800280c       0x3c C:/ST/STM32CubeIDE_1.18.0/STM32CubeIDE/plugins/com.st.stm32cube.ide.mcu.externaltools.gnu-tools-for-stm32.13.3.rel1.win32_1.0.0.202411081344/tools/bin/../lib/gcc/arm-none-eabi/13.3.1/thumb/v8-m.main+fp/hard\libgcc.a(_fixunsdfdi.o)
                0x0800280c                __fixunsdfdi
                0x0800280c                __aeabi_d2ulz
 .text          0x08002848      0x348 C:/ST/STM32CubeIDE_1.18.0/STM32CubeIDE/plugins/com.st.stm32cube.ide.mcu.externaltools.gnu-tools-for-stm32.13.3.rel1.win32_1.0.0.202411081344/tools/bin/../lib/gcc/arm-none-eabi/13.3.1/thumb/v8-m.main+fp/hard\libgcc.a(_udivmoddi4.o)
                0x08002848                __udivmoddi4
 .text          0x08002b90        0x4 C:/ST/STM32CubeIDE_1.18.0/STM32CubeIDE/plugins/com.st.stm32cube.ide.mcu.externaltools.gnu-tools-for-stm32.13.3.rel1.win32_1.0.0.202411081344/tools/bin/../lib/gcc/arm-none-eabi/13.3.1/thumb/v8-m.main+fp/hard\libgcc.a(_dvmd_tls.o)
                0x08002b90                __aeabi_idiv0
                0x08002b90                __aeabi_ldiv0
 *(.text*)
 .text.app_main
                0x08002b94      0x294 ./Core/Src/app_template.o
                0x08002b94                app_main
 .text.ConfigureRadio
                0x08002e28       0xa0 ./Core/Src/app_template.o
 .text.IncrementCounter
                0x08002ec8       0x44 ./Core/Src/app_template.o
 .text.SendCommandFrame
                0x08002f0c      0x114 ./Core/Src/app_template.o
 .text.OnRadioTxDone
                0x08003020       0x34 ./Core/Src/app_template.o
 .text.OnRadioTxTimeout
                0x08003054       0x40 ./Core/Src/app_template.o
 .text.OnRadioRxDone
                0x08003094       0x94 ./Core/Src/app_template.o
 .text.OnRadioRxTimeout
                0x08003128       0x2c ./Core/Src/app_template.o
 .text.OnRadioRxError
                0x08003154       0x2c ./Core/Src/app_template.o
 .text.cmox_ll_init
                0x08003180       0x44 ./Core/Src/cmox_low_level.o
                0x08003180                cmox_ll_init
 .text.cmox_ll_deInit
                0x080031c4       0x16 ./Core/Src/cmox_low_level.o
                0x080031c4                cmox_ll_deInit
 *fill*         0x080031da        0x2 
 .text.btox     0x080031dc       0x80 ./Core/Src/crypto_utils.o
                0x080031dc                btox
 .text.validate_and_process_command
                0x0800325c      0x384 ./Core/Src/crypto_utils.o
                0x0800325c                validate_and_process_command
 .text.create_secure_command_frame
                0x080035e0      0x304 ./Core/Src/crypto_utils.o
                0x080035e0                create_secure_command_frame
 .text.__io_putchar
                0x080038e4       0x40 ./Core/Src/main.o
                0x080038e4                __io_putchar
 .text.HAL_GPIO_EXTI_Falling_Callback
                0x08003924       0x8c ./Core/Src/main.o
                0x08003924                HAL_GPIO_EXTI_Falling_Callback
 .text.main     0x080039b0      0x174 ./Core/Src/main.o
                0x080039b0                main
 .text.SystemClock_Config
                0x08003b24       0x9c ./Core/Src/main.o
                0x08003b24                SystemClock_Config
 .text.MX_CRC_Init
                0x08003bc0       0x44 ./Core/Src/main.o
 .text.MX_I2C1_Init
                0x08003c04       0x7c ./Core/Src/main.o
 .text.MX_RTC_Init
                0x08003c80       0x9c ./Core/Src/main.o
 .text.MX_SPI1_Init
                0x08003d1c       0xdc ./Core/Src/main.o
 .text.MX_USART1_UART_Init
                0x08003df8       0x98 ./Core/Src/main.o
 .text.MX_GPIO_Init
                0x08003e90       0xd4 ./Core/Src/main.o
 .text.Error_Handler
                0x08003f64        0xc ./Core/Src/main.o
                0x08003f64                Error_Handler
 .text.IsEepromReady
                0x08003f70       0x2c ./Core/Src/memory.o
 .text.Memory_Init
                0x08003f9c       0x38 ./Core/Src/memory.o
                0x08003f9c                Memory_Init
 .text.Memory_ReadCounter
                0x08003fd4       0xac ./Core/Src/memory.o
                0x08003fd4                Memory_ReadCounter
 .text.Memory_WriteCounter
                0x08004080       0xdc ./Core/Src/memory.o
                0x08004080                Memory_WriteCounter
 .text.Memory_ReadInitFlag
                0x0800415c       0x68 ./Core/Src/memory.o
                0x0800415c                Memory_ReadInitFlag
 .text.Memory_WriteInitFlag
                0x080041c4       0x98 ./Core/Src/memory.o
                0x080041c4                Memory_WriteInitFlag
 .text.HAL_MspInit
                0x0800425c       0x34 ./Core/Src/stm32u5xx_hal_msp.o
                0x0800425c                HAL_MspInit
 .text.HAL_CRC_MspInit
                0x08004290       0x44 ./Core/Src/stm32u5xx_hal_msp.o
                0x08004290                HAL_CRC_MspInit
 .text.HAL_I2C_MspInit
                0x080042d4       0xd0 ./Core/Src/stm32u5xx_hal_msp.o
                0x080042d4                HAL_I2C_MspInit
 .text.HAL_RTC_MspInit
                0x080043a4       0x98 ./Core/Src/stm32u5xx_hal_msp.o
                0x080043a4                HAL_RTC_MspInit
 .text.HAL_SPI_MspInit
                0x0800443c       0xd4 ./Core/Src/stm32u5xx_hal_msp.o
                0x0800443c                HAL_SPI_MspInit
 .text.HAL_UART_MspInit
                0x08004510       0xd0 ./Core/Src/stm32u5xx_hal_msp.o
                0x08004510                HAL_UART_MspInit
 .text.NMI_Handler
                0x080045e0        0x8 ./Core/Src/stm32u5xx_it.o
                0x080045e0                NMI_Handler
 .text.HardFault_Handler
                0x080045e8        0x8 ./Core/Src/stm32u5xx_it.o
                0x080045e8                HardFault_Handler
 .text.MemManage_Handler
                0x080045f0        0x8 ./Core/Src/stm32u5xx_it.o
                0x080045f0                MemManage_Handler
 .text.BusFault_Handler
                0x080045f8        0x8 ./Core/Src/stm32u5xx_it.o
                0x080045f8                BusFault_Handler
 .text.UsageFault_Handler
                0x08004600        0x8 ./Core/Src/stm32u5xx_it.o
                0x08004600                UsageFault_Handler
 .text.SVC_Handler
                0x08004608        0xe ./Core/Src/stm32u5xx_it.o
                0x08004608                SVC_Handler
 .text.DebugMon_Handler
                0x08004616        0xe ./Core/Src/stm32u5xx_it.o
                0x08004616                DebugMon_Handler
 .text.PendSV_Handler
                0x08004624        0xe ./Core/Src/stm32u5xx_it.o
                0x08004624                PendSV_Handler
 .text.SysTick_Handler
                0x08004632        0xc ./Core/Src/stm32u5xx_it.o
                0x08004632                SysTick_Handler
 .text.EXTI8_IRQHandler
                0x0800463e       0x10 ./Core/Src/stm32u5xx_it.o
                0x0800463e                EXTI8_IRQHandler
 .text._getpid  0x0800464e       0x10 ./Core/Src/syscalls.o
                0x0800464e                _getpid
 .text._kill    0x0800465e       0x20 ./Core/Src/syscalls.o
                0x0800465e                _kill
 .text._exit    0x0800467e       0x16 ./Core/Src/syscalls.o
                0x0800467e                _exit
 .text._read    0x08004694       0x3a ./Core/Src/syscalls.o
                0x08004694                _read
 .text._write   0x080046ce       0x38 ./Core/Src/syscalls.o
                0x080046ce                _write
 .text._close   0x08004706       0x18 ./Core/Src/syscalls.o
                0x08004706                _close
 .text._fstat   0x0800471e       0x20 ./Core/Src/syscalls.o
                0x0800471e                _fstat
 .text._isatty  0x0800473e       0x16 ./Core/Src/syscalls.o
                0x0800473e                _isatty
 .text._lseek   0x08004754       0x1a ./Core/Src/syscalls.o
                0x08004754                _lseek
 *fill*         0x0800476e        0x2 
 .text._sbrk    0x08004770       0x6c ./Core/Src/sysmem.o
                0x08004770                _sbrk
 .text.SystemInit
                0x080047dc       0x70 ./Core/Src/system_stm32u5xx.o
                0x080047dc                SystemInit
 .text.Reset_Handler
                0x0800484c       0x50 ./Core/Startup/startup_stm32u545retxq.o
                0x0800484c                Reset_Handler
 .text.Default_Handler
                0x0800489c        0x2 ./Core/Startup/startup_stm32u545retxq.o
                0x0800489c                TIM8_TRG_COM_IRQHandler
                0x0800489c                TIM8_CC_IRQHandler
                0x0800489c                FLASH_S_IRQHandler
                0x0800489c                TIM1_CC_IRQHandler
                0x0800489c                TSC_IRQHandler
                0x0800489c                TAMP_IRQHandler
                0x0800489c                TIM6_IRQHandler
                0x0800489c                CORDIC_IRQHandler
                0x0800489c                EXTI3_IRQHandler
                0x0800489c                LPTIM4_IRQHandler
                0x0800489c                GPDMA1_Channel5_IRQHandler
                0x0800489c                LPTIM2_IRQHandler
                0x0800489c                I2C3_ER_IRQHandler
                0x0800489c                PWR_S3WU_IRQHandler
                0x0800489c                LPDMA1_Channel3_IRQHandler
                0x0800489c                LPTIM3_IRQHandler
                0x0800489c                I2C2_EV_IRQHandler
                0x0800489c                FPU_IRQHandler
                0x0800489c                GPDMA1_Channel3_IRQHandler
                0x0800489c                GPDMA1_Channel7_IRQHandler
                0x0800489c                FDCAN1_IT1_IRQHandler
                0x0800489c                RAMCFG_IRQHandler
                0x0800489c                GPDMA1_Channel9_IRQHandler
                0x0800489c                DCACHE1_IRQHandler
                0x0800489c                SPI1_IRQHandler
                0x0800489c                OCTOSPI1_IRQHandler
                0x0800489c                GPDMA1_Channel2_IRQHandler
                0x0800489c                TIM8_UP_IRQHandler
                0x0800489c                RCC_S_IRQHandler
                0x0800489c                MDF1_FLT1_IRQHandler
                0x0800489c                ADC1_IRQHandler
                0x0800489c                PKA_IRQHandler
                0x0800489c                TIM17_IRQHandler
                0x0800489c                USART3_IRQHandler
                0x0800489c                UART5_IRQHandler
                0x0800489c                TIM4_IRQHandler
                0x0800489c                I2C1_EV_IRQHandler
                0x0800489c                GPDMA1_Channel12_IRQHandler
                0x0800489c                GPDMA1_Channel1_IRQHandler
                0x0800489c                TIM16_IRQHandler
                0x0800489c                GPDMA1_Channel15_IRQHandler
                0x0800489c                UART4_IRQHandler
                0x0800489c                SecureFault_Handler
                0x0800489c                TIM3_IRQHandler
                0x0800489c                RCC_IRQHandler
                0x0800489c                TIM1_TRG_COM_IRQHandler
                0x0800489c                Default_Handler
                0x0800489c                GPDMA1_Channel8_IRQHandler
                0x0800489c                FMAC_IRQHandler
                0x0800489c                OTFDEC1_IRQHandler
                0x0800489c                GPDMA1_Channel11_IRQHandler
                0x0800489c                TIM7_IRQHandler
                0x0800489c                SDMMC1_IRQHandler
                0x0800489c                SAES_IRQHandler
                0x0800489c                TIM5_IRQHandler
                0x0800489c                GPDMA1_Channel0_IRQHandler
                0x0800489c                TIM15_IRQHandler
                0x0800489c                I2C3_EV_IRQHandler
                0x0800489c                USB_IRQHandler
                0x0800489c                LPDMA1_Channel0_IRQHandler
                0x0800489c                PVD_PVM_IRQHandler
                0x0800489c                SPI2_IRQHandler
                0x0800489c                LPDMA1_Channel1_IRQHandler
                0x0800489c                CRS_IRQHandler
                0x0800489c                GPDMA1_Channel14_IRQHandler
                0x0800489c                LSECSSD_IRQHandler
                0x0800489c                RTC_S_IRQHandler
                0x0800489c                GPDMA1_Channel13_IRQHandler
                0x0800489c                RNG_IRQHandler
                0x0800489c                COMP_IRQHandler
                0x0800489c                TIM1_UP_IRQHandler
                0x0800489c                ADC4_IRQHandler
                0x0800489c                WWDG_IRQHandler
                0x0800489c                I2C4_EV_IRQHandler
                0x0800489c                ADF1_IRQHandler
                0x0800489c                IWDG_IRQHandler
                0x0800489c                LPUART1_IRQHandler
                0x0800489c                MDF1_FLT0_IRQHandler
                0x0800489c                FDCAN1_IT0_IRQHandler
                0x0800489c                TIM2_IRQHandler
                0x0800489c                GPDMA1_Channel4_IRQHandler
                0x0800489c                TIM1_BRK_IRQHandler
                0x0800489c                AES_IRQHandler
                0x0800489c                DAC1_IRQHandler
                0x0800489c                GTZC_IRQHandler
                0x0800489c                GPDMA1_Channel6_IRQHandler
                0x0800489c                I2C2_ER_IRQHandler
                0x0800489c                TIM8_BRK_IRQHandler
                0x0800489c                FLASH_IRQHandler
                0x0800489c                USART1_IRQHandler
                0x0800489c                SPI3_IRQHandler
                0x0800489c                LPDMA1_Channel2_IRQHandler
                0x0800489c                I2C1_ER_IRQHandler
                0x0800489c                LPTIM1_IRQHandler
                0x0800489c                DCMI_PSSI_IRQHandler
                0x0800489c                I2C4_ER_IRQHandler
                0x0800489c                GPDMA1_Channel10_IRQHandler
                0x0800489c                ICACHE_IRQHandler
                0x0800489c                SAI1_IRQHandler
                0x0800489c                HASH_IRQHandler
 *fill*         0x0800489e        0x2 
 .text.HAL_Init
                0x080048a0       0x60 ./Drivers/STM32U5xx_HAL_Driver/Src/stm32u5xx_hal.o
                0x080048a0                HAL_Init
 .text.HAL_InitTick
                0x08004900       0xec ./Drivers/STM32U5xx_HAL_Driver/Src/stm32u5xx_hal.o
                0x08004900                HAL_InitTick
 .text.HAL_IncTick
                0x080049ec       0x28 ./Drivers/STM32U5xx_HAL_Driver/Src/stm32u5xx_hal.o
                0x080049ec                HAL_IncTick
 .text.HAL_GetTick
                0x08004a14       0x18 ./Drivers/STM32U5xx_HAL_Driver/Src/stm32u5xx_hal.o
                0x08004a14                HAL_GetTick
 .text.HAL_Delay
                0x08004a2c       0x48 ./Drivers/STM32U5xx_HAL_Driver/Src/stm32u5xx_hal.o
                0x08004a2c                HAL_Delay
 .text.__NVIC_SetPriorityGrouping
                0x08004a74       0x48 ./Drivers/STM32U5xx_HAL_Driver/Src/stm32u5xx_hal_cortex.o
 .text.__NVIC_GetPriorityGrouping
                0x08004abc       0x1c ./Drivers/STM32U5xx_HAL_Driver/Src/stm32u5xx_hal_cortex.o
 .text.__NVIC_EnableIRQ
                0x08004ad8       0x3c ./Drivers/STM32U5xx_HAL_Driver/Src/stm32u5xx_hal_cortex.o
 .text.__NVIC_SetPriority
                0x08004b14       0x54 ./Drivers/STM32U5xx_HAL_Driver/Src/stm32u5xx_hal_cortex.o
 .text.NVIC_EncodePriority
                0x08004b68       0x66 ./Drivers/STM32U5xx_HAL_Driver/Src/stm32u5xx_hal_cortex.o
 .text.HAL_NVIC_SetPriorityGrouping
                0x08004bce       0x16 ./Drivers/STM32U5xx_HAL_Driver/Src/stm32u5xx_hal_cortex.o
                0x08004bce                HAL_NVIC_SetPriorityGrouping
 .text.HAL_NVIC_SetPriority
                0x08004be4       0x34 ./Drivers/STM32U5xx_HAL_Driver/Src/stm32u5xx_hal_cortex.o
                0x08004be4                HAL_NVIC_SetPriority
 .text.HAL_NVIC_EnableIRQ
                0x08004c18       0x1c ./Drivers/STM32U5xx_HAL_Driver/Src/stm32u5xx_hal_cortex.o
                0x08004c18                HAL_NVIC_EnableIRQ
 .text.HAL_SYSTICK_Config
                0x08004c34       0x44 ./Drivers/STM32U5xx_HAL_Driver/Src/stm32u5xx_hal_cortex.o
                0x08004c34                HAL_SYSTICK_Config
 .text.HAL_SYSTICK_CLKSourceConfig
                0x08004c78       0xb0 ./Drivers/STM32U5xx_HAL_Driver/Src/stm32u5xx_hal_cortex.o
                0x08004c78                HAL_SYSTICK_CLKSourceConfig
 .text.HAL_SYSTICK_GetCLKSourceConfig
                0x08004d28       0x74 ./Drivers/STM32U5xx_HAL_Driver/Src/stm32u5xx_hal_cortex.o
                0x08004d28                HAL_SYSTICK_GetCLKSourceConfig
 .text.HAL_CRC_Init
                0x08004d9c       0xc8 ./Drivers/STM32U5xx_HAL_Driver/Src/stm32u5xx_hal_crc.o
                0x08004d9c                HAL_CRC_Init
 .text.HAL_CRCEx_Polynomial_Set
                0x08004e64      0x11c ./Drivers/STM32U5xx_HAL_Driver/Src/stm32u5xx_hal_crc_ex.o
                0x08004e64                HAL_CRCEx_Polynomial_Set
 .text.HAL_GPIO_Init
                0x08004f80      0x3b0 ./Drivers/STM32U5xx_HAL_Driver/Src/stm32u5xx_hal_gpio.o
                0x08004f80                HAL_GPIO_Init
 .text.HAL_GPIO_ReadPin
                0x08005330       0x30 ./Drivers/STM32U5xx_HAL_Driver/Src/stm32u5xx_hal_gpio.o
                0x08005330                HAL_GPIO_ReadPin
 .text.HAL_GPIO_WritePin
                0x08005360       0x30 ./Drivers/STM32U5xx_HAL_Driver/Src/stm32u5xx_hal_gpio.o
                0x08005360                HAL_GPIO_WritePin
 .text.HAL_GPIO_TogglePin
                0x08005390       0x34 ./Drivers/STM32U5xx_HAL_Driver/Src/stm32u5xx_hal_gpio.o
                0x08005390                HAL_GPIO_TogglePin
 .text.HAL_GPIO_EXTI_IRQHandler
                0x080053c4       0x4c ./Drivers/STM32U5xx_HAL_Driver/Src/stm32u5xx_hal_gpio.o
                0x080053c4                HAL_GPIO_EXTI_IRQHandler
 .text.HAL_I2C_Init
                0x08005410      0x136 ./Drivers/STM32U5xx_HAL_Driver/Src/stm32u5xx_hal_i2c.o
                0x08005410                HAL_I2C_Init
 *fill*         0x08005546        0x2 
 .text.HAL_I2C_Mem_Write
                0x08005548      0x228 ./Drivers/STM32U5xx_HAL_Driver/Src/stm32u5xx_hal_i2c.o
                0x08005548                HAL_I2C_Mem_Write
 .text.HAL_I2C_Mem_Read
                0x08005770      0x234 ./Drivers/STM32U5xx_HAL_Driver/Src/stm32u5xx_hal_i2c.o
                0x08005770                HAL_I2C_Mem_Read
 .text.HAL_I2C_IsDeviceReady
                0x080059a4      0x20a ./Drivers/STM32U5xx_HAL_Driver/Src/stm32u5xx_hal_i2c.o
                0x080059a4                HAL_I2C_IsDeviceReady
 *fill*         0x08005bae        0x2 
 .text.I2C_RequestMemoryWrite
                0x08005bb0       0xa8 ./Drivers/STM32U5xx_HAL_Driver/Src/stm32u5xx_hal_i2c.o
 .text.I2C_RequestMemoryRead
                0x08005c58       0xa8 ./Drivers/STM32U5xx_HAL_Driver/Src/stm32u5xx_hal_i2c.o
 .text.I2C_Flush_TXDR
                0x08005d00       0x48 ./Drivers/STM32U5xx_HAL_Driver/Src/stm32u5xx_hal_i2c.o
 .text.I2C_WaitOnFlagUntilTimeout
                0x08005d48       0xb2 ./Drivers/STM32U5xx_HAL_Driver/Src/stm32u5xx_hal_i2c.o
 .text.I2C_WaitOnTXISFlagUntilTimeout
                0x08005dfa       0x8e ./Drivers/STM32U5xx_HAL_Driver/Src/stm32u5xx_hal_i2c.o
 .text.I2C_WaitOnSTOPFlagUntilTimeout
                0x08005e88       0x86 ./Drivers/STM32U5xx_HAL_Driver/Src/stm32u5xx_hal_i2c.o
 *fill*         0x08005f0e        0x2 
 .text.I2C_IsErrorOccurred
                0x08005f10      0x1c0 ./Drivers/STM32U5xx_HAL_Driver/Src/stm32u5xx_hal_i2c.o
 .text.I2C_TransferConfig
                0x080060d0       0x64 ./Drivers/STM32U5xx_HAL_Driver/Src/stm32u5xx_hal_i2c.o
 .text.HAL_I2CEx_ConfigAnalogFilter
                0x08006134       0x96 ./Drivers/STM32U5xx_HAL_Driver/Src/stm32u5xx_hal_i2c_ex.o
                0x08006134                HAL_I2CEx_ConfigAnalogFilter
 .text.HAL_I2CEx_ConfigDigitalFilter
                0x080061ca       0x98 ./Drivers/STM32U5xx_HAL_Driver/Src/stm32u5xx_hal_i2c_ex.o
                0x080061ca                HAL_I2CEx_ConfigDigitalFilter
 *fill*         0x08006262        0x2 
 .text.HAL_PWREx_ControlVoltageScaling
                0x08006264       0xfc ./Drivers/STM32U5xx_HAL_Driver/Src/stm32u5xx_hal_pwr_ex.o
                0x08006264                HAL_PWREx_ControlVoltageScaling
 .text.HAL_PWREx_GetVoltageRange
                0x08006360       0x1c ./Drivers/STM32U5xx_HAL_Driver/Src/stm32u5xx_hal_pwr_ex.o
                0x08006360                HAL_PWREx_GetVoltageRange
 .text.HAL_RCC_OscConfig
                0x0800637c      0xdb8 ./Drivers/STM32U5xx_HAL_Driver/Src/stm32u5xx_hal_rcc.o
                0x0800637c                HAL_RCC_OscConfig
 .text.HAL_RCC_ClockConfig
                0x08007134      0x3e4 ./Drivers/STM32U5xx_HAL_Driver/Src/stm32u5xx_hal_rcc.o
                0x08007134                HAL_RCC_ClockConfig
 .text.HAL_RCC_GetSysClockFreq
                0x08007518      0x204 ./Drivers/STM32U5xx_HAL_Driver/Src/stm32u5xx_hal_rcc.o
                0x08007518                HAL_RCC_GetSysClockFreq
 .text.HAL_RCC_GetHCLKFreq
                0x0800771c       0x34 ./Drivers/STM32U5xx_HAL_Driver/Src/stm32u5xx_hal_rcc.o
                0x0800771c                HAL_RCC_GetHCLKFreq
 .text.HAL_RCC_GetPCLK1Freq
                0x08007750       0x28 ./Drivers/STM32U5xx_HAL_Driver/Src/stm32u5xx_hal_rcc.o
                0x08007750                HAL_RCC_GetPCLK1Freq
 .text.HAL_RCC_GetPCLK2Freq
                0x08007778       0x28 ./Drivers/STM32U5xx_HAL_Driver/Src/stm32u5xx_hal_rcc.o
                0x08007778                HAL_RCC_GetPCLK2Freq
 .text.HAL_RCC_GetPCLK3Freq
                0x080077a0       0x28 ./Drivers/STM32U5xx_HAL_Driver/Src/stm32u5xx_hal_rcc.o
                0x080077a0                HAL_RCC_GetPCLK3Freq
 .text.RCC_SetFlashLatencyFromMSIRange
                0x080077c8      0x10c ./Drivers/STM32U5xx_HAL_Driver/Src/stm32u5xx_hal_rcc.o
 .text.HAL_RCCEx_PeriphCLKConfig
                0x080078d4      0xa7c ./Drivers/STM32U5xx_HAL_Driver/Src/stm32u5xx_hal_rcc_ex.o
                0x080078d4                HAL_RCCEx_PeriphCLKConfig
 .text.HAL_RCCEx_GetPLL1ClockFreq
                0x08008350      0x2b4 ./Drivers/STM32U5xx_HAL_Driver/Src/stm32u5xx_hal_rcc_ex.o
                0x08008350                HAL_RCCEx_GetPLL1ClockFreq
 .text.HAL_RCCEx_GetPLL2ClockFreq
                0x08008604      0x2b4 ./Drivers/STM32U5xx_HAL_Driver/Src/stm32u5xx_hal_rcc_ex.o
                0x08008604                HAL_RCCEx_GetPLL2ClockFreq
 .text.HAL_RCCEx_GetPLL3ClockFreq
                0x080088b8      0x2b4 ./Drivers/STM32U5xx_HAL_Driver/Src/stm32u5xx_hal_rcc_ex.o
                0x080088b8                HAL_RCCEx_GetPLL3ClockFreq
 .text.HAL_RCCEx_GetPeriphCLKFreq
                0x08008b6c     0x1284 ./Drivers/STM32U5xx_HAL_Driver/Src/stm32u5xx_hal_rcc_ex.o
                0x08008b6c                HAL_RCCEx_GetPeriphCLKFreq
 .text.RCCEx_PLL2_Config
                0x08009df0      0x130 ./Drivers/STM32U5xx_HAL_Driver/Src/stm32u5xx_hal_rcc_ex.o
 .text.RCCEx_PLL3_Config
                0x08009f20      0x130 ./Drivers/STM32U5xx_HAL_Driver/Src/stm32u5xx_hal_rcc_ex.o
 .text.HAL_RTC_Init
                0x0800a050      0x114 ./Drivers/STM32U5xx_HAL_Driver/Src/stm32u5xx_hal_rtc.o
                0x0800a050                HAL_RTC_Init
 .text.HAL_RTC_SetTime
                0x0800a164      0x138 ./Drivers/STM32U5xx_HAL_Driver/Src/stm32u5xx_hal_rtc.o
                0x0800a164                HAL_RTC_SetTime
 .text.HAL_RTC_GetTime
                0x0800a29c       0xe4 ./Drivers/STM32U5xx_HAL_Driver/Src/stm32u5xx_hal_rtc.o
                0x0800a29c                HAL_RTC_GetTime
 .text.HAL_RTC_SetDate
                0x0800a380      0x10c ./Drivers/STM32U5xx_HAL_Driver/Src/stm32u5xx_hal_rtc.o
                0x0800a380                HAL_RTC_SetDate
 .text.HAL_RTC_GetDate
                0x0800a48c       0x9c ./Drivers/STM32U5xx_HAL_Driver/Src/stm32u5xx_hal_rtc.o
                0x0800a48c                HAL_RTC_GetDate
 .text.HAL_RTC_SetAlarm_IT
                0x0800a528      0x200 ./Drivers/STM32U5xx_HAL_Driver/Src/stm32u5xx_hal_rtc.o
                0x0800a528                HAL_RTC_SetAlarm_IT
 .text.HAL_RTC_DeactivateAlarm
                0x0800a728       0x84 ./Drivers/STM32U5xx_HAL_Driver/Src/stm32u5xx_hal_rtc.o
                0x0800a728                HAL_RTC_DeactivateAlarm
 .text.HAL_RTC_GetAlarm
                0x0800a7ac      0x17c ./Drivers/STM32U5xx_HAL_Driver/Src/stm32u5xx_hal_rtc.o
                0x0800a7ac                HAL_RTC_GetAlarm
 .text.HAL_RTC_AlarmIRQHandler
                0x0800a928       0x50 ./Drivers/STM32U5xx_HAL_Driver/Src/stm32u5xx_hal_rtc.o
                0x0800a928                HAL_RTC_AlarmIRQHandler
 .text.HAL_RTC_AlarmAEventCallback
                0x0800a978       0x14 ./Drivers/STM32U5xx_HAL_Driver/Src/stm32u5xx_hal_rtc.o
                0x0800a978                HAL_RTC_AlarmAEventCallback
 .text.HAL_RTC_WaitForSynchro
                0x0800a98c       0x64 ./Drivers/STM32U5xx_HAL_Driver/Src/stm32u5xx_hal_rtc.o
                0x0800a98c                HAL_RTC_WaitForSynchro
 .text.RTC_EnterInitMode
                0x0800a9f0       0x78 ./Drivers/STM32U5xx_HAL_Driver/Src/stm32u5xx_hal_rtc.o
                0x0800a9f0                RTC_EnterInitMode
 .text.RTC_ExitInitMode
                0x0800aa68       0x7c ./Drivers/STM32U5xx_HAL_Driver/Src/stm32u5xx_hal_rtc.o
                0x0800aa68                RTC_ExitInitMode
 .text.RTC_ByteToBcd2
                0x0800aae4       0x40 ./Drivers/STM32U5xx_HAL_Driver/Src/stm32u5xx_hal_rtc.o
                0x0800aae4                RTC_ByteToBcd2
 .text.RTC_Bcd2ToByte
                0x0800ab24       0x38 ./Drivers/STM32U5xx_HAL_Driver/Src/stm32u5xx_hal_rtc.o
                0x0800ab24                RTC_Bcd2ToByte
 .text.HAL_RTCEx_DeactivateWakeUpTimer
                0x0800ab5c       0x5c ./Drivers/STM32U5xx_HAL_Driver/Src/stm32u5xx_hal_rtc_ex.o
                0x0800ab5c                HAL_RTCEx_DeactivateWakeUpTimer
 .text.HAL_RTCEx_AlarmBEventCallback
                0x0800abb8       0x14 ./Drivers/STM32U5xx_HAL_Driver/Src/stm32u5xx_hal_rtc_ex.o
                0x0800abb8                HAL_RTCEx_AlarmBEventCallback
 .text.HAL_RTCEx_PrivilegeModeSet
                0x0800abcc       0x5c ./Drivers/STM32U5xx_HAL_Driver/Src/stm32u5xx_hal_rtc_ex.o
                0x0800abcc                HAL_RTCEx_PrivilegeModeSet
 .text.HAL_SPI_Init
                0x0800ac28      0x22c ./Drivers/STM32U5xx_HAL_Driver/Src/stm32u5xx_hal_spi.o
                0x0800ac28                HAL_SPI_Init
 .text.HAL_SPI_Transmit
                0x0800ae54      0x428 ./Drivers/STM32U5xx_HAL_Driver/Src/stm32u5xx_hal_spi.o
                0x0800ae54                HAL_SPI_Transmit
 .text.HAL_SPI_Receive
                0x0800b27c      0x534 ./Drivers/STM32U5xx_HAL_Driver/Src/stm32u5xx_hal_spi.o
                0x0800b27c                HAL_SPI_Receive
 .text.HAL_SPI_GetState
                0x0800b7b0       0x1c ./Drivers/STM32U5xx_HAL_Driver/Src/stm32u5xx_hal_spi.o
                0x0800b7b0                HAL_SPI_GetState
 .text.SPI_CloseTransfer
                0x0800b7cc      0x140 ./Drivers/STM32U5xx_HAL_Driver/Src/stm32u5xx_hal_spi.o
 .text.SPI_WaitOnFlagUntilTimeout
                0x0800b90c       0x5c ./Drivers/STM32U5xx_HAL_Driver/Src/stm32u5xx_hal_spi.o
 .text.SPI_GetPacketSize
                0x0800b968       0x36 ./Drivers/STM32U5xx_HAL_Driver/Src/stm32u5xx_hal_spi.o
 .text.HAL_SPIEx_SetConfigAutonomousMode
                0x0800b99e       0x82 ./Drivers/STM32U5xx_HAL_Driver/Src/stm32u5xx_hal_spi_ex.o
                0x0800b99e                HAL_SPIEx_SetConfigAutonomousMode
 .text.HAL_UART_Init
                0x0800ba20       0xa0 ./Drivers/STM32U5xx_HAL_Driver/Src/stm32u5xx_hal_uart.o
                0x0800ba20                HAL_UART_Init
 .text.HAL_UART_Transmit
                0x0800bac0      0x11c ./Drivers/STM32U5xx_HAL_Driver/Src/stm32u5xx_hal_uart.o
                0x0800bac0                HAL_UART_Transmit
 .text.UART_SetConfig
                0x0800bbdc      0x330 ./Drivers/STM32U5xx_HAL_Driver/Src/stm32u5xx_hal_uart.o
                0x0800bbdc                UART_SetConfig
 .text.UART_AdvFeatureConfig
                0x0800bf0c      0x144 ./Drivers/STM32U5xx_HAL_Driver/Src/stm32u5xx_hal_uart.o
                0x0800bf0c                UART_AdvFeatureConfig
 .text.UART_CheckIdleState
                0x0800c050      0x154 ./Drivers/STM32U5xx_HAL_Driver/Src/stm32u5xx_hal_uart.o
                0x0800c050                UART_CheckIdleState
 .text.UART_WaitOnFlagUntilTimeout
                0x0800c1a4       0xda ./Drivers/STM32U5xx_HAL_Driver/Src/stm32u5xx_hal_uart.o
                0x0800c1a4                UART_WaitOnFlagUntilTimeout
 .text.UART_EndRxTransfer
                0x0800c27e       0xcc ./Drivers/STM32U5xx_HAL_Driver/Src/stm32u5xx_hal_uart.o
 .text.HAL_UARTEx_DisableFifoMode
                0x0800c34a       0x72 ./Drivers/STM32U5xx_HAL_Driver/Src/stm32u5xx_hal_uart_ex.o
                0x0800c34a                HAL_UARTEx_DisableFifoMode
 .text.HAL_UARTEx_SetTxFifoThreshold
                0x0800c3bc       0x7c ./Drivers/STM32U5xx_HAL_Driver/Src/stm32u5xx_hal_uart_ex.o
                0x0800c3bc                HAL_UARTEx_SetTxFifoThreshold
 .text.HAL_UARTEx_SetRxFifoThreshold
                0x0800c438       0x7c ./Drivers/STM32U5xx_HAL_Driver/Src/stm32u5xx_hal_uart_ex.o
                0x0800c438                HAL_UARTEx_SetRxFifoThreshold
 .text.UARTEx_SetNbDataToProcess
                0x0800c4b4       0x9c ./Drivers/STM32U5xx_HAL_Driver/Src/stm32u5xx_hal_uart_ex.o
 .text.BoardInitPeriph
                0x0800c550       0x6c ./Radio/board.o
                0x0800c550                BoardInitPeriph
 .text.BoardInitMcu
                0x0800c5bc       0x50 ./Radio/board.o
                0x0800c5bc                BoardInitMcu
 .text.DelayMs  0x0800c60c       0x16 ./Radio/delay.o
                0x0800c60c                DelayMs
 *fill*         0x0800c622        0x2 
 .text.GpioMcuInit
                0x0800c624      0x1cc ./Radio/gpio-board.o
                0x0800c624                GpioMcuInit
 .text.GpioMcuSetInterrupt
                0x0800c7f0      0x284 ./Radio/gpio-board.o
                0x0800c7f0                GpioMcuSetInterrupt
 .text.GpioMcuWrite
                0x0800ca74       0x36 ./Radio/gpio-board.o
                0x0800ca74                GpioMcuWrite
 .text.EXTI0_IRQHandler
                0x0800caaa       0x12 ./Radio/gpio-board.o
                0x0800caaa                EXTI0_IRQHandler
 .text.EXTI1_IRQHandler
                0x0800cabc       0x12 ./Radio/gpio-board.o
                0x0800cabc                EXTI1_IRQHandler
 .text.EXTI2_IRQHandler
                0x0800cace       0x12 ./Radio/gpio-board.o
                0x0800cace                EXTI2_IRQHandler
 .text.EXTI4_IRQHandler
                0x0800cae0       0x12 ./Radio/gpio-board.o
                0x0800cae0                EXTI4_IRQHandler
 .text.EXTI5_IRQHandler
                0x0800caf2       0x12 ./Radio/gpio-board.o
                0x0800caf2                EXTI5_IRQHandler
 .text.EXTI6_IRQHandler
                0x0800cb04       0x12 ./Radio/gpio-board.o
                0x0800cb04                EXTI6_IRQHandler
 .text.EXTI7_IRQHandler
                0x0800cb16       0x12 ./Radio/gpio-board.o
                0x0800cb16                EXTI7_IRQHandler
 .text.EXTI9_IRQHandler
                0x0800cb28       0x14 ./Radio/gpio-board.o
                0x0800cb28                EXTI9_IRQHandler
 .text.EXTI10_IRQHandler
                0x0800cb3c       0x14 ./Radio/gpio-board.o
                0x0800cb3c                EXTI10_IRQHandler
 .text.EXTI11_IRQHandler
                0x0800cb50       0x14 ./Radio/gpio-board.o
                0x0800cb50                EXTI11_IRQHandler
 .text.EXTI12_IRQHandler
                0x0800cb64       0x14 ./Radio/gpio-board.o
                0x0800cb64                EXTI12_IRQHandler
 .text.EXTI13_IRQHandler
                0x0800cb78       0x14 ./Radio/gpio-board.o
                0x0800cb78                EXTI13_IRQHandler
 .text.EXTI14_IRQHandler
                0x0800cb8c       0x14 ./Radio/gpio-board.o
                0x0800cb8c                EXTI14_IRQHandler
 .text.EXTI15_IRQHandler
                0x0800cba0       0x14 ./Radio/gpio-board.o
                0x0800cba0                EXTI15_IRQHandler
 .text.HAL_GPIO_EXTI_Rising_Callback
                0x0800cbb4       0x4c ./Radio/gpio-board.o
                0x0800cbb4                HAL_GPIO_EXTI_Rising_Callback
 .text.GpioInit
                0x0800cc00       0x48 ./Radio/gpio.o
                0x0800cc00                GpioInit
 .text.GpioSetInterrupt
                0x0800cc48       0x36 ./Radio/gpio.o
                0x0800cc48                GpioSetInterrupt
 .text.GpioWrite
                0x0800cc7e       0x2a ./Radio/gpio.o
                0x0800cc7e                GpioWrite
 .text.RtcInit  0x0800cca8       0xc8 ./Radio/rtc-board.o
                0x0800cca8                RtcInit
 .text.RtcSetTimeout
                0x0800cd70       0x16 ./Radio/rtc-board.o
                0x0800cd70                RtcSetTimeout
 *fill*         0x0800cd86        0x2 
 .text.RtcGetAdjustedTimeoutValue
                0x0800cd88       0x70 ./Radio/rtc-board.o
                0x0800cd88                RtcGetAdjustedTimeoutValue
 .text.RtcGetElapsedAlarmTime
                0x0800cdf8       0x44 ./Radio/rtc-board.o
                0x0800cdf8                RtcGetElapsedAlarmTime
 .text.BlockLowPowerDuringTask
                0x0800ce3c       0x28 ./Radio/rtc-board.o
                0x0800ce3c                BlockLowPowerDuringTask
 .text.RtcRecoverMcuStatus
                0x0800ce64        0xe ./Radio/rtc-board.o
                0x0800ce64                RtcRecoverMcuStatus
 *fill*         0x0800ce72        0x2 
 .text.RtcComputeWakeUpTime
                0x0800ce74       0xcc ./Radio/rtc-board.o
 .text.RtcStartWakeUpAlarm
                0x0800cf40       0xa0 ./Radio/rtc-board.o
 .text.RtcComputeTimerTimeToAlarmTick
                0x0800cfe0      0x3a0 ./Radio/rtc-board.o
 .text.RtcConvertCalendarTickToTimerTime
                0x0800d380      0x1e8 ./Radio/rtc-board.o
 .text.RtcCheckCalendarRollOver
                0x0800d568       0x4c ./Radio/rtc-board.o
 .text.RtcGetCalendar
                0x0800d5b4       0x5c ./Radio/rtc-board.o
 .text.RTC_IRQHandler
                0x0800d610       0x30 ./Radio/rtc-board.o
                0x0800d610                RTC_IRQHandler
 .text.SpiInit  0x0800d640      0x120 ./Radio/spi-board.o
                0x0800d640                SpiInit
 .text.SpiFormat
                0x0800d760       0xc2 ./Radio/spi-board.o
                0x0800d760                SpiFormat
 *fill*         0x0800d822        0x2 
 .text.SX1276IoInit
                0x0800d824       0xb4 ./Radio/sx1276-board.o
                0x0800d824                SX1276IoInit
 .text.SX1276IoIrqInit
                0x0800d8d8       0x88 ./Radio/sx1276-board.o
                0x0800d8d8                SX1276IoIrqInit
 .text.SX1276GetPaSelect
                0x0800d960       0x16 ./Radio/sx1276-board.o
                0x0800d960                SX1276GetPaSelect
 *fill*         0x0800d976        0x2 
 .text.SX1276SetAntSwLowPower
                0x0800d978       0x3c ./Radio/sx1276-board.o
                0x0800d978                SX1276SetAntSwLowPower
 .text.SX1276AntSwInit
                0x0800d9b4       0x3c ./Radio/sx1276-board.o
                0x0800d9b4                SX1276AntSwInit
 .text.SX1276AntSwDeInit
                0x0800d9f0       0x3c ./Radio/sx1276-board.o
                0x0800d9f0                SX1276AntSwDeInit
 .text.SX1276SetAntSw
                0x0800da2c       0x44 ./Radio/sx1276-board.o
                0x0800da2c                SX1276SetAntSw
 .text.SX1276CheckRfFrequency
                0x0800da70       0x16 ./Radio/sx1276-board.o
                0x0800da70                SX1276CheckRfFrequency
 .text.TimerInit
                0x0800da86       0x34 ./Radio/timer.o
                0x0800da86                TimerInit
 *fill*         0x0800daba        0x2 
 .text.TimerStart
                0x0800dabc       0xb4 ./Radio/timer.o
                0x0800dabc                TimerStart
 .text.TimerInsertTimer
                0x0800db70       0xdc ./Radio/timer.o
 .text.TimerInsertNewHeadTimer
                0x0800dc4c       0x50 ./Radio/timer.o
 .text.TimerIrqHandler
                0x0800dc9c       0xb0 ./Radio/timer.o
                0x0800dc9c                TimerIrqHandler
 .text.TimerStop
                0x0800dd4c      0x140 ./Radio/timer.o
                0x0800dd4c                TimerStop
 .text.TimerExists
                0x0800de8c       0x3c ./Radio/timer.o
 .text.TimerSetValue
                0x0800dec8       0x24 ./Radio/timer.o
                0x0800dec8                TimerSetValue
 .text.TimerGetValue
                0x0800deec        0xe ./Radio/timer.o
                0x0800deec                TimerGetValue
 *fill*         0x0800defa        0x2 
 .text.TimerSetTimeout
                0x0800defc       0x34 ./Radio/timer.o
 .text.memcpy1  0x0800df30       0x38 ./Radio/utilities.o
                0x0800df30                memcpy1
 .text.SX1276Init
                0x0800df68       0xbc ./Radio/sx1276/sx1276.o
                0x0800df68                SX1276Init
 .text.SX1276GetStatus
                0x0800e024       0x18 ./Radio/sx1276/sx1276.o
                0x0800e024                SX1276GetStatus
 *fill*         0x0800e03c        0x4 
 .text.SX1276SetChannel
                0x0800e040       0x6c ./Radio/sx1276/sx1276.o
                0x0800e040                SX1276SetChannel
 .text.SX1276IsChannelFree
                0x0800e0ac       0x58 ./Radio/sx1276/sx1276.o
                0x0800e0ac                SX1276IsChannelFree
 .text.SX1276Random
                0x0800e104       0x5c ./Radio/sx1276/sx1276.o
                0x0800e104                SX1276Random
 .text.RxChainCalibration
                0x0800e160       0xd4 ./Radio/sx1276/sx1276.o
 .text.GetFskBandwidthRegValue
                0x0800e234       0x58 ./Radio/sx1276/sx1276.o
 *fill*         0x0800e28c        0x4 
 .text.SX1276SetRxConfig
                0x0800e290      0x3c8 ./Radio/sx1276/sx1276.o
                0x0800e290                SX1276SetRxConfig
 .text.SX1276SetTxConfig
                0x0800e658      0x480 ./Radio/sx1276/sx1276.o
                0x0800e658                SX1276SetTxConfig
 .text.SX1276GetTimeOnAir
                0x0800ead8      0x380 ./Radio/sx1276/sx1276.o
                0x0800ead8                SX1276GetTimeOnAir
 .text.SX1276Send
                0x0800ee58      0x168 ./Radio/sx1276/sx1276.o
                0x0800ee58                SX1276Send
 .text.SX1276SetSleep
                0x0800efc0       0x30 ./Radio/sx1276/sx1276.o
                0x0800efc0                SX1276SetSleep
 .text.SX1276SetStby
                0x0800eff0       0x30 ./Radio/sx1276/sx1276.o
                0x0800eff0                SX1276SetStby
 .text.SX1276SetRx
                0x0800f020      0x4a8 ./Radio/sx1276/sx1276.o
                0x0800f020                SX1276SetRx
 .text.SX1276SetTx
                0x0800f4c8       0xf0 ./Radio/sx1276/sx1276.o
                0x0800f4c8                SX1276SetTx
 .text.SX1276StartCad
                0x0800f5b8       0x4c ./Radio/sx1276/sx1276.o
                0x0800f5b8                SX1276StartCad
 .text.SX1276ReadRssi
                0x0800f604       0x78 ./Radio/sx1276/sx1276.o
                0x0800f604                SX1276ReadRssi
 .text.SX1276Reset
                0x0800f67c       0x44 ./Radio/sx1276/sx1276.o
                0x0800f67c                SX1276Reset
 .text.SX1276SetOpMode
                0x0800f6c0       0x5c ./Radio/sx1276/sx1276.o
                0x0800f6c0                SX1276SetOpMode
 .text.SX1276SetModem
                0x0800f71c       0x84 ./Radio/sx1276/sx1276.o
                0x0800f71c                SX1276SetModem
 .text.SX1276Write
                0x0800f7a0       0x24 ./Radio/sx1276/sx1276.o
                0x0800f7a0                SX1276Write
 .text.SX1276Read
                0x0800f7c4       0x22 ./Radio/sx1276/sx1276.o
                0x0800f7c4                SX1276Read
 *fill*         0x0800f7e6        0x2 
 .text.SX1276WriteBuffer
                0x0800f7e8       0x58 ./Radio/sx1276/sx1276.o
                0x0800f7e8                SX1276WriteBuffer
 .text.SX1276ReadBuffer
                0x0800f840       0x74 ./Radio/sx1276/sx1276.o
                0x0800f840                SX1276ReadBuffer
 .text.SX1276WriteFifo
                0x0800f8b4       0x20 ./Radio/sx1276/sx1276.o
                0x0800f8b4                SX1276WriteFifo
 .text.SX1276ReadFifo
                0x0800f8d4       0x20 ./Radio/sx1276/sx1276.o
                0x0800f8d4                SX1276ReadFifo
 .text.SX1276SetMaxPayloadLength
                0x0800f8f4       0x5c ./Radio/sx1276/sx1276.o
                0x0800f8f4                SX1276SetMaxPayloadLength
 .text.SX1276OnTimeoutIrq
                0x0800f950       0xdc ./Radio/sx1276/sx1276.o
                0x0800f950                SX1276OnTimeoutIrq
 .text.SX1276OnDio0Irq
                0x0800fa2c      0x458 ./Radio/sx1276/sx1276.o
                0x0800fa2c                SX1276OnDio0Irq
 .text.SX1276OnDio1Irq
                0x0800fe84      0x1c4 ./Radio/sx1276/sx1276.o
                0x0800fe84                SX1276OnDio1Irq
 .text.SX1276OnDio2Irq
                0x08010048      0x17c ./Radio/sx1276/sx1276.o
                0x08010048                SX1276OnDio2Irq
 .text.SX1276OnDio3Irq
                0x080101c4       0x84 ./Radio/sx1276/sx1276.o
                0x080101c4                SX1276OnDio3Irq
 .text.SX1276OnDio4Irq
                0x08010248       0x3c ./Radio/sx1276/sx1276.o
                0x08010248                SX1276OnDio4Irq
 .text.__cvt    0x08010284       0xca C:/ST/STM32CubeIDE_1.18.0/STM32CubeIDE/plugins/com.st.stm32cube.ide.mcu.externaltools.gnu-tools-for-stm32.13.3.rel1.win32_1.0.0.202411081344/tools/bin/../lib/gcc/arm-none-eabi/13.3.1/../../../../arm-none-eabi/lib/thumb/v8-m.main+fp/hard\libc_nano.a(libc_a-nano-vfprintf_float.o)
                0x08010284                __cvt
 .text.__exponent
                0x0801034e       0x72 C:/ST/STM32CubeIDE_1.18.0/STM32CubeIDE/plugins/com.st.stm32cube.ide.mcu.externaltools.gnu-tools-for-stm32.13.3.rel1.win32_1.0.0.202411081344/tools/bin/../lib/gcc/arm-none-eabi/13.3.1/../../../../arm-none-eabi/lib/thumb/v8-m.main+fp/hard\libc_nano.a(libc_a-nano-vfprintf_float.o)
                0x0801034e                __exponent
 .text._printf_float
                0x080103c0      0x454 C:/ST/STM32CubeIDE_1.18.0/STM32CubeIDE/plugins/com.st.stm32cube.ide.mcu.externaltools.gnu-tools-for-stm32.13.3.rel1.win32_1.0.0.202411081344/tools/bin/../lib/gcc/arm-none-eabi/13.3.1/../../../../arm-none-eabi/lib/thumb/v8-m.main+fp/hard\libc_nano.a(libc_a-nano-vfprintf_float.o)
                0x080103c0                _printf_float
 .text._printf_common
                0x08010814       0xe4 C:/ST/STM32CubeIDE_1.18.0/STM32CubeIDE/plugins/com.st.stm32cube.ide.mcu.externaltools.gnu-tools-for-stm32.13.3.rel1.win32_1.0.0.202411081344/tools/bin/../lib/gcc/arm-none-eabi/13.3.1/../../../../arm-none-eabi/lib/thumb/v8-m.main+fp/hard\libc_nano.a(libc_a-nano-vfprintf_i.o)
                0x08010814                _printf_common
 .text._printf_i
                0x080108f8      0x23c C:/ST/STM32CubeIDE_1.18.0/STM32CubeIDE/plugins/com.st.stm32cube.ide.mcu.externaltools.gnu-tools-for-stm32.13.3.rel1.win32_1.0.0.202411081344/tools/bin/../lib/gcc/arm-none-eabi/13.3.1/../../../../arm-none-eabi/lib/thumb/v8-m.main+fp/hard\libc_nano.a(libc_a-nano-vfprintf_i.o)
                0x080108f8                _printf_i
 .text._scanf_float
                0x08010b34      0x41c C:/ST/STM32CubeIDE_1.18.0/STM32CubeIDE/plugins/com.st.stm32cube.ide.mcu.externaltools.gnu-tools-for-stm32.13.3.rel1.win32_1.0.0.202411081344/tools/bin/../lib/gcc/arm-none-eabi/13.3.1/../../../../arm-none-eabi/lib/thumb/v8-m.main+fp/hard\libc_nano.a(libc_a-nano-vfscanf_float.o)
                0x08010b34                _scanf_float
 .text.std      0x08010f50       0x6c C:/ST/STM32CubeIDE_1.18.0/STM32CubeIDE/plugins/com.st.stm32cube.ide.mcu.externaltools.gnu-tools-for-stm32.13.3.rel1.win32_1.0.0.202411081344/tools/bin/../lib/gcc/arm-none-eabi/13.3.1/../../../../arm-none-eabi/lib/thumb/v8-m.main+fp/hard\libc_nano.a(libc_a-findfp.o)
 .text.stdio_exit_handler
                0x08010fbc       0x18 C:/ST/STM32CubeIDE_1.18.0/STM32CubeIDE/plugins/com.st.stm32cube.ide.mcu.externaltools.gnu-tools-for-stm32.13.3.rel1.win32_1.0.0.202411081344/tools/bin/../lib/gcc/arm-none-eabi/13.3.1/../../../../arm-none-eabi/lib/thumb/v8-m.main+fp/hard\libc_nano.a(libc_a-findfp.o)
 .text.cleanup_stdio
                0x08010fd4       0x40 C:/ST/STM32CubeIDE_1.18.0/STM32CubeIDE/plugins/com.st.stm32cube.ide.mcu.externaltools.gnu-tools-for-stm32.13.3.rel1.win32_1.0.0.202411081344/tools/bin/../lib/gcc/arm-none-eabi/13.3.1/../../../../arm-none-eabi/lib/thumb/v8-m.main+fp/hard\libc_nano.a(libc_a-findfp.o)
 .text.global_stdio_init.part.0
                0x08011014       0x3c C:/ST/STM32CubeIDE_1.18.0/STM32CubeIDE/plugins/com.st.stm32cube.ide.mcu.externaltools.gnu-tools-for-stm32.13.3.rel1.win32_1.0.0.202411081344/tools/bin/../lib/gcc/arm-none-eabi/13.3.1/../../../../arm-none-eabi/lib/thumb/v8-m.main+fp/hard\libc_nano.a(libc_a-findfp.o)
 .text.__sfp_lock_acquire
                0x08011050        0xc C:/ST/STM32CubeIDE_1.18.0/STM32CubeIDE/plugins/com.st.stm32cube.ide.mcu.externaltools.gnu-tools-for-stm32.13.3.rel1.win32_1.0.0.202411081344/tools/bin/../lib/gcc/arm-none-eabi/13.3.1/../../../../arm-none-eabi/lib/thumb/v8-m.main+fp/hard\libc_nano.a(libc_a-findfp.o)
                0x08011050                __sfp_lock_acquire
 .text.__sfp_lock_release
                0x0801105c        0xc C:/ST/STM32CubeIDE_1.18.0/STM32CubeIDE/plugins/com.st.stm32cube.ide.mcu.externaltools.gnu-tools-for-stm32.13.3.rel1.win32_1.0.0.202411081344/tools/bin/../lib/gcc/arm-none-eabi/13.3.1/../../../../arm-none-eabi/lib/thumb/v8-m.main+fp/hard\libc_nano.a(libc_a-findfp.o)
                0x0801105c                __sfp_lock_release
 .text.__sinit  0x08011068       0x30 C:/ST/STM32CubeIDE_1.18.0/STM32CubeIDE/plugins/com.st.stm32cube.ide.mcu.externaltools.gnu-tools-for-stm32.13.3.rel1.win32_1.0.0.202411081344/tools/bin/../lib/gcc/arm-none-eabi/13.3.1/../../../../arm-none-eabi/lib/thumb/v8-m.main+fp/hard\libc_nano.a(libc_a-findfp.o)
                0x08011068                __sinit
 .text._fwalk_sglue
                0x08011098       0x3c C:/ST/STM32CubeIDE_1.18.0/STM32CubeIDE/plugins/com.st.stm32cube.ide.mcu.externaltools.gnu-tools-for-stm32.13.3.rel1.win32_1.0.0.202411081344/tools/bin/../lib/gcc/arm-none-eabi/13.3.1/../../../../arm-none-eabi/lib/thumb/v8-m.main+fp/hard\libc_nano.a(libc_a-fwalk.o)
                0x08011098                _fwalk_sglue
 .text.printf   0x080110d4       0x24 C:/ST/STM32CubeIDE_1.18.0/STM32CubeIDE/plugins/com.st.stm32cube.ide.mcu.externaltools.gnu-tools-for-stm32.13.3.rel1.win32_1.0.0.202411081344/tools/bin/../lib/gcc/arm-none-eabi/13.3.1/../../../../arm-none-eabi/lib/thumb/v8-m.main+fp/hard\libc_nano.a(libc_a-printf.o)
                0x080110d4                iprintf
                0x080110d4                printf
 .text._puts_r  0x080110f8       0xaa C:/ST/STM32CubeIDE_1.18.0/STM32CubeIDE/plugins/com.st.stm32cube.ide.mcu.externaltools.gnu-tools-for-stm32.13.3.rel1.win32_1.0.0.202411081344/tools/bin/../lib/gcc/arm-none-eabi/13.3.1/../../../../arm-none-eabi/lib/thumb/v8-m.main+fp/hard\libc_nano.a(libc_a-puts.o)
                0x080110f8                _puts_r
 *fill*         0x080111a2        0x2 
 .text.puts     0x080111a4       0x10 C:/ST/STM32CubeIDE_1.18.0/STM32CubeIDE/plugins/com.st.stm32cube.ide.mcu.externaltools.gnu-tools-for-stm32.13.3.rel1.win32_1.0.0.202411081344/tools/bin/../lib/gcc/arm-none-eabi/13.3.1/../../../../arm-none-eabi/lib/thumb/v8-m.main+fp/hard\libc_nano.a(libc_a-puts.o)
                0x080111a4                puts
 .text.sprintf  0x080111b4       0x44 C:/ST/STM32CubeIDE_1.18.0/STM32CubeIDE/plugins/com.st.stm32cube.ide.mcu.externaltools.gnu-tools-for-stm32.13.3.rel1.win32_1.0.0.202411081344/tools/bin/../lib/gcc/arm-none-eabi/13.3.1/../../../../arm-none-eabi/lib/thumb/v8-m.main+fp/hard\libc_nano.a(libc_a-sprintf.o)
                0x080111b4                siprintf
                0x080111b4                sprintf
 .text.__sread  0x080111f8       0x22 C:/ST/STM32CubeIDE_1.18.0/STM32CubeIDE/plugins/com.st.stm32cube.ide.mcu.externaltools.gnu-tools-for-stm32.13.3.rel1.win32_1.0.0.202411081344/tools/bin/../lib/gcc/arm-none-eabi/13.3.1/../../../../arm-none-eabi/lib/thumb/v8-m.main+fp/hard\libc_nano.a(libc_a-stdio.o)
                0x080111f8                __sread
 .text.__swrite
                0x0801121a       0x38 C:/ST/STM32CubeIDE_1.18.0/STM32CubeIDE/plugins/com.st.stm32cube.ide.mcu.externaltools.gnu-tools-for-stm32.13.3.rel1.win32_1.0.0.202411081344/tools/bin/../lib/gcc/arm-none-eabi/13.3.1/../../../../arm-none-eabi/lib/thumb/v8-m.main+fp/hard\libc_nano.a(libc_a-stdio.o)
                0x0801121a                __swrite
 .text.__sseek  0x08011252       0x24 C:/ST/STM32CubeIDE_1.18.0/STM32CubeIDE/plugins/com.st.stm32cube.ide.mcu.externaltools.gnu-tools-for-stm32.13.3.rel1.win32_1.0.0.202411081344/tools/bin/../lib/gcc/arm-none-eabi/13.3.1/../../../../arm-none-eabi/lib/thumb/v8-m.main+fp/hard\libc_nano.a(libc_a-stdio.o)
                0x08011252                __sseek
 .text.__sclose
                0x08011276        0x8 C:/ST/STM32CubeIDE_1.18.0/STM32CubeIDE/plugins/com.st.stm32cube.ide.mcu.externaltools.gnu-tools-for-stm32.13.3.rel1.win32_1.0.0.202411081344/tools/bin/../lib/gcc/arm-none-eabi/13.3.1/../../../../arm-none-eabi/lib/thumb/v8-m.main+fp/hard\libc_nano.a(libc_a-stdio.o)
                0x08011276                __sclose
 .text.__swbuf_r
                0x0801127e       0x7c C:/ST/STM32CubeIDE_1.18.0/STM32CubeIDE/plugins/com.st.stm32cube.ide.mcu.externaltools.gnu-tools-for-stm32.13.3.rel1.win32_1.0.0.202411081344/tools/bin/../lib/gcc/arm-none-eabi/13.3.1/../../../../arm-none-eabi/lib/thumb/v8-m.main+fp/hard\libc_nano.a(libc_a-wbuf.o)
                0x0801127e                __swbuf_r
 *fill*         0x080112fa        0x2 
 .text.__swsetup_r
                0x080112fc       0xac C:/ST/STM32CubeIDE_1.18.0/STM32CubeIDE/plugins/com.st.stm32cube.ide.mcu.externaltools.gnu-tools-for-stm32.13.3.rel1.win32_1.0.0.202411081344/tools/bin/../lib/gcc/arm-none-eabi/13.3.1/../../../../arm-none-eabi/lib/thumb/v8-m.main+fp/hard\libc_nano.a(libc_a-wsetup.o)
                0x080112fc                __swsetup_r
 .text.memcmp   0x080113a8       0x20 C:/ST/STM32CubeIDE_1.18.0/STM32CubeIDE/plugins/com.st.stm32cube.ide.mcu.externaltools.gnu-tools-for-stm32.13.3.rel1.win32_1.0.0.202411081344/tools/bin/../lib/gcc/arm-none-eabi/13.3.1/../../../../arm-none-eabi/lib/thumb/v8-m.main+fp/hard\libc_nano.a(libc_a-memcmp.o)
                0x080113a8                memcmp
 .text.memset   0x080113c8       0x10 C:/ST/STM32CubeIDE_1.18.0/STM32CubeIDE/plugins/com.st.stm32cube.ide.mcu.externaltools.gnu-tools-for-stm32.13.3.rel1.win32_1.0.0.202411081344/tools/bin/../lib/gcc/arm-none-eabi/13.3.1/../../../../arm-none-eabi/lib/thumb/v8-m.main+fp/hard\libc_nano.a(libc_a-memset.o)
                0x080113c8                memset
 .text._localeconv_r
                0x080113d8        0x8 C:/ST/STM32CubeIDE_1.18.0/STM32CubeIDE/plugins/com.st.stm32cube.ide.mcu.externaltools.gnu-tools-for-stm32.13.3.rel1.win32_1.0.0.202411081344/tools/bin/../lib/gcc/arm-none-eabi/13.3.1/../../../../arm-none-eabi/lib/thumb/v8-m.main+fp/hard\libc_nano.a(libc_a-localeconv.o)
                0x080113d8                _localeconv_r
 .text._close_r
                0x080113e0       0x20 C:/ST/STM32CubeIDE_1.18.0/STM32CubeIDE/plugins/com.st.stm32cube.ide.mcu.externaltools.gnu-tools-for-stm32.13.3.rel1.win32_1.0.0.202411081344/tools/bin/../lib/gcc/arm-none-eabi/13.3.1/../../../../arm-none-eabi/lib/thumb/v8-m.main+fp/hard\libc_nano.a(libc_a-closer.o)
                0x080113e0                _close_r
 .text._lseek_r
                0x08011400       0x24 C:/ST/STM32CubeIDE_1.18.0/STM32CubeIDE/plugins/com.st.stm32cube.ide.mcu.externaltools.gnu-tools-for-stm32.13.3.rel1.win32_1.0.0.202411081344/tools/bin/../lib/gcc/arm-none-eabi/13.3.1/../../../../arm-none-eabi/lib/thumb/v8-m.main+fp/hard\libc_nano.a(libc_a-lseekr.o)
                0x08011400                _lseek_r
 .text._read_r  0x08011424       0x24 C:/ST/STM32CubeIDE_1.18.0/STM32CubeIDE/plugins/com.st.stm32cube.ide.mcu.externaltools.gnu-tools-for-stm32.13.3.rel1.win32_1.0.0.202411081344/tools/bin/../lib/gcc/arm-none-eabi/13.3.1/../../../../arm-none-eabi/lib/thumb/v8-m.main+fp/hard\libc_nano.a(libc_a-readr.o)
                0x08011424                _read_r
 .text._write_r
                0x08011448       0x24 C:/ST/STM32CubeIDE_1.18.0/STM32CubeIDE/plugins/com.st.stm32cube.ide.mcu.externaltools.gnu-tools-for-stm32.13.3.rel1.win32_1.0.0.202411081344/tools/bin/../lib/gcc/arm-none-eabi/13.3.1/../../../../arm-none-eabi/lib/thumb/v8-m.main+fp/hard\libc_nano.a(libc_a-writer.o)
                0x08011448                _write_r
 .text.__errno  0x0801146c        0xc C:/ST/STM32CubeIDE_1.18.0/STM32CubeIDE/plugins/com.st.stm32cube.ide.mcu.externaltools.gnu-tools-for-stm32.13.3.rel1.win32_1.0.0.202411081344/tools/bin/../lib/gcc/arm-none-eabi/13.3.1/../../../../arm-none-eabi/lib/thumb/v8-m.main+fp/hard\libc_nano.a(libc_a-errno.o)
                0x0801146c                __errno
 .text.__libc_init_array
                0x08011478       0x48 C:/ST/STM32CubeIDE_1.18.0/STM32CubeIDE/plugins/com.st.stm32cube.ide.mcu.externaltools.gnu-tools-for-stm32.13.3.rel1.win32_1.0.0.202411081344/tools/bin/../lib/gcc/arm-none-eabi/13.3.1/../../../../arm-none-eabi/lib/thumb/v8-m.main+fp/hard\libc_nano.a(libc_a-init.o)
                0x08011478                __libc_init_array
 .text.__retarget_lock_init_recursive
                0x080114c0        0x2 C:/ST/STM32CubeIDE_1.18.0/STM32CubeIDE/plugins/com.st.stm32cube.ide.mcu.externaltools.gnu-tools-for-stm32.13.3.rel1.win32_1.0.0.202411081344/tools/bin/../lib/gcc/arm-none-eabi/13.3.1/../../../../arm-none-eabi/lib/thumb/v8-m.main+fp/hard\libc_nano.a(libc_a-lock.o)
                0x080114c0                __retarget_lock_init_recursive
 .text.__retarget_lock_acquire_recursive
                0x080114c2        0x2 C:/ST/STM32CubeIDE_1.18.0/STM32CubeIDE/plugins/com.st.stm32cube.ide.mcu.externaltools.gnu-tools-for-stm32.13.3.rel1.win32_1.0.0.202411081344/tools/bin/../lib/gcc/arm-none-eabi/13.3.1/../../../../arm-none-eabi/lib/thumb/v8-m.main+fp/hard\libc_nano.a(libc_a-lock.o)
                0x080114c2                __retarget_lock_acquire_recursive
 .text.__retarget_lock_release_recursive
                0x080114c4        0x2 C:/ST/STM32CubeIDE_1.18.0/STM32CubeIDE/plugins/com.st.stm32cube.ide.mcu.externaltools.gnu-tools-for-stm32.13.3.rel1.win32_1.0.0.202411081344/tools/bin/../lib/gcc/arm-none-eabi/13.3.1/../../../../arm-none-eabi/lib/thumb/v8-m.main+fp/hard\libc_nano.a(libc_a-lock.o)
                0x080114c4                __retarget_lock_release_recursive
 .text.__aeabi_memcpy
                0x080114c6        0x4 C:/ST/STM32CubeIDE_1.18.0/STM32CubeIDE/plugins/com.st.stm32cube.ide.mcu.externaltools.gnu-tools-for-stm32.13.3.rel1.win32_1.0.0.202411081344/tools/bin/../lib/gcc/arm-none-eabi/13.3.1/../../../../arm-none-eabi/lib/thumb/v8-m.main+fp/hard\libc_nano.a(libc_a-aeabi_memcpy.o)
                0x080114c6                __aeabi_memcpy4
                0x080114c6                __aeabi_memcpy8
                0x080114c6                __aeabi_memcpy
 .text.__aeabi_memclr
                0x080114ca        0x6 C:/ST/STM32CubeIDE_1.18.0/STM32CubeIDE/plugins/com.st.stm32cube.ide.mcu.externaltools.gnu-tools-for-stm32.13.3.rel1.win32_1.0.0.202411081344/tools/bin/../lib/gcc/arm-none-eabi/13.3.1/../../../../arm-none-eabi/lib/thumb/v8-m.main+fp/hard\libc_nano.a(libc_a-aeabi_memclr.o)
                0x080114ca                __aeabi_memclr
                0x080114ca                __aeabi_memclr4
                0x080114ca                __aeabi_memclr8
 .text.memchr   0x080114d0       0x1c C:/ST/STM32CubeIDE_1.18.0/STM32CubeIDE/plugins/com.st.stm32cube.ide.mcu.externaltools.gnu-tools-for-stm32.13.3.rel1.win32_1.0.0.202411081344/tools/bin/../lib/gcc/arm-none-eabi/13.3.1/../../../../arm-none-eabi/lib/thumb/v8-m.main+fp/hard\libc_nano.a(libc_a-memchr-stub.o)
                0x080114d0                memchr
 .text.memcpy   0x080114ec       0x1a C:/ST/STM32CubeIDE_1.18.0/STM32CubeIDE/plugins/com.st.stm32cube.ide.mcu.externaltools.gnu-tools-for-stm32.13.3.rel1.win32_1.0.0.202411081344/tools/bin/../lib/gcc/arm-none-eabi/13.3.1/../../../../arm-none-eabi/lib/thumb/v8-m.main+fp/hard\libc_nano.a(libc_a-memcpy-stub.o)
                0x080114ec                memcpy
 *fill*         0x08011506        0x2 
 .text.nanf     0x08011508        0xc C:/ST/STM32CubeIDE_1.18.0/STM32CubeIDE/plugins/com.st.stm32cube.ide.mcu.externaltools.gnu-tools-for-stm32.13.3.rel1.win32_1.0.0.202411081344/tools/bin/../lib/gcc/arm-none-eabi/13.3.1/../../../../arm-none-eabi/lib/thumb/v8-m.main+fp/hard\libc_nano.a(libm_a-sf_nan.o)
                0x08011508                nanf
 .text.quorem   0x08011514      0x11a C:/ST/STM32CubeIDE_1.18.0/STM32CubeIDE/plugins/com.st.stm32cube.ide.mcu.externaltools.gnu-tools-for-stm32.13.3.rel1.win32_1.0.0.202411081344/tools/bin/../lib/gcc/arm-none-eabi/13.3.1/../../../../arm-none-eabi/lib/thumb/v8-m.main+fp/hard\libc_nano.a(libc_a-dtoa.o)
 *fill*         0x0801162e        0x2 
 .text._dtoa_r  0x08011630      0xba4 C:/ST/STM32CubeIDE_1.18.0/STM32CubeIDE/plugins/com.st.stm32cube.ide.mcu.externaltools.gnu-tools-for-stm32.13.3.rel1.win32_1.0.0.202411081344/tools/bin/../lib/gcc/arm-none-eabi/13.3.1/../../../../arm-none-eabi/lib/thumb/v8-m.main+fp/hard\libc_nano.a(libc_a-dtoa.o)
                0x08011630                _dtoa_r
 .text._free_r  0x080121d4       0x94 C:/ST/STM32CubeIDE_1.18.0/STM32CubeIDE/plugins/com.st.stm32cube.ide.mcu.externaltools.gnu-tools-for-stm32.13.3.rel1.win32_1.0.0.202411081344/tools/bin/../lib/gcc/arm-none-eabi/13.3.1/../../../../arm-none-eabi/lib/thumb/v8-m.main+fp/hard\libc_nano.a(libc_a-freer.o)
                0x080121d4                _free_r
 .text.malloc   0x08012268       0x10 C:/ST/STM32CubeIDE_1.18.0/STM32CubeIDE/plugins/com.st.stm32cube.ide.mcu.externaltools.gnu-tools-for-stm32.13.3.rel1.win32_1.0.0.202411081344/tools/bin/../lib/gcc/arm-none-eabi/13.3.1/../../../../arm-none-eabi/lib/thumb/v8-m.main+fp/hard\libc_nano.a(libc_a-malloc.o)
                0x08012268                malloc
 .text.sbrk_aligned
                0x08012278       0x44 C:/ST/STM32CubeIDE_1.18.0/STM32CubeIDE/plugins/com.st.stm32cube.ide.mcu.externaltools.gnu-tools-for-stm32.13.3.rel1.win32_1.0.0.202411081344/tools/bin/../lib/gcc/arm-none-eabi/13.3.1/../../../../arm-none-eabi/lib/thumb/v8-m.main+fp/hard\libc_nano.a(libc_a-mallocr.o)
 .text._malloc_r
                0x080122bc      0x100 C:/ST/STM32CubeIDE_1.18.0/STM32CubeIDE/plugins/com.st.stm32cube.ide.mcu.externaltools.gnu-tools-for-stm32.13.3.rel1.win32_1.0.0.202411081344/tools/bin/../lib/gcc/arm-none-eabi/13.3.1/../../../../arm-none-eabi/lib/thumb/v8-m.main+fp/hard\libc_nano.a(libc_a-mallocr.o)
                0x080122bc                _malloc_r
 .text.__malloc_lock
                0x080123bc        0xc C:/ST/STM32CubeIDE_1.18.0/STM32CubeIDE/plugins/com.st.stm32cube.ide.mcu.externaltools.gnu-tools-for-stm32.13.3.rel1.win32_1.0.0.202411081344/tools/bin/../lib/gcc/arm-none-eabi/13.3.1/../../../../arm-none-eabi/lib/thumb/v8-m.main+fp/hard\libc_nano.a(libc_a-mlock.o)
                0x080123bc                __malloc_lock
 .text.__malloc_unlock
                0x080123c8        0xc C:/ST/STM32CubeIDE_1.18.0/STM32CubeIDE/plugins/com.st.stm32cube.ide.mcu.externaltools.gnu-tools-for-stm32.13.3.rel1.win32_1.0.0.202411081344/tools/bin/../lib/gcc/arm-none-eabi/13.3.1/../../../../arm-none-eabi/lib/thumb/v8-m.main+fp/hard\libc_nano.a(libc_a-mlock.o)
                0x080123c8                __malloc_unlock
 .text._Balloc  0x080123d4       0x80 C:/ST/STM32CubeIDE_1.18.0/STM32CubeIDE/plugins/com.st.stm32cube.ide.mcu.externaltools.gnu-tools-for-stm32.13.3.rel1.win32_1.0.0.202411081344/tools/bin/../lib/gcc/arm-none-eabi/13.3.1/../../../../arm-none-eabi/lib/thumb/v8-m.main+fp/hard\libc_nano.a(libc_a-mprec.o)
                0x080123d4                _Balloc
 .text._Bfree   0x08012454       0x44 C:/ST/STM32CubeIDE_1.18.0/STM32CubeIDE/plugins/com.st.stm32cube.ide.mcu.externaltools.gnu-tools-for-stm32.13.3.rel1.win32_1.0.0.202411081344/tools/bin/../lib/gcc/arm-none-eabi/13.3.1/../../../../arm-none-eabi/lib/thumb/v8-m.main+fp/hard\libc_nano.a(libc_a-mprec.o)
                0x08012454                _Bfree
 .text.__multadd
                0x08012498       0x90 C:/ST/STM32CubeIDE_1.18.0/STM32CubeIDE/plugins/com.st.stm32cube.ide.mcu.externaltools.gnu-tools-for-stm32.13.3.rel1.win32_1.0.0.202411081344/tools/bin/../lib/gcc/arm-none-eabi/13.3.1/../../../../arm-none-eabi/lib/thumb/v8-m.main+fp/hard\libc_nano.a(libc_a-mprec.o)
                0x08012498                __multadd
 .text.__s2b    0x08012528       0x94 C:/ST/STM32CubeIDE_1.18.0/STM32CubeIDE/plugins/com.st.stm32cube.ide.mcu.externaltools.gnu-tools-for-stm32.13.3.rel1.win32_1.0.0.202411081344/tools/bin/../lib/gcc/arm-none-eabi/13.3.1/../../../../arm-none-eabi/lib/thumb/v8-m.main+fp/hard\libc_nano.a(libc_a-mprec.o)
                0x08012528                __s2b
 .text.__hi0bits
                0x080125bc       0x3e C:/ST/STM32CubeIDE_1.18.0/STM32CubeIDE/plugins/com.st.stm32cube.ide.mcu.externaltools.gnu-tools-for-stm32.13.3.rel1.win32_1.0.0.202411081344/tools/bin/../lib/gcc/arm-none-eabi/13.3.1/../../../../arm-none-eabi/lib/thumb/v8-m.main+fp/hard\libc_nano.a(libc_a-mprec.o)
                0x080125bc                __hi0bits
 .text.__lo0bits
                0x080125fa       0x5a C:/ST/STM32CubeIDE_1.18.0/STM32CubeIDE/plugins/com.st.stm32cube.ide.mcu.externaltools.gnu-tools-for-stm32.13.3.rel1.win32_1.0.0.202411081344/tools/bin/../lib/gcc/arm-none-eabi/13.3.1/../../../../arm-none-eabi/lib/thumb/v8-m.main+fp/hard\libc_nano.a(libc_a-mprec.o)
                0x080125fa                __lo0bits
 .text.__i2b    0x08012654       0x2c C:/ST/STM32CubeIDE_1.18.0/STM32CubeIDE/plugins/com.st.stm32cube.ide.mcu.externaltools.gnu-tools-for-stm32.13.3.rel1.win32_1.0.0.202411081344/tools/bin/../lib/gcc/arm-none-eabi/13.3.1/../../../../arm-none-eabi/lib/thumb/v8-m.main+fp/hard\libc_nano.a(libc_a-mprec.o)
                0x08012654                __i2b
 .text.__multiply
                0x08012680      0x148 C:/ST/STM32CubeIDE_1.18.0/STM32CubeIDE/plugins/com.st.stm32cube.ide.mcu.externaltools.gnu-tools-for-stm32.13.3.rel1.win32_1.0.0.202411081344/tools/bin/../lib/gcc/arm-none-eabi/13.3.1/../../../../arm-none-eabi/lib/thumb/v8-m.main+fp/hard\libc_nano.a(libc_a-mprec.o)
                0x08012680                __multiply
 .text.__pow5mult
                0x080127c8       0xb4 C:/ST/STM32CubeIDE_1.18.0/STM32CubeIDE/plugins/com.st.stm32cube.ide.mcu.externaltools.gnu-tools-for-stm32.13.3.rel1.win32_1.0.0.202411081344/tools/bin/../lib/gcc/arm-none-eabi/13.3.1/../../../../arm-none-eabi/lib/thumb/v8-m.main+fp/hard\libc_nano.a(libc_a-mprec.o)
                0x080127c8                __pow5mult
 .text.__lshift
                0x0801287c       0xd8 C:/ST/STM32CubeIDE_1.18.0/STM32CubeIDE/plugins/com.st.stm32cube.ide.mcu.externaltools.gnu-tools-for-stm32.13.3.rel1.win32_1.0.0.202411081344/tools/bin/../lib/gcc/arm-none-eabi/13.3.1/../../../../arm-none-eabi/lib/thumb/v8-m.main+fp/hard\libc_nano.a(libc_a-mprec.o)
                0x0801287c                __lshift
 .text.__mcmp   0x08012954       0x36 C:/ST/STM32CubeIDE_1.18.0/STM32CubeIDE/plugins/com.st.stm32cube.ide.mcu.externaltools.gnu-tools-for-stm32.13.3.rel1.win32_1.0.0.202411081344/tools/bin/../lib/gcc/arm-none-eabi/13.3.1/../../../../arm-none-eabi/lib/thumb/v8-m.main+fp/hard\libc_nano.a(libc_a-mprec.o)
                0x08012954                __mcmp
 *fill*         0x0801298a        0x2 
 .text.__mdiff  0x0801298c      0x130 C:/ST/STM32CubeIDE_1.18.0/STM32CubeIDE/plugins/com.st.stm32cube.ide.mcu.externaltools.gnu-tools-for-stm32.13.3.rel1.win32_1.0.0.202411081344/tools/bin/../lib/gcc/arm-none-eabi/13.3.1/../../../../arm-none-eabi/lib/thumb/v8-m.main+fp/hard\libc_nano.a(libc_a-mprec.o)
                0x0801298c                __mdiff
 .text.__ulp    0x08012abc       0x4c C:/ST/STM32CubeIDE_1.18.0/STM32CubeIDE/plugins/com.st.stm32cube.ide.mcu.externaltools.gnu-tools-for-stm32.13.3.rel1.win32_1.0.0.202411081344/tools/bin/../lib/gcc/arm-none-eabi/13.3.1/../../../../arm-none-eabi/lib/thumb/v8-m.main+fp/hard\libc_nano.a(libc_a-mprec.o)
                0x08012abc                __ulp
 .text.__b2d    0x08012b08       0x9c C:/ST/STM32CubeIDE_1.18.0/STM32CubeIDE/plugins/com.st.stm32cube.ide.mcu.externaltools.gnu-tools-for-stm32.13.3.rel1.win32_1.0.0.202411081344/tools/bin/../lib/gcc/arm-none-eabi/13.3.1/../../../../arm-none-eabi/lib/thumb/v8-m.main+fp/hard\libc_nano.a(libc_a-mprec.o)
                0x08012b08                __b2d
 .text.__d2b    0x08012ba4       0xb0 C:/ST/STM32CubeIDE_1.18.0/STM32CubeIDE/plugins/com.st.stm32cube.ide.mcu.externaltools.gnu-tools-for-stm32.13.3.rel1.win32_1.0.0.202411081344/tools/bin/../lib/gcc/arm-none-eabi/13.3.1/../../../../arm-none-eabi/lib/thumb/v8-m.main+fp/hard\libc_nano.a(libc_a-mprec.o)
                0x08012ba4                __d2b
 .text.__ratio  0x08012c54       0x64 C:/ST/STM32CubeIDE_1.18.0/STM32CubeIDE/plugins/com.st.stm32cube.ide.mcu.externaltools.gnu-tools-for-stm32.13.3.rel1.win32_1.0.0.202411081344/tools/bin/../lib/gcc/arm-none-eabi/13.3.1/../../../../arm-none-eabi/lib/thumb/v8-m.main+fp/hard\libc_nano.a(libc_a-mprec.o)
                0x08012c54                __ratio
 .text.__copybits
                0x08012cb8       0x46 C:/ST/STM32CubeIDE_1.18.0/STM32CubeIDE/plugins/com.st.stm32cube.ide.mcu.externaltools.gnu-tools-for-stm32.13.3.rel1.win32_1.0.0.202411081344/tools/bin/../lib/gcc/arm-none-eabi/13.3.1/../../../../arm-none-eabi/lib/thumb/v8-m.main+fp/hard\libc_nano.a(libc_a-mprec.o)
                0x08012cb8                __copybits
 .text.__any_on
                0x08012cfe       0x42 C:/ST/STM32CubeIDE_1.18.0/STM32CubeIDE/plugins/com.st.stm32cube.ide.mcu.externaltools.gnu-tools-for-stm32.13.3.rel1.win32_1.0.0.202411081344/tools/bin/../lib/gcc/arm-none-eabi/13.3.1/../../../../arm-none-eabi/lib/thumb/v8-m.main+fp/hard\libc_nano.a(libc_a-mprec.o)
                0x08012cfe                __any_on