Archive member included to satisfy reference by file (symbol)

C:\Users\julek\Desktop\STM32CubeExpansion_Crypto_V4.4.0\Middlewares\ST\STM32_Cryptographic\lib\libSTM32Cryptographic_CM33.a(cmox_cipher.c.o)
                              ./Core/Src/crypto_utils.o (cmox_cipher_decrypt)
C:\Users\julek\Desktop\STM32CubeExpansion_Crypto_V4.4.0\Middlewares\ST\STM32_Cryptographic\lib\libSTM32Cryptographic_CM33.a(cmox_ctr_aesfast.c.o)
                              ./Core/Src/crypto_utils.o (CMOX_AESFAST_CTR_DEC_ALGO)
C:\Users\julek\Desktop\STM32CubeExpansion_Crypto_V4.4.0\Middlewares\ST\STM32_Cryptographic\lib\libSTM32Cryptographic_CM33.a(cmox_hash.c.o)
                              ./Core/Src/crypto_utils.o (cmox_hash_compute)
C:\Users\julek\Desktop\STM32CubeExpansion_Crypto_V4.4.0\Middlewares\ST\STM32_Cryptographic\lib\libSTM32Cryptographic_CM33.a(cmox_hmac_sha256.c.o)
                              ./Core/Src/crypto_utils.o (CMOX_HMAC_SHA256_ALGO)
C:\Users\julek\Desktop\STM32CubeExpansion_Crypto_V4.4.0\Middlewares\ST\STM32_Cryptographic\lib\libSTM32Cryptographic_CM33.a(cmox_init.c.o)
                              ./Core/Src/crypto_utils.o (cmox_finalize)
C:\Users\julek\Desktop\STM32CubeExpansion_Crypto_V4.4.0\Middlewares\ST\STM32_Cryptographic\lib\libSTM32Cryptographic_CM33.a(cmox_mac.c.o)
                              ./Core/Src/crypto_utils.o (cmox_mac_compute)
C:\Users\julek\Desktop\STM32CubeExpansion_Crypto_V4.4.0\Middlewares\ST\STM32_Cryptographic\lib\libSTM32Cryptographic_CM33.a(cmox_sha256.c.o)
                              ./Core/Src/crypto_utils.o (CMOX_SHA256_ALGO)
C:\Users\julek\Desktop\STM32CubeExpansion_Crypto_V4.4.0\Middlewares\ST\STM32_Cryptographic\lib\libSTM32Cryptographic_CM33.a(cmox_sha256_common.c.o)
                              C:\Users\julek\Desktop\STM32CubeExpansion_Crypto_V4.4.0\Middlewares\ST\STM32_Cryptographic\lib\libSTM32Cryptographic_CM33.a(cmox_sha256.c.o) (CMOX_MD_SHA256_VTABLE_ST)
C:\Users\julek\Desktop\STM32CubeExpansion_Crypto_V4.4.0\Middlewares\ST\STM32_Cryptographic\lib\libSTM32Cryptographic_CM33.a(cmox_aesfast_encrypt.c.o)
                              C:\Users\julek\Desktop\STM32CubeExpansion_Crypto_V4.4.0\Middlewares\ST\STM32_Cryptographic\lib\libSTM32Cryptographic_CM33.a(cmox_ctr_aesfast.c.o) (CMOX_AESFAST_ENCRYPT_VTABLE)
C:\Users\julek\Desktop\STM32CubeExpansion_Crypto_V4.4.0\Middlewares\ST\STM32_Cryptographic\lib\libSTM32Cryptographic_CM33.a(cmox_ctr.c.o)
                              C:\Users\julek\Desktop\STM32CubeExpansion_Crypto_V4.4.0\Middlewares\ST\STM32_Cryptographic\lib\libSTM32Cryptographic_CM33.a(cmox_ctr_aesfast.c.o) (cmox_ctr_construct)
C:\Users\julek\Desktop\STM32CubeExpansion_Crypto_V4.4.0\Middlewares\ST\STM32_Cryptographic\lib\libSTM32Cryptographic_CM33.a(cmox_hmac.c.o)
                              C:\Users\julek\Desktop\STM32CubeExpansion_Crypto_V4.4.0\Middlewares\ST\STM32_Cryptographic\lib\libSTM32Cryptographic_CM33.a(cmox_hmac_sha256.c.o) (cmox_hmac_construct)
C:\Users\julek\Desktop\STM32CubeExpansion_Crypto_V4.4.0\Middlewares\ST\STM32_Cryptographic\lib\libSTM32Cryptographic_CM33.a(cmox_md.c.o)
                              C:\Users\julek\Desktop\STM32CubeExpansion_Crypto_V4.4.0\Middlewares\ST\STM32_Cryptographic\lib\libSTM32Cryptographic_CM33.a(cmox_sha256.c.o) (cmox_md_append)
C:\Users\julek\Desktop\STM32CubeExpansion_Crypto_V4.4.0\Middlewares\ST\STM32_Cryptographic\lib\libSTM32Cryptographic_CM33.a(cmox_utils_compare.c.o)
                              C:\Users\julek\Desktop\STM32CubeExpansion_Crypto_V4.4.0\Middlewares\ST\STM32_Cryptographic\lib\libSTM32Cryptographic_CM33.a(cmox_hmac.c.o) (cmox_utils_robustCmp)
C:\Users\julek\Desktop\STM32CubeExpansion_Crypto_V4.4.0\Middlewares\ST\STM32_Cryptographic\lib\libSTM32Cryptographic_CM33.a(cmox_aes_common.c.o)
                              C:\Users\julek\Desktop\STM32CubeExpansion_Crypto_V4.4.0\Middlewares\ST\STM32_Cryptographic\lib\libSTM32Cryptographic_CM33.a(cmox_aesfast_encrypt.c.o) (CMOX_AES_SBOX)
C:\Users\julek\Desktop\STM32CubeExpansion_Crypto_V4.4.0\Middlewares\ST\STM32_Cryptographic\lib\libSTM32Cryptographic_CM33.a(cmox_cipher_modes.c.o)
                              C:\Users\julek\Desktop\STM32CubeExpansion_Crypto_V4.4.0\Middlewares\ST\STM32_Cryptographic\lib\libSTM32Cryptographic_CM33.a(cmox_ctr.c.o) (cmox_cipherMode_init)
C:\Users\julek\Desktop\STM32CubeExpansion_Crypto_V4.4.0\Middlewares\ST\STM32_Cryptographic\lib\libSTM32Cryptographic_CM33.a(cmox_cipher_utils.c.o)
                              C:\Users\julek\Desktop\STM32CubeExpansion_Crypto_V4.4.0\Middlewares\ST\STM32_Cryptographic\lib\libSTM32Cryptographic_CM33.a(cmox_ctr.c.o) (convert_block_2_bytes)
C:/ST/STM32CubeIDE_1.18.0/STM32CubeIDE/plugins/com.st.stm32cube.ide.mcu.externaltools.gnu-tools-for-stm32.13.3.rel1.win32_1.0.0.202411081344/tools/bin/../lib/gcc/arm-none-eabi/13.3.1/../../../../arm-none-eabi/lib/thumb/v8-m.main+fp/hard\libc_nano.a(libc_a-exit.o)
[...]
Memory Configuration

Name             Origin             Length             Attributes
RAM              0x20000000         0x00040000         xrw
SRAM4            0x28000000         0x00004000         xrw
FLASH            0x08000000         0x00080000         xr
*default*        0x00000000         0xffffffff

Linker script and memory map

LOAD C:/ST/STM32CubeIDE_1.18.0/STM32CubeIDE/plugins/com.st.stm32cube.ide.mcu.externaltools.gnu-tools-for-stm32.13.3.rel1.win32_1.0.0.202411081344/tools/bin/../lib/gcc/arm-none-eabi/13.3.1/thumb/v8-m.main+fp/hard/crti.o
LOAD C:/ST/STM32CubeIDE_1.18.0/STM32CubeIDE/plugins/com.st.stm32cube.ide.mcu.externaltools.gnu-tools-for-stm32.13.3.rel1.win32_1.0.0.202411081344/tools/bin/../lib/gcc/arm-none-eabi/13.3.1/thumb/v8-m.main+fp/hard/crtbegin.o
LOAD C:/ST/STM32CubeIDE_1.18.0/STM32CubeIDE/plugins/com.st.stm32cube.ide.mcu.externaltools.gnu-tools-for-stm32.13.3.rel1.win32_1.0.0.202411081344/tools/bin/../lib/gcc/arm-none-eabi/13.3.1/../../../../arm-none-eabi/lib/thumb/v8-m.main+fp/hard/crt0.o
LOAD ./Core/Src/app_template.o
LOAD ./Core/Src/cmox_low_level.o
LOAD ./Core/Src/config.o
LOAD ./Core/Src/crypto_utils.o
LOAD ./Core/Src/main.o
LOAD ./Core/Src/stm32u5xx_hal_msp.o
LOAD ./Core/Src/stm32u5xx_it.o
LOAD ./Core/Src/syscalls.o
LOAD ./Core/Src/sysmem.o
LOAD ./Core/Src/system_stm32u5xx.o
LOAD ./Core/Startup/startup_stm32u545retxq.o
LOAD ./Drivers/STM32U5xx_HAL_Driver/Src/stm32u5xx_hal.o
LOAD ./Drivers/STM32U5xx_HAL_Driver/Src/stm32u5xx_hal_cortex.o
LOAD ./Drivers/STM32U5xx_HAL_Driver/Src/stm32u5xx_hal_crc.o
LOAD ./Drivers/STM32U5xx_HAL_Driver/Src/stm32u5xx_hal_crc_ex.o
LOAD ./Drivers/STM32U5xx_HAL_Driver/Src/stm32u5xx_hal_dma.o
LOAD ./Drivers/STM32U5xx_HAL_Driver/Src/stm32u5xx_hal_dma_ex.o
LOAD ./Drivers/STM32U5xx_HAL_Driver/Src/stm32u5xx_hal_exti.o
LOAD ./Drivers/STM32U5xx_HAL_Driver/Src/stm32u5xx_hal_flash.o
LOAD ./Drivers/STM32U5xx_HAL_Driver/Src/stm32u5xx_hal_flash_ex.o
LOAD ./Drivers/STM32U5xx_HAL_Driver/Src/stm32u5xx_hal_gpio.o
LOAD ./Drivers/STM32U5xx_HAL_Driver/Src/stm32u5xx_hal_gtzc.o
LOAD ./Drivers/STM32U5xx_HAL_Driver/Src/stm32u5xx_hal_i2c.o
LOAD ./Drivers/STM32U5xx_HAL_Driver/Src/stm32u5xx_hal_i2c_ex.o
LOAD ./Drivers/STM32U5xx_HAL_Driver/Src/stm32u5xx_hal_icache.o
LOAD ./Drivers/STM32U5xx_HAL_Driver/Src/stm32u5xx_hal_pwr.o
LOAD ./Drivers/STM32U5xx_HAL_Driver/Src/stm32u5xx_hal_pwr_ex.o
LOAD ./Drivers/STM32U5xx_HAL_Driver/Src/stm32u5xx_hal_rcc.o
LOAD ./Drivers/STM32U5xx_HAL_Driver/Src/stm32u5xx_hal_rcc_ex.o
LOAD ./Drivers/STM32U5xx_HAL_Driver/Src/stm32u5xx_hal_rtc.o
LOAD ./Drivers/STM32U5xx_HAL_Driver/Src/stm32u5xx_hal_rtc_ex.o
LOAD ./Drivers/STM32U5xx_HAL_Driver/Src/stm32u5xx_hal_spi.o
LOAD ./Drivers/STM32U5xx_HAL_Driver/Src/stm32u5xx_hal_spi_ex.o
LOAD ./Drivers/STM32U5xx_HAL_Driver/Src/stm32u5xx_hal_uart.o
LOAD ./Drivers/STM32U5xx_HAL_Driver/Src/stm32u5xx_hal_uart_ex.o
LOAD ./Radio/board.o
LOAD ./Radio/delay.o
LOAD ./Radio/gpio-board.o
LOAD ./Radio/gpio.o
LOAD ./Radio/rtc-board.o
LOAD ./Radio/spi-board.o
LOAD ./Radio/sx1276-board.o
LOAD ./Radio/timer.o
LOAD ./Radio/utilities.o
LOAD ./Radio/sx1276/sx1276.o
LOAD C:\Users\julek\Desktop\STM32CubeExpansion_Crypto_V4.4.0\Middlewares\ST\STM32_Cryptographic\lib\libSTM32Cryptographic_CM33.a
START GROUP
LOAD C:/ST/STM32CubeIDE_1.18.0/STM32CubeIDE/plugins/com.st.stm32cube.ide.mcu.externaltools.gnu-tools-for-stm32.13.3.rel1.win32_1.0.0.202411081344/tools/bin/../lib/gcc/arm-none-eabi/13.3.1/../../../../arm-none-eabi/lib/thumb/v8-m.main+fp/hard\libc_nano.a
LOAD C:/ST/STM32CubeIDE_1.18.0/STM32CubeIDE/plugins/com.st.stm32cube.ide.mcu.externaltools.gnu-tools-for-stm32.13.3.rel1.win32_1.0.0.202411081344/tools/bin/../lib/gcc/arm-none-eabi/13.3.1/../../../../arm-none-eabi/lib/thumb/v8-m.main+fp/hard\libm.a
END GROUP
START GROUP
LOAD C:/ST/STM32CubeIDE_1.18.0/STM32CubeIDE/plugins/com.st.stm32cube.ide.mcu.externaltools.gnu-tools-for-stm32.13.3.rel1.win32_1.0.0.202411081344/tools/bin/../lib/gcc/arm-none-eabi/13.3.1/thumb/v8-m.main+fp/hard\libgcc.a
LOAD C:/ST/STM32CubeIDE_1.18.0/STM32CubeIDE/plugins/com.st.stm32cube.ide.mcu.externaltools.gnu-tools-for-stm32.13.3.rel1.win32_1.0.0.202411081344/tools/bin/../lib/gcc/arm-none-eabi/13.3.1/../../../../arm-none-eabi/lib/thumb/v8-m.main+fp/hard\libc_nano.a
END GROUP
START GROUP
LOAD C:/ST/STM32CubeIDE_1.18.0/STM32CubeIDE/plugins/com.st.stm32cube.ide.mcu.externaltools.gnu-tools-for-stm32.13.3.rel1.win32_1.0.0.202411081344/tools/bin/../lib/gcc/arm-none-eabi/13.3.1/thumb/v8-m.main+fp/hard\libgcc.a
LOAD C:/ST/STM32CubeIDE_1.18.0/STM32CubeIDE/plugins/com.st.stm32cube.ide.mcu.externaltools.gnu-tools-for-stm32.13.3.rel1.win32_1.0.0.202411081344/tools/bin/../lib/gcc/arm-none-eabi/13.3.1/../../../../arm-none-eabi/lib/thumb/v8-m.main+fp/hard\libc_nano.a
LOAD C:/ST/STM32CubeIDE_1.18.0/STM32CubeIDE/plugins/com.st.stm32cube.ide.mcu.externaltools.gnu-tools-for-stm32.13.3.rel1.win32_1.0.0.202411081344/tools/bin/../lib/gcc/arm-none-eabi/13.3.1/../../../../arm-none-eabi/lib/thumb/v8-m.main+fp/hard\libnosys.a
END GROUP
START GROUP
LOAD C:/ST/STM32CubeIDE_1.18.0/STM32CubeIDE/plugins/com.st.stm32cube.ide.mcu.externaltools.gnu-tools-for-stm32.13.3.rel1.win32_1.0.0.202411081344/tools/bin/../lib/gcc/arm-none-eabi/13.3.1/thumb/v8-m.main+fp/hard\libgcc.a
LOAD C:/ST/STM32CubeIDE_1.18.0/STM32CubeIDE/plugins/com.st.stm32cube.ide.mcu.externaltools.gnu-tools-for-stm32.13.3.rel1.win32_1.0.0.202411081344/tools/bin/../lib/gcc/arm-none-eabi/13.3.1/../../../../arm-none-eabi/lib/thumb/v8-m.main+fp/hard\libc_nano.a
LOAD C:/ST/STM32CubeIDE_1.18.0/STM32CubeIDE/plugins/com.st.stm32cube.ide.mcu.externaltools.gnu-tools-for-stm32.13.3.rel1.win32_1.0.0.202411081344/tools/bin/../lib/gcc/arm-none-eabi/13.3.1/../../../../arm-none-eabi/lib/thumb/v8-m.main+fp/hard\libnosys.a
END GROUP
LOAD C:/ST/STM32CubeIDE_1.18.0/STM32CubeIDE/plugins/com.st.stm32cube.ide.mcu.externaltools.gnu-tools-for-stm32.13.3.rel1.win32_1.0.0.202411081344/tools/bin/../lib/gcc/arm-none-eabi/13.3.1/thumb/v8-m.main+fp/hard/crtend.o
LOAD C:/ST/STM32CubeIDE_1.18.0/STM32CubeIDE/plugins/com.st.stm32cube.ide.mcu.externaltools.gnu-tools-for-stm32.13.3.rel1.win32_1.0.0.202411081344/tools/bin/../lib/gcc/arm-none-eabi/13.3.1/thumb/v8-m.main+fp/hard/crtn.o
                0x20040000                        _estack = (ORIGIN (RAM) + LENGTH (RAM))
                0x00000200                        _Min_Heap_Size = 0x200
                0x00000400                        _Min_Stack_Size = 0x400

.isr_vector     0x08000000      0x238
 *(.isr_vector)
 .isr_vector    0x08000000      0x238 ./Core/Startup/startup_stm32u545retxq.o
                0x08000000                g_pfnVectors

.text           0x08000238    0x136cc
 *(.text)
 .text          0x08000238       0x40 C:/ST/STM32CubeIDE_1.18.0/STM32CubeIDE/plugins/com.st.stm32cube.ide.mcu.externaltools.gnu-tools-for-stm32.13.3.rel1.win32_1.0.0.202411081344/tools/bin/../lib/gcc/arm-none-eabi/13.3.1/thumb/v8-m.main+fp/hard/crtbegin.o
 .text          0x08000278       0x58 C:\Users\julek\Desktop\STM32CubeExpansion_Crypto_V4.4.0\Middlewares\ST\STM32_Cryptographic\lib\libSTM32Cryptographic_CM33.a(cmox_cipher.c.o)
                0x08000278                cmox_cipher_encrypt
 .text          0x080002d0       0x58 C:\Users\julek\Desktop\STM32CubeExpansion_Crypto_V4.4.0\Middlewares\ST\STM32_Cryptographic\lib\libSTM32Cryptographic_CM33.a(cmox_cipher.c.o)
                0x080002d0                cmox_cipher_decrypt
 .text          0x08000328       0x64 C:\Users\julek\Desktop\STM32CubeExpansion_Crypto_V4.4.0\Middlewares\ST\STM32_Cryptographic\lib\libSTM32Cryptographic_CM33.a(cmox_cipher.c.o)
                0x08000328                cmox_cipher_innerCompute
 .text          0x0800038c       0x40 C:\Users\julek\Desktop\STM32CubeExpansion_Crypto_V4.4.0\Middlewares\ST\STM32_Cryptographic\lib\libSTM32Cryptographic_CM33.a(cmox_ctr_aesfast.c.o)
 .text          0x080003cc       0x5c C:\Users\julek\Desktop\STM32CubeExpansion_Crypto_V4.4.0\Middlewares\ST\STM32_Cryptographic\lib\libSTM32Cryptographic_CM33.a(cmox_hash.c.o)
                0x080003cc                cmox_hash_common_compute
 .text          0x08000428        0x6 C:\Users\julek\Desktop\STM32CubeExpansion_Crypto_V4.4.0\Middlewares\ST\STM32_Cryptographic\lib\libSTM32Cryptographic_CM33.a(cmox_hmac_sha256.c.o)
 .text          0x0800042e        0x4 C:\Users\julek\Desktop\STM32CubeExpansion_Crypto_V4.4.0\Middlewares\ST\STM32_Cryptographic\lib\libSTM32Cryptographic_CM33.a(cmox_hmac_sha256.c.o)
 .text          0x08000432        0x4 C:\Users\julek\Desktop\STM32CubeExpansion_Crypto_V4.4.0\Middlewares\ST\STM32_Cryptographic\lib\libSTM32Cryptographic_CM33.a(cmox_hmac_sha256.c.o)
 *fill*         0x08000436        0x2 
 .text          0x08000438       0x2c C:\Users\julek\Desktop\STM32CubeExpansion_Crypto_V4.4.0\Middlewares\ST\STM32_Cryptographic\lib\libSTM32Cryptographic_CM33.a(cmox_hmac_sha256.c.o)
 .text          0x08000464       0x3c C:\Users\julek\Desktop\STM32CubeExpansion_Crypto_V4.4.0\Middlewares\ST\STM32_Cryptographic\lib\libSTM32Cryptographic_CM33.a(cmox_hmac_sha256.c.o)
 .text          0x080004a0       0x38 C:\Users\julek\Desktop\STM32CubeExpansion_Crypto_V4.4.0\Middlewares\ST\STM32_Cryptographic\lib\libSTM32Cryptographic_CM33.a(cmox_hmac_sha256.c.o)
 .text          0x080004d8       0x20 C:\Users\julek\Desktop\STM32CubeExpansion_Crypto_V4.4.0\Middlewares\ST\STM32_Cryptographic\lib\libSTM32Cryptographic_CM33.a(cmox_init.c.o)
                0x080004d8                cmox_initialize
 .text          0x080004f8        0x4 C:\Users\julek\Desktop\STM32CubeExpansion_Crypto_V4.4.0\Middlewares\ST\STM32_Cryptographic\lib\libSTM32Cryptographic_CM33.a(cmox_init.c.o)
                0x080004f8                cmox_finalize
 .text          0x080004fc       0x86 C:\Users\julek\Desktop\STM32CubeExpansion_Crypto_V4.4.0\Middlewares\ST\STM32_Cryptographic\lib\libSTM32Cryptographic_CM33.a(cmox_mac.c.o)
                0x080004fc                cmox_mac_innerCompute
 .text          0x08000582       0x86 C:\Users\julek\Desktop\STM32CubeExpansion_Crypto_V4.4.0\Middlewares\ST\STM32_Cryptographic\lib\libSTM32Cryptographic_CM33.a(cmox_mac.c.o)
                0x08000582                cmox_mac_innerVerify
 .text          0x08000608        0x6 C:\Users\julek\Desktop\STM32CubeExpansion_Crypto_V4.4.0\Middlewares\ST\STM32_Cryptographic\lib\libSTM32Cryptographic_CM33.a(cmox_mac.c.o)
                0x08000608                cmox_mac_setCustomData_empty
 *fill*         0x0800060e        0x2 
 .text          0x08000610       0x44 C:\Users\julek\Desktop\STM32CubeExpansion_Crypto_V4.4.0\Middlewares\ST\STM32_Cryptographic\lib\libSTM32Cryptographic_CM33.a(cmox_mac.c.o)
                0x08000610                cmox_mac_compute
 .text          0x08000654       0x2c C:\Users\julek\Desktop\STM32CubeExpansion_Crypto_V4.4.0\Middlewares\ST\STM32_Cryptographic\lib\libSTM32Cryptographic_CM33.a(cmox_sha256.c.o)
 .text          0x08000680       0x44 C:\Users\julek\Desktop\STM32CubeExpansion_Crypto_V4.4.0\Middlewares\ST\STM32_Cryptographic\lib\libSTM32Cryptographic_CM33.a(cmox_sha256.c.o)
 .text          0x080006c4       0x20 C:\Users\julek\Desktop\STM32CubeExpansion_Crypto_V4.4.0\Middlewares\ST\STM32_Cryptographic\lib\libSTM32Cryptographic_CM33.a(cmox_sha256.c.o)
 .text          0x080006e4       0x30 C:\Users\julek\Desktop\STM32CubeExpansion_Crypto_V4.4.0\Middlewares\ST\STM32_Cryptographic\lib\libSTM32Cryptographic_CM33.a(cmox_sha256.c.o)
 .text          0x08000714       0x30 C:\Users\julek\Desktop\STM32CubeExpansion_Crypto_V4.4.0\Middlewares\ST\STM32_Cryptographic\lib\libSTM32Cryptographic_CM33.a(cmox_sha256.c.o)
 .text          0x08000744       0x70 C:\Users\julek\Desktop\STM32CubeExpansion_Crypto_V4.4.0\Middlewares\ST\STM32_Cryptographic\lib\libSTM32Cryptographic_CM33.a(cmox_sha256.c.o)
 .text          0x080007b4       0x28 C:\Users\julek\Desktop\STM32CubeExpansion_Crypto_V4.4.0\Middlewares\ST\STM32_Cryptographic\lib\libSTM32Cryptographic_CM33.a(cmox_sha256.c.o)
                0x080007b4                cmox_sha256_construct
 .text          0x080007dc      0x1f4 C:\Users\julek\Desktop\STM32CubeExpansion_Crypto_V4.4.0\Middlewares\ST\STM32_Cryptographic\lib\libSTM32Cryptographic_CM33.a(cmox_sha256_common.c.o)
 .text          0x080009d0      0x31c C:\Users\julek\Desktop\STM32CubeExpansion_Crypto_V4.4.0\Middlewares\ST\STM32_Cryptographic\lib\libSTM32Cryptographic_CM33.a(cmox_aesfast_encrypt.c.o)
 .text          0x08000cec       0x20 C:\Users\julek\Desktop\STM32CubeExpansion_Crypto_V4.4.0\Middlewares\ST\STM32_Cryptographic\lib\libSTM32Cryptographic_CM33.a(cmox_ctr.c.o)
 .text          0x08000d0c       0x20 C:\Users\julek\Desktop\STM32CubeExpansion_Crypto_V4.4.0\Middlewares\ST\STM32_Cryptographic\lib\libSTM32Cryptographic_CM33.a(cmox_ctr.c.o)
 .text          0x08000d2c       0x24 C:\Users\julek\Desktop\STM32CubeExpansion_Crypto_V4.4.0\Middlewares\ST\STM32_Cryptographic\lib\libSTM32Cryptographic_CM33.a(cmox_ctr.c.o)
 .text          0x08000d50       0x34 C:\Users\julek\Desktop\STM32CubeExpansion_Crypto_V4.4.0\Middlewares\ST\STM32_Cryptographic\lib\libSTM32Cryptographic_CM33.a(cmox_ctr.c.o)
 .text          0x08000d84       0xb4 C:\Users\julek\Desktop\STM32CubeExpansion_Crypto_V4.4.0\Middlewares\ST\STM32_Cryptographic\lib\libSTM32Cryptographic_CM33.a(cmox_ctr.c.o)
 .text          0x08000e38       0x10 C:\Users\julek\Desktop\STM32CubeExpansion_Crypto_V4.4.0\Middlewares\ST\STM32_Cryptographic\lib\libSTM32Cryptographic_CM33.a(cmox_ctr.c.o)
                0x08000e38                cmox_ctr_general_dir
 .text          0x08000e48       0x10 C:\Users\julek\Desktop\STM32CubeExpansion_Crypto_V4.4.0\Middlewares\ST\STM32_Cryptographic\lib\libSTM32Cryptographic_CM33.a(cmox_ctr.c.o)
 .text          0x08000e58        0xa C:\Users\julek\Desktop\STM32CubeExpansion_Crypto_V4.4.0\Middlewares\ST\STM32_Cryptographic\lib\libSTM32Cryptographic_CM33.a(cmox_ctr.c.o)
                0x08000e58                cmox_ctr_construct
 *fill*         0x08000e62        0x2 
 .text          0x08000e64       0x20 C:\Users\julek\Desktop\STM32CubeExpansion_Crypto_V4.4.0\Middlewares\ST\STM32_Cryptographic\lib\libSTM32Cryptographic_CM33.a(cmox_hmac.c.o)
 .text          0x08000e84       0x24 C:\Users\julek\Desktop\STM32CubeExpansion_Crypto_V4.4.0\Middlewares\ST\STM32_Cryptographic\lib\libSTM32Cryptographic_CM33.a(cmox_hmac.c.o)
 .text          0x08000ea8       0x28 C:\Users\julek\Desktop\STM32CubeExpansion_Crypto_V4.4.0\Middlewares\ST\STM32_Cryptographic\lib\libSTM32Cryptographic_CM33.a(cmox_hmac.c.o)
 .text          0x08000ed0      0x1c8 C:\Users\julek\Desktop\STM32CubeExpansion_Crypto_V4.4.0\Middlewares\ST\STM32_Cryptographic\lib\libSTM32Cryptographic_CM33.a(cmox_hmac.c.o)
 .text          0x08001098       0x3c C:\Users\julek\Desktop\STM32CubeExpansion_Crypto_V4.4.0\Middlewares\ST\STM32_Cryptographic\lib\libSTM32Cryptographic_CM33.a(cmox_hmac.c.o)
 .text          0x080010d4       0xd4 C:\Users\julek\Desktop\STM32CubeExpansion_Crypto_V4.4.0\Middlewares\ST\STM32_Cryptographic\lib\libSTM32Cryptographic_CM33.a(cmox_hmac.c.o)
 .text          0x080011a8      0x100 C:\Users\julek\Desktop\STM32CubeExpansion_Crypto_V4.4.0\Middlewares\ST\STM32_Cryptographic\lib\libSTM32Cryptographic_CM33.a(cmox_hmac.c.o)
 .text          0x080012a8       0x38 C:\Users\julek\Desktop\STM32CubeExpansion_Crypto_V4.4.0\Middlewares\ST\STM32_Cryptographic\lib\libSTM32Cryptographic_CM33.a(cmox_hmac.c.o)
 .text          0x080012e0       0x1c C:\Users\julek\Desktop\STM32CubeExpansion_Crypto_V4.4.0\Middlewares\ST\STM32_Cryptographic\lib\libSTM32Cryptographic_CM33.a(cmox_hmac.c.o)
                0x080012e0                cmox_hmac_construct
 .text          0x080012fc        0x8 C:\Users\julek\Desktop\STM32CubeExpansion_Crypto_V4.4.0\Middlewares\ST\STM32_Cryptographic\lib\libSTM32Cryptographic_CM33.a(cmox_md.c.o)
                0x080012fc                cmox_md_updateState_small
 .text          0x08001304       0x54 C:\Users\julek\Desktop\STM32CubeExpansion_Crypto_V4.4.0\Middlewares\ST\STM32_Cryptographic\lib\libSTM32Cryptographic_CM33.a(cmox_md.c.o)
                0x08001304                cmox_md_copyLastState_small
 .text          0x08001358       0x1a C:\Users\julek\Desktop\STM32CubeExpansion_Crypto_V4.4.0\Middlewares\ST\STM32_Cryptographic\lib\libSTM32Cryptographic_CM33.a(cmox_md.c.o)
                0x08001358                cmox_md_padMsgLen_small
 .text          0x08001372        0x8 C:\Users\julek\Desktop\STM32CubeExpansion_Crypto_V4.4.0\Middlewares\ST\STM32_Cryptographic\lib\libSTM32Cryptographic_CM33.a(cmox_md.c.o)
                0x08001372                cmox_md_construct
 .text          0x0800137a       0x1e C:\Users\julek\Desktop\STM32CubeExpansion_Crypto_V4.4.0\Middlewares\ST\STM32_Cryptographic\lib\libSTM32Cryptographic_CM33.a(cmox_md.c.o)
                0x0800137a                cmox_md_init
 .text          0x08001398        0x8 C:\Users\julek\Desktop\STM32CubeExpansion_Crypto_V4.4.0\Middlewares\ST\STM32_Cryptographic\lib\libSTM32Cryptographic_CM33.a(cmox_md.c.o)
                0x08001398                cmox_md_setTagSize
 .text          0x080013a0       0xa8 C:\Users\julek\Desktop\STM32CubeExpansion_Crypto_V4.4.0\Middlewares\ST\STM32_Cryptographic\lib\libSTM32Cryptographic_CM33.a(cmox_md.c.o)
                0x080013a0                cmox_md_append
 .text          0x08001448      0x1a0 C:\Users\julek\Desktop\STM32CubeExpansion_Crypto_V4.4.0\Middlewares\ST\STM32_Cryptographic\lib\libSTM32Cryptographic_CM33.a(cmox_md.c.o)
                0x08001448                cmox_md_generateTag
 .text          0x080015e8        0x8 C:\Users\julek\Desktop\STM32CubeExpansion_Crypto_V4.4.0\Middlewares\ST\STM32_Cryptographic\lib\libSTM32Cryptographic_CM33.a(cmox_md.c.o)
 .text          0x080015f0       0x30 C:\Users\julek\Desktop\STM32CubeExpansion_Crypto_V4.4.0\Middlewares\ST\STM32_Cryptographic\lib\libSTM32Cryptographic_CM33.a(cmox_utils_compare.c.o)
 .text          0x08001620       0x36 C:\Users\julek\Desktop\STM32CubeExpansion_Crypto_V4.4.0\Middlewares\ST\STM32_Cryptographic\lib\libSTM32Cryptographic_CM33.a(cmox_utils_compare.c.o)
 *fill*         0x08001656        0x2 
 .text          0x08001658       0xfc C:\Users\julek\Desktop\STM32CubeExpansion_Crypto_V4.4.0\Middlewares\ST\STM32_Cryptographic\lib\libSTM32Cryptographic_CM33.a(cmox_utils_compare.c.o)
                0x08001664                cmox_utils_robustCmp
 .text          0x08001754      0x128 C:\Users\julek\Desktop\STM32CubeExpansion_Crypto_V4.4.0\Middlewares\ST\STM32_Cryptographic\lib\libSTM32Cryptographic_CM33.a(cmox_aes_common.c.o)
                0x08001754                cmox_aesSmall_keySchedule
 .text          0x0800187c        0xe C:\Users\julek\Desktop\STM32CubeExpansion_Crypto_V4.4.0\Middlewares\ST\STM32_Cryptographic\lib\libSTM32Cryptographic_CM33.a(cmox_cipher_modes.c.o)
                0x0800187c                cmox_cipherMode_init
 *fill*         0x0800188a        0x2 
 .text          0x0800188c      0x3c8 C:\Users\julek\Desktop\STM32CubeExpansion_Crypto_V4.4.0\Middlewares\ST\STM32_Cryptographic\lib\libSTM32Cryptographic_CM33.a(cmox_cipher_modes.c.o)
                0x0800188c                cmox_cipherMode_setKey
 .text          0x08001c54       0x48 C:\Users\julek\Desktop\STM32CubeExpansion_Crypto_V4.4.0\Middlewares\ST\STM32_Cryptographic\lib\libSTM32Cryptographic_CM33.a(cmox_cipher_modes.c.o)
                0x08001c54                cmox_cipherMode_setIV
 .text          0x08001c9c        0x6 C:\Users\julek\Desktop\STM32CubeExpansion_Crypto_V4.4.0\Middlewares\ST\STM32_Cryptographic\lib\libSTM32Cryptographic_CM33.a(cmox_cipher_modes.c.o)
                0x08001c9c                cmox_cipher_setTagLen_empty
 .text          0x08001ca2        0x6 C:\Users\julek\Desktop\STM32CubeExpansion_Crypto_V4.4.0\Middlewares\ST\STM32_Cryptographic\lib\libSTM32Cryptographic_CM33.a(cmox_cipher_modes.c.o)
                0x08001ca2                cmox_cipher_setPayloadLen_empty
 .text          0x08001ca8        0x6 C:\Users\julek\Desktop\STM32CubeExpansion_Crypto_V4.4.0\Middlewares\ST\STM32_Cryptographic\lib\libSTM32Cryptographic_CM33.a(cmox_cipher_modes.c.o)
                0x08001ca8                cmox_cipher_setADLen_empty
 .text          0x08001cae        0x6 C:\Users\julek\Desktop\STM32CubeExpansion_Crypto_V4.4.0\Middlewares\ST\STM32_Cryptographic\lib\libSTM32Cryptographic_CM33.a(cmox_cipher_modes.c.o)
                0x08001cae                cmox_cipher_appendAD_empty
 .text          0x08001cb4        0x8 C:\Users\julek\Desktop\STM32CubeExpansion_Crypto_V4.4.0\Middlewares\ST\STM32_Cryptographic\lib\libSTM32Cryptographic_CM33.a(cmox_cipher_modes.c.o)
                0x08001cb4                cmox_cipher_generateTag_empty
 .text          0x08001cbc        0x8 C:\Users\julek\Desktop\STM32CubeExpansion_Crypto_V4.4.0\Middlewares\ST\STM32_Cryptographic\lib\libSTM32Cryptographic_CM33.a(cmox_cipher_modes.c.o)
                0x08001cbc                cmox_cipher_verifyTag_empty
 .text          0x08001cc4        0x8 C:\Users\julek\Desktop\STM32CubeExpansion_Crypto_V4.4.0\Middlewares\ST\STM32_Cryptographic\lib\libSTM32Cryptographic_CM33.a(cmox_cipher_modes.c.o)
 .text          0x08001ccc       0x2e C:\Users\julek\Desktop\STM32CubeExpansion_Crypto_V4.4.0\Middlewares\ST\STM32_Cryptographic\lib\libSTM32Cryptographic_CM33.a(cmox_cipher_utils.c.o)
                0x08001ccc                convert_block_2_bytes
 .text          0x08001cfa       0x10 C:/ST/STM32CubeIDE_1.18.0/STM32CubeIDE/plugins/com.st.stm32cube.ide.mcu.externaltools.gnu-tools-for-stm32.13.3.rel1.win32_1.0.0.202411081344/tools/bin/../lib/gcc/arm-none-eabi/13.3.1/../../../../arm-none-eabi/lib/thumb/v8-m.main+fp/hard\libc_nano.a(libc_a-strlen.o)
                0x08001cfa                strlen
 .text          0x08001d0a       0x9a C:/ST/STM32CubeIDE_1.18.0/STM32CubeIDE/plugins/com.st.stm32cube.ide.mcu.externaltools.gnu-tools-for-stm32.13.3.rel1.win32_1.0.0.202411081344/tools/bin/../lib/gcc/arm-none-eabi/13.3.1/../../../../arm-none-eabi/lib/thumb/v8-m.main+fp/hard\libc_nano.a(libc_a-aeabi_memset-soft.o)
                0x08001d0a                __aeabi_memset8
                0x08001d0a                __aeabi_memset4
                0x08001d0a                __aeabi_memset
 .text          0x08001da4      0x378 C:/ST/STM32CubeIDE_1.18.0/STM32CubeIDE/plugins/com.st.stm32cube.ide.mcu.externaltools.gnu-tools-for-stm32.13.3.rel1.win32_1.0.0.202411081344/tools/bin/../lib/gcc/arm-none-eabi/13.3.1/thumb/v8-m.main+fp/hard\libgcc.a(_arm_addsubdf3.o)
                0x08001da4                __aeabi_drsub
                0x08001dac                __aeabi_dsub
                0x08001dac                __subdf3
                0x08001db0                __aeabi_dadd
                0x08001db0                __adddf3
                0x08002028                __floatunsidf
                0x08002028                __aeabi_ui2d
                0x08002048                __floatsidf
                0x08002048                __aeabi_i2d
                0x0800206c                __aeabi_f2d
                0x0800206c                __extendsfdf2
                0x080020b0                __floatundidf
                0x080020b0                __aeabi_ul2d
                0x080020c0                __floatdidf
                0x080020c0                __aeabi_l2d
 .text          0x0800211c      0x424 C:/ST/STM32CubeIDE_1.18.0/STM32CubeIDE/plugins/com.st.stm32cube.ide.mcu.externaltools.gnu-tools-for-stm32.13.3.rel1.win32_1.0.0.202411081344/tools/bin/../lib/gcc/arm-none-eabi/13.3.1/thumb/v8-m.main+fp/hard\libgcc.a(_arm_muldivdf3.o)
                0x0800211c                __aeabi_dmul
                0x0800211c                __muldf3
                0x08002370                __divdf3
                0x08002370                __aeabi_ddiv
 .text          0x08002540      0x110 C:/ST/STM32CubeIDE_1.18.0/STM32CubeIDE/plugins/com.st.stm32cube.ide.mcu.externaltools.gnu-tools-for-stm32.13.3.rel1.win32_1.0.0.202411081344/tools/bin/../lib/gcc/arm-none-eabi/13.3.1/thumb/v8-m.main+fp/hard\libgcc.a(_arm_cmpdf2.o)
                0x08002540                __gtdf2
                0x08002540                __gedf2
                0x08002548                __ltdf2
                0x08002548                __ledf2
                0x08002550                __nedf2
                0x08002550                __eqdf2
                0x08002550                __cmpdf2
                0x080025cc                __aeabi_cdrcmple
                0x080025dc                __aeabi_cdcmpeq
                0x080025dc                __aeabi_cdcmple
                0x080025ec                __aeabi_dcmpeq
                0x08002600                __aeabi_dcmplt
                0x08002614                __aeabi_dcmple
                0x08002628                __aeabi_dcmpge
                0x0800263c                __aeabi_dcmpgt
 .text          0x08002650       0x2c C:/ST/STM32CubeIDE_1.18.0/STM32CubeIDE/plugins/com.st.stm32cube.ide.mcu.externaltools.gnu-tools-for-stm32.13.3.rel1.win32_1.0.0.202411081344/tools/bin/../lib/gcc/arm-none-eabi/13.3.1/thumb/v8-m.main+fp/hard\libgcc.a(_arm_unorddf2.o)
                0x08002650                __unorddf2
                0x08002650                __aeabi_dcmpun
 .text          0x0800267c       0x50 C:/ST/STM32CubeIDE_1.18.0/STM32CubeIDE/plugins/com.st.stm32cube.ide.mcu.externaltools.gnu-tools-for-stm32.13.3.rel1.win32_1.0.0.202411081344/tools/bin/../lib/gcc/arm-none-eabi/13.3.1/thumb/v8-m.main+fp/hard\libgcc.a(_arm_fixdfsi.o)
                0x0800267c                __aeabi_d2iz
                0x0800267c                __fixdfsi
 .text          0x080026cc       0x40 C:/ST/STM32CubeIDE_1.18.0/STM32CubeIDE/plugins/com.st.stm32cube.ide.mcu.externaltools.gnu-tools-for-stm32.13.3.rel1.win32_1.0.0.202411081344/tools/bin/../lib/gcc/arm-none-eabi/13.3.1/thumb/v8-m.main+fp/hard\libgcc.a(_arm_fixunsdfsi.o)
                0x080026cc                __aeabi_d2uiz
                0x080026cc                __fixunsdfsi
 .text          0x0800270c       0xa0 C:/ST/STM32CubeIDE_1.18.0/STM32CubeIDE/plugins/com.st.stm32cube.ide.mcu.externaltools.gnu-tools-for-stm32.13.3.rel1.win32_1.0.0.202411081344/tools/bin/../lib/gcc/arm-none-eabi/13.3.1/thumb/v8-m.main+fp/hard\libgcc.a(_arm_truncdfsf2.o)
                0x0800270c                __truncdfsf2
                0x0800270c                __aeabi_d2f
 .text          0x080027ac       0x30 C:/ST/STM32CubeIDE_1.18.0/STM32CubeIDE/plugins/com.st.stm32cube.ide.mcu.externaltools.gnu-tools-for-stm32.13.3.rel1.win32_1.0.0.202411081344/tools/bin/../lib/gcc/arm-none-eabi/13.3.1/thumb/v8-m.main+fp/hard\libgcc.a(_aeabi_uldivmod.o)
                0x080027ac                __aeabi_uldivmod
 .text          0x080027dc       0x30 C:/ST/STM32CubeIDE_1.18.0/STM32CubeIDE/plugins/com.st.stm32cube.ide.mcu.externaltools.gnu-tools-for-stm32.13.3.rel1.win32_1.0.0.202411081344/tools/bin/../lib/gcc/arm-none-eabi/13.3.1/thumb/v8-m.main+fp/hard\libgcc.a(_fixdfdi.o)
                0x080027dc                __fixdfdi
                0x080027dc                __aeabi_d2lz
 .text          0x0800280c       0x3c C:/ST/STM32CubeIDE_1.18.0/STM32CubeIDE/plugins/com.st.stm32cube.ide.mcu.externaltools.gnu-tools-for-stm32.13.3.rel1.win32_1.0.0.202411081344/tools/bin/../lib/gcc/arm-none-eabi/13.3.1/thumb/v8-m.main+fp/hard\libgcc.a(_fixunsdfdi.o)
                0x0800280c                __fixunsdfdi
                0x0800280c                __aeabi_d2ulz
 .text          0x08002848      0x348 C:/ST/STM32CubeIDE_1.18.0/STM32CubeIDE/plugins/com.st.stm32cube.ide.mcu.externaltools.gnu-tools-for-stm32.13.3.rel1.win32_1.0.0.202411081344/tools/bin/../lib/gcc/arm-none-eabi/13.3.1/thumb/v8-m.main+fp/hard\libgcc.a(_udivmoddi4.o)
                0x08002848                __udivmoddi4
 .text          0x08002b90        0x4 C:/ST/STM32CubeIDE_1.18.0/STM32CubeIDE/plugins/com.st.stm32cube.ide.mcu.externaltools.gnu-tools-for-stm32.13.3.rel1.win32_1.0.0.202411081344/tools/bin/../lib/gcc/arm-none-eabi/13.3.1/thumb/v8-m.main+fp/hard\libgcc.a(_dvmd_tls.o)
                0x08002b90                __aeabi_idiv0
                0x08002b90                __aeabi_ldiv0
 *(.text*)
 .text.send_command
                0x08002b94      0x1cc ./Core/Src/app_template.o
                0x08002b94                send_command
 .text.app_main
                0x08002d60      0x12c ./Core/Src/app_template.o
                0x08002d60                app_main
 .text.OnRxDone
                0x08002e8c       0x78 ./Core/Src/app_template.o
                0x08002e8c                OnRxDone
 .text.OnTxDone
                0x08002f04       0x40 ./Core/Src/app_template.o
                0x08002f04                OnTxDone
 .text.OnTxTimeout
                0x08002f44       0x48 ./Core/Src/app_template.o
                0x08002f44                OnTxTimeout
 .text.OnRxTimeout
                0x08002f8c       0x2c ./Core/Src/app_template.o
                0x08002f8c                OnRxTimeout
 .text.OnRxError
                0x08002fb8       0x38 ./Core/Src/app_template.o
                0x08002fb8                OnRxError
 .text.cmox_ll_init
                0x08002ff0       0x44 ./Core/Src/cmox_low_level.o
                0x08002ff0                cmox_ll_init
 .text.cmox_ll_deInit
                0x08003034       0x16 ./Core/Src/cmox_low_level.o
                0x08003034                cmox_ll_deInit
 *fill*         0x0800304a        0x2 
 .text.btox     0x0800304c       0x80 ./Core/Src/crypto_utils.o
                0x0800304c                btox
 .text.validate_and_process_command
                0x080030cc      0x384 ./Core/Src/crypto_utils.o
                0x080030cc                validate_and_process_command
 .text.create_secure_command_frame
                0x08003450      0x304 ./Core/Src/crypto_utils.o
                0x08003450                create_secure_command_frame
 .text.__io_putchar
                0x08003754       0x40 ./Core/Src/main.o
                0x08003754                __io_putchar
 .text.HAL_GPIO_EXTI_Falling_Callback
                0x08003794       0x8c ./Core/Src/main.o
                0x08003794                HAL_GPIO_EXTI_Falling_Callback
 .text.main     0x08003820      0x170 ./Core/Src/main.o
                0x08003820                main
 .text.SystemClock_Config
                0x08003990       0x9c ./Core/Src/main.o
                0x08003990                SystemClock_Config
 .text.MX_CRC_Init
                0x08003a2c       0x44 ./Core/Src/main.o
 .text.MX_RTC_Init
                0x08003a70       0x9c ./Core/Src/main.o
 .text.MX_SPI1_Init
                0x08003b0c       0xdc ./Core/Src/main.o
 .text.MX_USART1_UART_Init
                0x08003be8       0x98 ./Core/Src/main.o
 .text.MX_GPIO_Init
                0x08003c80       0xb8 ./Core/Src/main.o
 .text.Error_Handler
                0x08003d38        0xc ./Core/Src/main.o
                0x08003d38                Error_Handler
 .text.HAL_MspInit
                0x08003d44       0x34 ./Core/Src/stm32u5xx_hal_msp.o
                0x08003d44                HAL_MspInit
 .text.HAL_CRC_MspInit
                0x08003d78       0x44 ./Core/Src/stm32u5xx_hal_msp.o
                0x08003d78                HAL_CRC_MspInit
 .text.HAL_RTC_MspInit
                0x08003dbc       0x98 ./Core/Src/stm32u5xx_hal_msp.o
                0x08003dbc                HAL_RTC_MspInit
 .text.HAL_SPI_MspInit
                0x08003e54       0xd4 ./Core/Src/stm32u5xx_hal_msp.o
                0x08003e54                HAL_SPI_MspInit
 .text.HAL_UART_MspInit
                0x08003f28       0xd0 ./Core/Src/stm32u5xx_hal_msp.o
                0x08003f28                HAL_UART_MspInit
 .text.NMI_Handler
                0x08003ff8        0x8 ./Core/Src/stm32u5xx_it.o
                0x08003ff8                NMI_Handler
 .text.HardFault_Handler
                0x08004000        0x8 ./Core/Src/stm32u5xx_it.o
                0x08004000                HardFault_Handler
 .text.MemManage_Handler
                0x08004008        0x8 ./Core/Src/stm32u5xx_it.o
                0x08004008                MemManage_Handler
 .text.BusFault_Handler
                0x08004010        0x8 ./Core/Src/stm32u5xx_it.o
                0x08004010                BusFault_Handler
 .text.UsageFault_Handler
                0x08004018        0x8 ./Core/Src/stm32u5xx_it.o
                0x08004018                UsageFault_Handler
 .text.SVC_Handler
                0x08004020        0xe ./Core/Src/stm32u5xx_it.o
                0x08004020                SVC_Handler
 .text.DebugMon_Handler
                0x0800402e        0xe ./Core/Src/stm32u5xx_it.o
                0x0800402e                DebugMon_Handler
 .text.PendSV_Handler
                0x0800403c        0xe ./Core/Src/stm32u5xx_it.o
                0x0800403c                PendSV_Handler
 .text.SysTick_Handler
                0x0800404a        0xc ./Core/Src/stm32u5xx_it.o
                0x0800404a                SysTick_Handler
 .text.EXTI8_IRQHandler
                0x08004056       0x10 ./Core/Src/stm32u5xx_it.o
                0x08004056                EXTI8_IRQHandler
 .text._getpid  0x08004066       0x10 ./Core/Src/syscalls.o
                0x08004066                _getpid
 .text._kill    0x08004076       0x20 ./Core/Src/syscalls.o
                0x08004076                _kill
 .text._exit    0x08004096       0x16 ./Core/Src/syscalls.o
                0x08004096                _exit
 .text._read    0x080040ac       0x3a ./Core/Src/syscalls.o
                0x080040ac                _read
 .text._write   0x080040e6       0x38 ./Core/Src/syscalls.o
                0x080040e6                _write
 .text._close   0x0800411e       0x18 ./Core/Src/syscalls.o
                0x0800411e                _close
 .text._fstat   0x08004136       0x20 ./Core/Src/syscalls.o
                0x08004136                _fstat
 .text._isatty  0x08004156       0x16 ./Core/Src/syscalls.o
                0x08004156                _isatty
 .text._lseek   0x0800416c       0x1a ./Core/Src/syscalls.o
                0x0800416c                _lseek
 *fill*         0x08004186        0x2 
 .text._sbrk    0x08004188       0x6c ./Core/Src/sysmem.o
                0x08004188                _sbrk
 .text.SystemInit
                0x080041f4       0x70 ./Core/Src/system_stm32u5xx.o
                0x080041f4                SystemInit
 .text.Reset_Handler
                0x08004264       0x50 ./Core/Startup/startup_stm32u545retxq.o
                0x08004264                Reset_Handler
 .text.Default_Handler
                0x080042b4        0x2 ./Core/Startup/startup_stm32u545retxq.o
                0x080042b4                TIM8_TRG_COM_IRQHandler
                0x080042b4                TIM8_CC_IRQHandler
                0x080042b4                FLASH_S_IRQHandler
                0x080042b4                TIM1_CC_IRQHandler
                0x080042b4                TSC_IRQHandler
                0x080042b4                TAMP_IRQHandler
                0x080042b4                TIM6_IRQHandler
                0x080042b4                CORDIC_IRQHandler
                0x080042b4                EXTI3_IRQHandler
                0x080042b4                LPTIM4_IRQHandler
                0x080042b4                GPDMA1_Channel5_IRQHandler
                0x080042b4                LPTIM2_IRQHandler
                0x080042b4                I2C3_ER_IRQHandler
                0x080042b4                PWR_S3WU_IRQHandler
                0x080042b4                LPDMA1_Channel3_IRQHandler
                0x080042b4                LPTIM3_IRQHandler
                0x080042b4                I2C2_EV_IRQHandler
                0x080042b4                FPU_IRQHandler
                0x080042b4                GPDMA1_Channel3_IRQHandler
                0x080042b4                GPDMA1_Channel7_IRQHandler
                0x080042b4                FDCAN1_IT1_IRQHandler
                0x080042b4                RAMCFG_IRQHandler
                0x080042b4                GPDMA1_Channel9_IRQHandler
                0x080042b4                DCACHE1_IRQHandler
                0x080042b4                SPI1_IRQHandler
                0x080042b4                OCTOSPI1_IRQHandler
                0x080042b4                GPDMA1_Channel2_IRQHandler
                0x080042b4                TIM8_UP_IRQHandler
                0x080042b4                RCC_S_IRQHandler
                0x080042b4                MDF1_FLT1_IRQHandler
                0x080042b4                ADC1_IRQHandler
                0x080042b4                PKA_IRQHandler
                0x080042b4                TIM17_IRQHandler
                0x080042b4                USART3_IRQHandler
                0x080042b4                UART5_IRQHandler
                0x080042b4                TIM4_IRQHandler
                0x080042b4                I2C1_EV_IRQHandler
                0x080042b4                GPDMA1_Channel12_IRQHandler
                0x080042b4                GPDMA1_Channel1_IRQHandler
                0x080042b4                TIM16_IRQHandler
                0x080042b4                GPDMA1_Channel15_IRQHandler
                0x080042b4                UART4_IRQHandler
                0x080042b4                SecureFault_Handler
                0x080042b4                TIM3_IRQHandler
                0x080042b4                RCC_IRQHandler
                0x080042b4                TIM1_TRG_COM_IRQHandler
                0x080042b4                Default_Handler
                0x080042b4                GPDMA1_Channel8_IRQHandler
                0x080042b4                FMAC_IRQHandler
                0x080042b4                OTFDEC1_IRQHandler
                0x080042b4                GPDMA1_Channel11_IRQHandler
                0x080042b4                TIM7_IRQHandler
                0x080042b4                SDMMC1_IRQHandler
                0x080042b4                SAES_IRQHandler
                0x080042b4                TIM5_IRQHandler
                0x080042b4                GPDMA1_Channel0_IRQHandler
                0x080042b4                TIM15_IRQHandler
                0x080042b4                I2C3_EV_IRQHandler
                0x080042b4                USB_IRQHandler
                0x080042b4                LPDMA1_Channel0_IRQHandler
                0x080042b4                PVD_PVM_IRQHandler
                0x080042b4                SPI2_IRQHandler
                0x080042b4                LPDMA1_Channel1_IRQHandler
                0x080042b4                CRS_IRQHandler
                0x080042b4                GPDMA1_Channel14_IRQHandler
                0x080042b4                LSECSSD_IRQHandler
                0x080042b4                RTC_S_IRQHandler
                0x080042b4                GPDMA1_Channel13_IRQHandler
                0x080042b4                RNG_IRQHandler
                0x080042b4                COMP_IRQHandler
                0x080042b4                TIM1_UP_IRQHandler
                0x080042b4                ADC4_IRQHandler
                0x080042b4                WWDG_IRQHandler
                0x080042b4                I2C4_EV_IRQHandler
                0x080042b4                ADF1_IRQHandler
                0x080042b4                IWDG_IRQHandler
                0x080042b4                LPUART1_IRQHandler
                0x080042b4                MDF1_FLT0_IRQHandler
                0x080042b4                FDCAN1_IT0_IRQHandler
                0x080042b4                TIM2_IRQHandler
                0x080042b4                GPDMA1_Channel4_IRQHandler
                0x080042b4                TIM1_BRK_IRQHandler
                0x080042b4                AES_IRQHandler
                0x080042b4                DAC1_IRQHandler
                0x080042b4                GTZC_IRQHandler
                0x080042b4                GPDMA1_Channel6_IRQHandler
                0x080042b4                I2C2_ER_IRQHandler
                0x080042b4                TIM8_BRK_IRQHandler
                0x080042b4                FLASH_IRQHandler
                0x080042b4                USART1_IRQHandler
                0x080042b4                SPI3_IRQHandler
                0x080042b4                LPDMA1_Channel2_IRQHandler
                0x080042b4                I2C1_ER_IRQHandler
                0x080042b4                LPTIM1_IRQHandler
                0x080042b4                DCMI_PSSI_IRQHandler
                0x080042b4                I2C4_ER_IRQHandler
                0x080042b4                GPDMA1_Channel10_IRQHandler
                0x080042b4                ICACHE_IRQHandler
                0x080042b4                SAI1_IRQHandler
                0x080042b4                HASH_IRQHandler
 *fill*         0x080042b6        0x2 
 .text.HAL_Init
                0x080042b8       0x60 ./Drivers/STM32U5xx_HAL_Driver/Src/stm32u5xx_hal.o
                0x080042b8                HAL_Init
 .text.HAL_InitTick
                0x08004318       0xec ./Drivers/STM32U5xx_HAL_Driver/Src/stm32u5xx_hal.o
                0x08004318                HAL_InitTick
 .text.HAL_IncTick
                0x08004404       0x28 ./Drivers/STM32U5xx_HAL_Driver/Src/stm32u5xx_hal.o
                0x08004404                HAL_IncTick
 .text.HAL_GetTick
                0x0800442c       0x18 ./Drivers/STM32U5xx_HAL_Driver/Src/stm32u5xx_hal.o
                0x0800442c                HAL_GetTick
 .text.HAL_Delay
                0x08004444       0x48 ./Drivers/STM32U5xx_HAL_Driver/Src/stm32u5xx_hal.o
                0x08004444                HAL_Delay
 .text.__NVIC_SetPriorityGrouping
                0x0800448c       0x48 ./Drivers/STM32U5xx_HAL_Driver/Src/stm32u5xx_hal_cortex.o
 .text.__NVIC_GetPriorityGrouping
                0x080044d4       0x1c ./Drivers/STM32U5xx_HAL_Driver/Src/stm32u5xx_hal_cortex.o
 .text.__NVIC_EnableIRQ
                0x080044f0       0x3c ./Drivers/STM32U5xx_HAL_Driver/Src/stm32u5xx_hal_cortex.o
 .text.__NVIC_SetPriority
                0x0800452c       0x54 ./Drivers/STM32U5xx_HAL_Driver/Src/stm32u5xx_hal_cortex.o
 .text.NVIC_EncodePriority
                0x08004580       0x66 ./Drivers/STM32U5xx_HAL_Driver/Src/stm32u5xx_hal_cortex.o
 .text.HAL_NVIC_SetPriorityGrouping
                0x080045e6       0x16 ./Drivers/STM32U5xx_HAL_Driver/Src/stm32u5xx_hal_cortex.o
                0x080045e6                HAL_NVIC_SetPriorityGrouping
 .text.HAL_NVIC_SetPriority
                0x080045fc       0x34 ./Drivers/STM32U5xx_HAL_Driver/Src/stm32u5xx_hal_cortex.o
                0x080045fc                HAL_NVIC_SetPriority
 .text.HAL_NVIC_EnableIRQ
                0x08004630       0x1c ./Drivers/STM32U5xx_HAL_Driver/Src/stm32u5xx_hal_cortex.o
                0x08004630                HAL_NVIC_EnableIRQ
 .text.HAL_SYSTICK_Config
                0x0800464c       0x44 ./Drivers/STM32U5xx_HAL_Driver/Src/stm32u5xx_hal_cortex.o
                0x0800464c                HAL_SYSTICK_Config
 .text.HAL_SYSTICK_CLKSourceConfig
                0x08004690       0xb0 ./Drivers/STM32U5xx_HAL_Driver/Src/stm32u5xx_hal_cortex.o
                0x08004690                HAL_SYSTICK_CLKSourceConfig
 .text.HAL_SYSTICK_GetCLKSourceConfig
                0x08004740       0x74 ./Drivers/STM32U5xx_HAL_Driver/Src/stm32u5xx_hal_cortex.o
                0x08004740                HAL_SYSTICK_GetCLKSourceConfig
 .text.HAL_CRC_Init
                0x080047b4       0xc8 ./Drivers/STM32U5xx_HAL_Driver/Src/stm32u5xx_hal_crc.o
                0x080047b4                HAL_CRC_Init
 .text.HAL_CRCEx_Polynomial_Set
                0x0800487c      0x11c ./Drivers/STM32U5xx_HAL_Driver/Src/stm32u5xx_hal_crc_ex.o
                0x0800487c                HAL_CRCEx_Polynomial_Set
 .text.HAL_GPIO_Init
                0x08004998      0x3b0 ./Drivers/STM32U5xx_HAL_Driver/Src/stm32u5xx_hal_gpio.o
                0x08004998                HAL_GPIO_Init
 .text.HAL_GPIO_ReadPin
                0x08004d48       0x30 ./Drivers/STM32U5xx_HAL_Driver/Src/stm32u5xx_hal_gpio.o
                0x08004d48                HAL_GPIO_ReadPin
 .text.HAL_GPIO_WritePin
                0x08004d78       0x30 ./Drivers/STM32U5xx_HAL_Driver/Src/stm32u5xx_hal_gpio.o
                0x08004d78                HAL_GPIO_WritePin
 .text.HAL_GPIO_TogglePin
                0x08004da8       0x34 ./Drivers/STM32U5xx_HAL_Driver/Src/stm32u5xx_hal_gpio.o
                0x08004da8                HAL_GPIO_TogglePin
 .text.HAL_GPIO_EXTI_IRQHandler
                0x08004ddc       0x4c ./Drivers/STM32U5xx_HAL_Driver/Src/stm32u5xx_hal_gpio.o
                0x08004ddc                HAL_GPIO_EXTI_IRQHandler
 .text.HAL_PWREx_ControlVoltageScaling
                0x08004e28       0xfc ./Drivers/STM32U5xx_HAL_Driver/Src/stm32u5xx_hal_pwr_ex.o
                0x08004e28                HAL_PWREx_ControlVoltageScaling
 .text.HAL_PWREx_GetVoltageRange
                0x08004f24       0x1c ./Drivers/STM32U5xx_HAL_Driver/Src/stm32u5xx_hal_pwr_ex.o
                0x08004f24                HAL_PWREx_GetVoltageRange
 .text.HAL_RCC_OscConfig
                0x08004f40      0xdb8 ./Drivers/STM32U5xx_HAL_Driver/Src/stm32u5xx_hal_rcc.o
                0x08004f40                HAL_RCC_OscConfig
 .text.HAL_RCC_ClockConfig
                0x08005cf8      0x3e4 ./Drivers/STM32U5xx_HAL_Driver/Src/stm32u5xx_hal_rcc.o
                0x08005cf8                HAL_RCC_ClockConfig
 .text.HAL_RCC_GetSysClockFreq
                0x080060dc      0x204 ./Drivers/STM32U5xx_HAL_Driver/Src/stm32u5xx_hal_rcc.o
                0x080060dc                HAL_RCC_GetSysClockFreq
 .text.HAL_RCC_GetHCLKFreq
                0x080062e0       0x34 ./Drivers/STM32U5xx_HAL_Driver/Src/stm32u5xx_hal_rcc.o
                0x080062e0                HAL_RCC_GetHCLKFreq
 .text.HAL_RCC_GetPCLK1Freq
                0x08006314       0x28 ./Drivers/STM32U5xx_HAL_Driver/Src/stm32u5xx_hal_rcc.o
                0x08006314                HAL_RCC_GetPCLK1Freq
 .text.HAL_RCC_GetPCLK2Freq
                0x0800633c       0x28 ./Drivers/STM32U5xx_HAL_Driver/Src/stm32u5xx_hal_rcc.o
                0x0800633c                HAL_RCC_GetPCLK2Freq
 .text.HAL_RCC_GetPCLK3Freq
                0x08006364       0x28 ./Drivers/STM32U5xx_HAL_Driver/Src/stm32u5xx_hal_rcc.o
                0x08006364                HAL_RCC_GetPCLK3Freq
 .text.RCC_SetFlashLatencyFromMSIRange
                0x0800638c      0x10c ./Drivers/STM32U5xx_HAL_Driver/Src/stm32u5xx_hal_rcc.o
 .text.HAL_RCCEx_PeriphCLKConfig
                0x08006498      0xa7c ./Drivers/STM32U5xx_HAL_Driver/Src/stm32u5xx_hal_rcc_ex.o
                0x08006498                HAL_RCCEx_PeriphCLKConfig
 .text.HAL_RCCEx_GetPLL1ClockFreq
                0x08006f14      0x2b4 ./Drivers/STM32U5xx_HAL_Driver/Src/stm32u5xx_hal_rcc_ex.o
                0x08006f14                HAL_RCCEx_GetPLL1ClockFreq
 .text.HAL_RCCEx_GetPLL2ClockFreq
                0x080071c8      0x2b4 ./Drivers/STM32U5xx_HAL_Driver/Src/stm32u5xx_hal_rcc_ex.o
                0x080071c8                HAL_RCCEx_GetPLL2ClockFreq
 .text.HAL_RCCEx_GetPLL3ClockFreq
                0x0800747c      0x2b4 ./Drivers/STM32U5xx_HAL_Driver/Src/stm32u5xx_hal_rcc_ex.o
                0x0800747c                HAL_RCCEx_GetPLL3ClockFreq
 .text.HAL_RCCEx_GetPeriphCLKFreq
                0x08007730     0x1284 ./Drivers/STM32U5xx_HAL_Driver/Src/stm32u5xx_hal_rcc_ex.o
                0x08007730                HAL_RCCEx_GetPeriphCLKFreq
 .text.RCCEx_PLL2_Config
                0x080089b4      0x130 ./Drivers/STM32U5xx_HAL_Driver/Src/stm32u5xx_hal_rcc_ex.o
 .text.RCCEx_PLL3_Config
                0x08008ae4      0x130 ./Drivers/STM32U5xx_HAL_Driver/Src/stm32u5xx_hal_rcc_ex.o
 .text.HAL_RTC_Init
                0x08008c14      0x114 ./Drivers/STM32U5xx_HAL_Driver/Src/stm32u5xx_hal_rtc.o
                0x08008c14                HAL_RTC_Init
 .text.HAL_RTC_SetTime
                0x08008d28      0x138 ./Drivers/STM32U5xx_HAL_Driver/Src/stm32u5xx_hal_rtc.o
                0x08008d28                HAL_RTC_SetTime
 .text.HAL_RTC_GetTime
                0x08008e60       0xe4 ./Drivers/STM32U5xx_HAL_Driver/Src/stm32u5xx_hal_rtc.o
                0x08008e60                HAL_RTC_GetTime
 .text.HAL_RTC_SetDate
                0x08008f44      0x10c ./Drivers/STM32U5xx_HAL_Driver/Src/stm32u5xx_hal_rtc.o
                0x08008f44                HAL_RTC_SetDate
 .text.HAL_RTC_GetDate
                0x08009050       0x9c ./Drivers/STM32U5xx_HAL_Driver/Src/stm32u5xx_hal_rtc.o
                0x08009050                HAL_RTC_GetDate
 .text.HAL_RTC_SetAlarm_IT
                0x080090ec      0x200 ./Drivers/STM32U5xx_HAL_Driver/Src/stm32u5xx_hal_rtc.o
                0x080090ec                HAL_RTC_SetAlarm_IT
 .text.HAL_RTC_DeactivateAlarm
                0x080092ec       0x84 ./Drivers/STM32U5xx_HAL_Driver/Src/stm32u5xx_hal_rtc.o
                0x080092ec                HAL_RTC_DeactivateAlarm
 .text.HAL_RTC_GetAlarm
                0x08009370      0x17c ./Drivers/STM32U5xx_HAL_Driver/Src/stm32u5xx_hal_rtc.o
                0x08009370                HAL_RTC_GetAlarm
 .text.HAL_RTC_AlarmIRQHandler
                0x080094ec       0x50 ./Drivers/STM32U5xx_HAL_Driver/Src/stm32u5xx_hal_rtc.o
                0x080094ec                HAL_RTC_AlarmIRQHandler
 .text.HAL_RTC_AlarmAEventCallback
                0x0800953c       0x14 ./Drivers/STM32U5xx_HAL_Driver/Src/stm32u5xx_hal_rtc.o
                0x0800953c                HAL_RTC_AlarmAEventCallback
 .text.HAL_RTC_WaitForSynchro
                0x08009550       0x64 ./Drivers/STM32U5xx_HAL_Driver/Src/stm32u5xx_hal_rtc.o
                0x08009550                HAL_RTC_WaitForSynchro
 .text.RTC_EnterInitMode
                0x080095b4       0x78 ./Drivers/STM32U5xx_HAL_Driver/Src/stm32u5xx_hal_rtc.o
                0x080095b4                RTC_EnterInitMode
 .text.RTC_ExitInitMode
                0x0800962c       0x7c ./Drivers/STM32U5xx_HAL_Driver/Src/stm32u5xx_hal_rtc.o
                0x0800962c                RTC_ExitInitMode
 .text.RTC_ByteToBcd2
                0x080096a8       0x40 ./Drivers/STM32U5xx_HAL_Driver/Src/stm32u5xx_hal_rtc.o
                0x080096a8                RTC_ByteToBcd2
 .text.RTC_Bcd2ToByte
                0x080096e8       0x38 ./Drivers/STM32U5xx_HAL_Driver/Src/stm32u5xx_hal_rtc.o
                0x080096e8                RTC_Bcd2ToByte
 .text.HAL_RTCEx_DeactivateWakeUpTimer
                0x08009720       0x5c ./Drivers/STM32U5xx_HAL_Driver/Src/stm32u5xx_hal_rtc_ex.o
                0x08009720                HAL_RTCEx_DeactivateWakeUpTimer
 .text.HAL_RTCEx_AlarmBEventCallback
                0x0800977c       0x14 ./Drivers/STM32U5xx_HAL_Driver/Src/stm32u5xx_hal_rtc_ex.o
                0x0800977c                HAL_RTCEx_AlarmBEventCallback
 .text.HAL_RTCEx_PrivilegeModeSet
                0x08009790       0x5c ./Drivers/STM32U5xx_HAL_Driver/Src/stm32u5xx_hal_rtc_ex.o
                0x08009790                HAL_RTCEx_PrivilegeModeSet
 .text.HAL_SPI_Init
                0x080097ec      0x22c ./Drivers/STM32U5xx_HAL_Driver/Src/stm32u5xx_hal_spi.o
                0x080097ec                HAL_SPI_Init
 .text.HAL_SPI_Transmit
                0x08009a18      0x428 ./Drivers/STM32U5xx_HAL_Driver/Src/stm32u5xx_hal_spi.o
                0x08009a18                HAL_SPI_Transmit
 .text.HAL_SPI_Receive
                0x08009e40      0x534 ./Drivers/STM32U5xx_HAL_Driver/Src/stm32u5xx_hal_spi.o
                0x08009e40                HAL_SPI_Receive
 .text.HAL_SPI_GetState
                0x0800a374       0x1c ./Drivers/STM32U5xx_HAL_Driver/Src/stm32u5xx_hal_spi.o
                0x0800a374                HAL_SPI_GetState
 .text.SPI_CloseTransfer
                0x0800a390      0x140 ./Drivers/STM32U5xx_HAL_Driver/Src/stm32u5xx_hal_spi.o
 .text.SPI_WaitOnFlagUntilTimeout
                0x0800a4d0       0x5c ./Drivers/STM32U5xx_HAL_Driver/Src/stm32u5xx_hal_spi.o
 .text.SPI_GetPacketSize
                0x0800a52c       0x36 ./Drivers/STM32U5xx_HAL_Driver/Src/stm32u5xx_hal_spi.o
 .text.HAL_SPIEx_SetConfigAutonomousMode
                0x0800a562       0x82 ./Drivers/STM32U5xx_HAL_Driver/Src/stm32u5xx_hal_spi_ex.o
                0x0800a562                HAL_SPIEx_SetConfigAutonomousMode
 .text.HAL_UART_Init
                0x0800a5e4       0xa0 ./Drivers/STM32U5xx_HAL_Driver/Src/stm32u5xx_hal_uart.o
                0x0800a5e4                HAL_UART_Init
 .text.HAL_UART_Transmit
                0x0800a684      0x11c ./Drivers/STM32U5xx_HAL_Driver/Src/stm32u5xx_hal_uart.o
                0x0800a684                HAL_UART_Transmit
 .text.UART_SetConfig
                0x0800a7a0      0x330 ./Drivers/STM32U5xx_HAL_Driver/Src/stm32u5xx_hal_uart.o
                0x0800a7a0                UART_SetConfig
 .text.UART_AdvFeatureConfig
                0x0800aad0      0x144 ./Drivers/STM32U5xx_HAL_Driver/Src/stm32u5xx_hal_uart.o
                0x0800aad0                UART_AdvFeatureConfig
 .text.UART_CheckIdleState
                0x0800ac14      0x154 ./Drivers/STM32U5xx_HAL_Driver/Src/stm32u5xx_hal_uart.o
                0x0800ac14                UART_CheckIdleState
 .text.UART_WaitOnFlagUntilTimeout
                0x0800ad68       0xda ./Drivers/STM32U5xx_HAL_Driver/Src/stm32u5xx_hal_uart.o
                0x0800ad68                UART_WaitOnFlagUntilTimeout
 .text.UART_EndRxTransfer
                0x0800ae42       0xcc ./Drivers/STM32U5xx_HAL_Driver/Src/stm32u5xx_hal_uart.o
 .text.HAL_UARTEx_DisableFifoMode
                0x0800af0e       0x72 ./Drivers/STM32U5xx_HAL_Driver/Src/stm32u5xx_hal_uart_ex.o
                0x0800af0e                HAL_UARTEx_DisableFifoMode
 .text.HAL_UARTEx_SetTxFifoThreshold
                0x0800af80       0x7c ./Drivers/STM32U5xx_HAL_Driver/Src/stm32u5xx_hal_uart_ex.o
                0x0800af80                HAL_UARTEx_SetTxFifoThreshold
 .text.HAL_UARTEx_SetRxFifoThreshold
                0x0800affc       0x7c ./Drivers/STM32U5xx_HAL_Driver/Src/stm32u5xx_hal_uart_ex.o
                0x0800affc                HAL_UARTEx_SetRxFifoThreshold
 .text.UARTEx_SetNbDataToProcess
                0x0800b078       0x9c ./Drivers/STM32U5xx_HAL_Driver/Src/stm32u5xx_hal_uart_ex.o
 .text.BoardInitPeriph
                0x0800b114       0x6c ./Radio/board.o
                0x0800b114                BoardInitPeriph
 .text.BoardInitMcu
                0x0800b180       0x50 ./Radio/board.o
                0x0800b180                BoardInitMcu
 .text.DelayMs  0x0800b1d0       0x16 ./Radio/delay.o
                0x0800b1d0                DelayMs
 *fill*         0x0800b1e6        0x2 
 .text.GpioMcuInit
                0x0800b1e8      0x1cc ./Radio/gpio-board.o
                0x0800b1e8                GpioMcuInit
 .text.GpioMcuSetInterrupt
                0x0800b3b4      0x284 ./Radio/gpio-board.o
                0x0800b3b4                GpioMcuSetInterrupt
 .text.GpioMcuWrite
                0x0800b638       0x36 ./Radio/gpio-board.o
                0x0800b638                GpioMcuWrite
 .text.EXTI0_IRQHandler
                0x0800b66e       0x12 ./Radio/gpio-board.o
                0x0800b66e                EXTI0_IRQHandler
 .text.EXTI1_IRQHandler
                0x0800b680       0x12 ./Radio/gpio-board.o
                0x0800b680                EXTI1_IRQHandler
 .text.EXTI2_IRQHandler
                0x0800b692       0x12 ./Radio/gpio-board.o
                0x0800b692                EXTI2_IRQHandler
 .text.EXTI4_IRQHandler
                0x0800b6a4       0x12 ./Radio/gpio-board.o
                0x0800b6a4                EXTI4_IRQHandler
 .text.EXTI5_IRQHandler
                0x0800b6b6       0x12 ./Radio/gpio-board.o
                0x0800b6b6                EXTI5_IRQHandler
 .text.EXTI6_IRQHandler
                0x0800b6c8       0x12 ./Radio/gpio-board.o
                0x0800b6c8                EXTI6_IRQHandler
 .text.EXTI7_IRQHandler
                0x0800b6da       0x12 ./Radio/gpio-board.o
                0x0800b6da                EXTI7_IRQHandler
 .text.EXTI9_IRQHandler
                0x0800b6ec       0x14 ./Radio/gpio-board.o
                0x0800b6ec                EXTI9_IRQHandler
 .text.EXTI10_IRQHandler
                0x0800b700       0x14 ./Radio/gpio-board.o
                0x0800b700                EXTI10_IRQHandler
 .text.EXTI11_IRQHandler
                0x0800b714       0x14 ./Radio/gpio-board.o
                0x0800b714                EXTI11_IRQHandler
 .text.EXTI12_IRQHandler
                0x0800b728       0x14 ./Radio/gpio-board.o
                0x0800b728                EXTI12_IRQHandler
 .text.EXTI13_IRQHandler
                0x0800b73c       0x14 ./Radio/gpio-board.o
                0x0800b73c                EXTI13_IRQHandler
 .text.EXTI14_IRQHandler
                0x0800b750       0x14 ./Radio/gpio-board.o
                0x0800b750                EXTI14_IRQHandler
 .text.EXTI15_IRQHandler
                0x0800b764       0x14 ./Radio/gpio-board.o
                0x0800b764                EXTI15_IRQHandler
 .text.HAL_GPIO_EXTI_Rising_Callback
                0x0800b778       0x4c ./Radio/gpio-board.o
                0x0800b778                HAL_GPIO_EXTI_Rising_Callback
 .text.GpioInit
                0x0800b7c4       0x48 ./Radio/gpio.o
                0x0800b7c4                GpioInit
 .text.GpioSetInterrupt
                0x0800b80c       0x36 ./Radio/gpio.o
                0x0800b80c                GpioSetInterrupt
 .text.GpioWrite
                0x0800b842       0x2a ./Radio/gpio.o
                0x0800b842                GpioWrite
 .text.RtcInit  0x0800b86c       0xc8 ./Radio/rtc-board.o
                0x0800b86c                RtcInit
 .text.RtcSetTimeout
                0x0800b934       0x16 ./Radio/rtc-board.o
                0x0800b934                RtcSetTimeout
 *fill*         0x0800b94a        0x2 
 .text.RtcGetAdjustedTimeoutValue
                0x0800b94c       0x70 ./Radio/rtc-board.o
                0x0800b94c                RtcGetAdjustedTimeoutValue
 .text.RtcGetElapsedAlarmTime
                0x0800b9bc       0x44 ./Radio/rtc-board.o
                0x0800b9bc                RtcGetElapsedAlarmTime
 .text.BlockLowPowerDuringTask
                0x0800ba00       0x28 ./Radio/rtc-board.o
                0x0800ba00                BlockLowPowerDuringTask
 .text.RtcRecoverMcuStatus
                0x0800ba28        0xe ./Radio/rtc-board.o
                0x0800ba28                RtcRecoverMcuStatus
 *fill*         0x0800ba36        0x2 
 .text.RtcComputeWakeUpTime
                0x0800ba38       0xcc ./Radio/rtc-board.o
 .text.RtcStartWakeUpAlarm
                0x0800bb04       0xa0 ./Radio/rtc-board.o
 *fill*         0x0800bba4        0x4 
 .text.RtcComputeTimerTimeToAlarmTick
                0x0800bba8      0x3a0 ./Radio/rtc-board.o
 .text.RtcConvertCalendarTickToTimerTime
                0x0800bf48      0x1e8 ./Radio/rtc-board.o
 .text.RtcCheckCalendarRollOver
                0x0800c130       0x4c ./Radio/rtc-board.o
 .text.RtcGetCalendar
                0x0800c17c       0x5c ./Radio/rtc-board.o
 .text.RTC_IRQHandler
                0x0800c1d8       0x30 ./Radio/rtc-board.o
                0x0800c1d8                RTC_IRQHandler
 .text.SpiInit  0x0800c208      0x120 ./Radio/spi-board.o
                0x0800c208                SpiInit
 .text.SpiFormat
                0x0800c328       0xc2 ./Radio/spi-board.o
                0x0800c328                SpiFormat
 *fill*         0x0800c3ea        0x2 
 .text.SX1276IoInit
                0x0800c3ec       0xb4 ./Radio/sx1276-board.o
                0x0800c3ec                SX1276IoInit
 .text.SX1276IoIrqInit
                0x0800c4a0       0x88 ./Radio/sx1276-board.o
                0x0800c4a0                SX1276IoIrqInit
 .text.SX1276GetPaSelect
                0x0800c528       0x16 ./Radio/sx1276-board.o
                0x0800c528                SX1276GetPaSelect
 *fill*         0x0800c53e        0x2 
 .text.SX1276SetAntSwLowPower
                0x0800c540       0x3c ./Radio/sx1276-board.o
                0x0800c540                SX1276SetAntSwLowPower
 .text.SX1276AntSwInit
                0x0800c57c       0x3c ./Radio/sx1276-board.o
                0x0800c57c                SX1276AntSwInit
 .text.SX1276AntSwDeInit
                0x0800c5b8       0x3c ./Radio/sx1276-board.o
                0x0800c5b8                SX1276AntSwDeInit
 .text.SX1276SetAntSw
                0x0800c5f4       0x44 ./Radio/sx1276-board.o
                0x0800c5f4                SX1276SetAntSw
 .text.SX1276CheckRfFrequency
                0x0800c638       0x16 ./Radio/sx1276-board.o
                0x0800c638                SX1276CheckRfFrequency
 .text.TimerInit
                0x0800c64e       0x34 ./Radio/timer.o
                0x0800c64e                TimerInit
 *fill*         0x0800c682        0x2 
 .text.TimerStart
                0x0800c684       0xb4 ./Radio/timer.o
                0x0800c684                TimerStart
 .text.TimerInsertTimer
                0x0800c738       0xdc ./Radio/timer.o
 .text.TimerInsertNewHeadTimer
                0x0800c814       0x50 ./Radio/timer.o
 .text.TimerIrqHandler
                0x0800c864       0xb0 ./Radio/timer.o
                0x0800c864                TimerIrqHandler
 .text.TimerStop
                0x0800c914      0x140 ./Radio/timer.o
                0x0800c914                TimerStop
 .text.TimerExists
                0x0800ca54       0x3c ./Radio/timer.o
 .text.TimerSetValue
                0x0800ca90       0x24 ./Radio/timer.o
                0x0800ca90                TimerSetValue
 .text.TimerGetValue
                0x0800cab4        0xe ./Radio/timer.o
                0x0800cab4                TimerGetValue
 *fill*         0x0800cac2        0x2 
 .text.TimerSetTimeout
                0x0800cac4       0x34 ./Radio/timer.o
 .text.memcpy1  0x0800caf8       0x38 ./Radio/utilities.o
                0x0800caf8                memcpy1
 .text.SX1276Init
                0x0800cb30       0xbc ./Radio/sx1276/sx1276.o
                0x0800cb30                SX1276Init
 .text.SX1276GetStatus
                0x0800cbec       0x18 ./Radio/sx1276/sx1276.o
                0x0800cbec                SX1276GetStatus
 *fill*         0x0800cc04        0x4 
 .text.SX1276SetChannel
                0x0800cc08       0x6c ./Radio/sx1276/sx1276.o
                0x0800cc08                SX1276SetChannel
 .text.SX1276IsChannelFree
                0x0800cc74       0x58 ./Radio/sx1276/sx1276.o
                0x0800cc74                SX1276IsChannelFree
 .text.SX1276Random
                0x0800cccc       0x5c ./Radio/sx1276/sx1276.o
                0x0800cccc                SX1276Random
 .text.RxChainCalibration
                0x0800cd28       0xd4 ./Radio/sx1276/sx1276.o
 .text.GetFskBandwidthRegValue
                0x0800cdfc       0x58 ./Radio/sx1276/sx1276.o
 *fill*         0x0800ce54        0x4 
 .text.SX1276SetRxConfig
                0x0800ce58      0x3c8 ./Radio/sx1276/sx1276.o
                0x0800ce58                SX1276SetRxConfig
 .text.SX1276SetTxConfig
                0x0800d220      0x480 ./Radio/sx1276/sx1276.o
                0x0800d220                SX1276SetTxConfig
 .text.SX1276GetTimeOnAir
                0x0800d6a0      0x380 ./Radio/sx1276/sx1276.o
                0x0800d6a0                SX1276GetTimeOnAir
 .text.SX1276Send
                0x0800da20      0x168 ./Radio/sx1276/sx1276.o
                0x0800da20                SX1276Send
 .text.SX1276SetSleep
                0x0800db88       0x30 ./Radio/sx1276/sx1276.o
                0x0800db88                SX1276SetSleep
 .text.SX1276SetStby
                0x0800dbb8       0x30 ./Radio/sx1276/sx1276.o
                0x0800dbb8                SX1276SetStby
 .text.SX1276SetRx
                0x0800dbe8      0x4a8 ./Radio/sx1276/sx1276.o
                0x0800dbe8                SX1276SetRx
 .text.SX1276SetTx
                0x0800e090       0xf0 ./Radio/sx1276/sx1276.o
                0x0800e090                SX1276SetTx
 .text.SX1276StartCad
                0x0800e180       0x4c ./Radio/sx1276/sx1276.o
                0x0800e180                SX1276StartCad
 .text.SX1276ReadRssi
                0x0800e1cc       0x78 ./Radio/sx1276/sx1276.o
                0x0800e1cc                SX1276ReadRssi
 .text.SX1276Reset
                0x0800e244       0x44 ./Radio/sx1276/sx1276.o
                0x0800e244                SX1276Reset
 .text.SX1276SetOpMode
                0x0800e288       0x5c ./Radio/sx1276/sx1276.o
                0x0800e288                SX1276SetOpMode
 .text.SX1276SetModem
                0x0800e2e4       0x84 ./Radio/sx1276/sx1276.o
                0x0800e2e4                SX1276SetModem
 .text.SX1276Write
                0x0800e368       0x24 ./Radio/sx1276/sx1276.o
                0x0800e368                SX1276Write
 .text.SX1276Read
                0x0800e38c       0x22 ./Radio/sx1276/sx1276.o
                0x0800e38c                SX1276Read
 *fill*         0x0800e3ae        0x2 
 .text.SX1276WriteBuffer
                0x0800e3b0       0x58 ./Radio/sx1276/sx1276.o
                0x0800e3b0                SX1276WriteBuffer
 .text.SX1276ReadBuffer
                0x0800e408       0x74 ./Radio/sx1276/sx1276.o
                0x0800e408                SX1276ReadBuffer
 .text.SX1276WriteFifo
                0x0800e47c       0x20 ./Radio/sx1276/sx1276.o
                0x0800e47c                SX1276WriteFifo
 .text.SX1276ReadFifo
                0x0800e49c       0x20 ./Radio/sx1276/sx1276.o
                0x0800e49c                SX1276ReadFifo
 .text.SX1276SetMaxPayloadLength
                0x0800e4bc       0x5c ./Radio/sx1276/sx1276.o
                0x0800e4bc                SX1276SetMaxPayloadLength
 .text.SX1276OnTimeoutIrq
                0x0800e518       0xdc ./Radio/sx1276/sx1276.o
                0x0800e518                SX1276OnTimeoutIrq
 .text.SX1276OnDio0Irq
                0x0800e5f4      0x458 ./Radio/sx1276/sx1276.o
                0x0800e5f4                SX1276OnDio0Irq
 .text.SX1276OnDio1Irq
                0x0800ea4c      0x1c4 ./Radio/sx1276/sx1276.o
                0x0800ea4c                SX1276OnDio1Irq
 .text.SX1276OnDio2Irq
                0x0800ec10      0x17c ./Radio/sx1276/sx1276.o
                0x0800ec10                SX1276OnDio2Irq
 .text.SX1276OnDio3Irq
                0x0800ed8c       0x84 ./Radio/sx1276/sx1276.o
                0x0800ed8c                SX1276OnDio3Irq
 .text.SX1276OnDio4Irq
                0x0800ee10       0x3c ./Radio/sx1276/sx1276.o
                0x0800ee10                SX1276OnDio4Irq
 .text.__cvt    0x0800ee4c       0xca C:/ST/STM32CubeIDE_1.18.0/STM32CubeIDE/plugins/com.st.stm32cube.ide.mcu.externaltools.gnu-tools-for-stm32.13.3.rel1.win32_1.0.0.202411081344/tools/bin/../lib/gcc/arm-none-eabi/13.3.1/../../../../arm-none-eabi/lib/thumb/v8-m.main+fp/hard\libc_nano.a(libc_a-nano-vfprintf_float.o)
                0x0800ee4c                __cvt
 .text.__exponent
                0x0800ef16       0x72 C:/ST/STM32CubeIDE_1.18.0/STM32CubeIDE/plugins/com.st.stm32cube.ide.mcu.externaltools.gnu-tools-for-stm32.13.3.rel1.win32_1.0.0.202411081344/tools/bin/../lib/gcc/arm-none-eabi/13.3.1/../../../../arm-none-eabi/lib/thumb/v8-m.main+fp/hard\libc_nano.a(libc_a-nano-vfprintf_float.o)
                0x0800ef16                __exponent
 .text._printf_float
                0x0800ef88      0x454 C:/ST/STM32CubeIDE_1.18.0/STM32CubeIDE/plugins/com.st.stm32cube.ide.mcu.externaltools.gnu-tools-for-stm32.13.3.rel1.win32_1.0.0.202411081344/tools/bin/../lib/gcc/arm-none-eabi/13.3.1/../../../../arm-none-eabi/lib/thumb/v8-m.main+fp/hard\libc_nano.a(libc_a-nano-vfprintf_float.o)
                0x0800ef88                _printf_float
 .text._printf_common
                0x0800f3dc       0xe4 C:/ST/STM32CubeIDE_1.18.0/STM32CubeIDE/plugins/com.st.stm32cube.ide.mcu.externaltools.gnu-tools-for-stm32.13.3.rel1.win32_1.0.0.202411081344/tools/bin/../lib/gcc/arm-none-eabi/13.3.1/../../../../arm-none-eabi/lib/thumb/v8-m.main+fp/hard\libc_nano.a(libc_a-nano-vfprintf_i.o)
                0x0800f3dc                _printf_common
 .text._printf_i
                0x0800f4c0      0x23c C:/ST/STM32CubeIDE_1.18.0/STM32CubeIDE/plugins/com.st.stm32cube.ide.mcu.externaltools.gnu-tools-for-stm32.13.3.rel1.win32_1.0.0.202411081344/tools/bin/../lib/gcc/arm-none-eabi/13.3.1/../../../../arm-none-eabi/lib/thumb/v8-m.main+fp/hard\libc_nano.a(libc_a-nano-vfprintf_i.o)
                0x0800f4c0                _printf_i
 .text._scanf_float
                0x0800f6fc      0x41c C:/ST/STM32CubeIDE_1.18.0/STM32CubeIDE/plugins/com.st.stm32cube.ide.mcu.externaltools.gnu-tools-for-stm32.13.3.rel1.win32_1.0.0.202411081344/tools/bin/../lib/gcc/arm-none-eabi/13.3.1/../../../../arm-none-eabi/lib/thumb/v8-m.main+fp/hard\libc_nano.a(libc_a-nano-vfscanf_float.o)
                0x0800f6fc                _scanf_float
 .text.std      0x0800fb18       0x6c C:/ST/STM32CubeIDE_1.18.0/STM32CubeIDE/plugins/com.st.stm32cube.ide.mcu.externaltools.gnu-tools-for-stm32.13.3.rel1.win32_1.0.0.202411081344/tools/bin/../lib/gcc/arm-none-eabi/13.3.1/../../../../arm-none-eabi/lib/thumb/v8-m.main+fp/hard\libc_nano.a(libc_a-findfp.o)
 .text.stdio_exit_handler
                0x0800fb84       0x18 C:/ST/STM32CubeIDE_1.18.0/STM32CubeIDE/plugins/com.st.stm32cube.ide.mcu.externaltools.gnu-tools-for-stm32.13.3.rel1.win32_1.0.0.202411081344/tools/bin/../lib/gcc/arm-none-eabi/13.3.1/../../../../arm-none-eabi/lib/thumb/v8-m.main+fp/hard\libc_nano.a(libc_a-findfp.o)
 .text.cleanup_stdio
                0x0800fb9c       0x40 C:/ST/STM32CubeIDE_1.18.0/STM32CubeIDE/plugins/com.st.stm32cube.ide.mcu.externaltools.gnu-tools-for-stm32.13.3.rel1.win32_1.0.0.202411081344/tools/bin/../lib/gcc/arm-none-eabi/13.3.1/../../../../arm-none-eabi/lib/thumb/v8-m.main+fp/hard\libc_nano.a(libc_a-findfp.o)
 .text.global_stdio_init.part.0
                0x0800fbdc       0x3c C:/ST/STM32CubeIDE_1.18.0/STM32CubeIDE/plugins/com.st.stm32cube.ide.mcu.externaltools.gnu-tools-for-stm32.13.3.rel1.win32_1.0.0.202411081344/tools/bin/../lib/gcc/arm-none-eabi/13.3.1/../../../../arm-none-eabi/lib/thumb/v8-m.main+fp/hard\libc_nano.a(libc_a-findfp.o)
 .text.__sfp_lock_acquire
                0x0800fc18        0xc C:/ST/STM32CubeIDE_1.18.0/STM32CubeIDE/plugins/com.st.stm32cube.ide.mcu.externaltools.gnu-tools-for-stm32.13.3.rel1.win32_1.0.0.202411081344/tools/bin/../lib/gcc/arm-none-eabi/13.3.1/../../../../arm-none-eabi/lib/thumb/v8-m.main+fp/hard\libc_nano.a(libc_a-findfp.o)
                0x0800fc18                __sfp_lock_acquire
 .text.__sfp_lock_release
                0x0800fc24        0xc C:/ST/STM32CubeIDE_1.18.0/STM32CubeIDE/plugins/com.st.stm32cube.ide.mcu.externaltools.gnu-tools-for-stm32.13.3.rel1.win32_1.0.0.202411081344/tools/bin/../lib/gcc/arm-none-eabi/13.3.1/../../../../arm-none-eabi/lib/thumb/v8-m.main+fp/hard\libc_nano.a(libc_a-findfp.o)
                0x0800fc24                __sfp_lock_release
 .text.__sinit  0x0800fc30       0x30 C:/ST/STM32CubeIDE_1.18.0/STM32CubeIDE/plugins/com.st.stm32cube.ide.mcu.externaltools.gnu-tools-for-stm32.13.3.rel1.win32_1.0.0.202411081344/tools/bin/../lib/gcc/arm-none-eabi/13.3.1/../../../../arm-none-eabi/lib/thumb/v8-m.main+fp/hard\libc_nano.a(libc_a-findfp.o)
                0x0800fc30                __sinit
 .text._fwalk_sglue
                0x0800fc60       0x3c C:/ST/STM32CubeIDE_1.18.0/STM32CubeIDE/plugins/com.st.stm32cube.ide.mcu.externaltools.gnu-tools-for-stm32.13.3.rel1.win32_1.0.0.202411081344/tools/bin/../lib/gcc/arm-none-eabi/13.3.1/../../../../arm-none-eabi/lib/thumb/v8-m.main+fp/hard\libc_nano.a(libc_a-fwalk.o)
                0x0800fc60                _fwalk_sglue
 .text.printf   0x0800fc9c       0x24 C:/ST/STM32CubeIDE_1.18.0/STM32CubeIDE/plugins/com.st.stm32cube.ide.mcu.externaltools.gnu-tools-for-stm32.13.3.rel1.win32_1.0.0.202411081344/tools/bin/../lib/gcc/arm-none-eabi/13.3.1/../../../../arm-none-eabi/lib/thumb/v8-m.main+fp/hard\libc_nano.a(libc_a-printf.o)
                0x0800fc9c                iprintf
                0x0800fc9c                printf
 .text._puts_r  0x0800fcc0       0xaa C:/ST/STM32CubeIDE_1.18.0/STM32CubeIDE/plugins/com.st.stm32cube.ide.mcu.externaltools.gnu-tools-for-stm32.13.3.rel1.win32_1.0.0.202411081344/tools/bin/../lib/gcc/arm-none-eabi/13.3.1/../../../../arm-none-eabi/lib/thumb/v8-m.main+fp/hard\libc_nano.a(libc_a-puts.o)
                0x0800fcc0                _puts_r
 *fill*         0x0800fd6a        0x2 
 .text.puts     0x0800fd6c       0x10 C:/ST/STM32CubeIDE_1.18.0/STM32CubeIDE/plugins/com.st.stm32cube.ide.mcu.externaltools.gnu-tools-for-stm32.13.3.rel1.win32_1.0.0.202411081344/tools/bin/../lib/gcc/arm-none-eabi/13.3.1/../../../../arm-none-eabi/lib/thumb/v8-m.main+fp/hard\libc_nano.a(libc_a-puts.o)
                0x0800fd6c                puts
 .text.sprintf  0x0800fd7c       0x44 C:/ST/STM32CubeIDE_1.18.0/STM32CubeIDE/plugins/com.st.stm32cube.ide.mcu.externaltools.gnu-tools-for-stm32.13.3.rel1.win32_1.0.0.202411081344/tools/bin/../lib/gcc/arm-none-eabi/13.3.1/../../../../arm-none-eabi/lib/thumb/v8-m.main+fp/hard\libc_nano.a(libc_a-sprintf.o)
                0x0800fd7c                siprintf
                0x0800fd7c                sprintf
 .text.__sread  0x0800fdc0       0x22 C:/ST/STM32CubeIDE_1.18.0/STM32CubeIDE/plugins/com.st.stm32cube.ide.mcu.externaltools.gnu-tools-for-stm32.13.3.rel1.win32_1.0.0.202411081344/tools/bin/../lib/gcc/arm-none-eabi/13.3.1/../../../../arm-none-eabi/lib/thumb/v8-m.main+fp/hard\libc_nano.a(libc_a-stdio.o)
                0x0800fdc0                __sread
 .text.__swrite
                0x0800fde2       0x38 C:/ST/STM32CubeIDE_1.18.0/STM32CubeIDE/plugins/com.st.stm32cube.ide.mcu.externaltools.gnu-tools-for-stm32.13.3.rel1.win32_1.0.0.202411081344/tools/bin/../lib/gcc/arm-none-eabi/13.3.1/../../../../arm-none-eabi/lib/thumb/v8-m.main+fp/hard\libc_nano.a(libc_a-stdio.o)
                0x0800fde2                __swrite
 .text.__sseek  0x0800fe1a       0x24 C:/ST/STM32CubeIDE_1.18.0/STM32CubeIDE/plugins/com.st.stm32cube.ide.mcu.externaltools.gnu-tools-for-stm32.13.3.rel1.win32_1.0.0.202411081344/tools/bin/../lib/gcc/arm-none-eabi/13.3.1/../../../../arm-none-eabi/lib/thumb/v8-m.main+fp/hard\libc_nano.a(libc_a-stdio.o)
                0x0800fe1a                __sseek
 .text.__sclose
                0x0800fe3e        0x8 C:/ST/STM32CubeIDE_1.18.0/STM32CubeIDE/plugins/com.st.stm32cube.ide.mcu.externaltools.gnu-tools-for-stm32.13.3.rel1.win32_1.0.0.202411081344/tools/bin/../lib/gcc/arm-none-eabi/13.3.1/../../../../arm-none-eabi/lib/thumb/v8-m.main+fp/hard\libc_nano.a(libc_a-stdio.o)
                0x0800fe3e                __sclose
 .text.__swbuf_r
                0x0800fe46       0x7c C:/ST/STM32CubeIDE_1.18.0/STM32CubeIDE/plugins/com.st.stm32cube.ide.mcu.externaltools.gnu-tools-for-stm32.13.3.rel1.win32_1.0.0.202411081344/tools/bin/../lib/gcc/arm-none-eabi/13.3.1/../../../../arm-none-eabi/lib/thumb/v8-m.main+fp/hard\libc_nano.a(libc_a-wbuf.o)
                0x0800fe46                __swbuf_r
 *fill*         0x0800fec2        0x2 
 .text.__swsetup_r
                0x0800fec4       0xac C:/ST/STM32CubeIDE_1.18.0/STM32CubeIDE/plugins/com.st.stm32cube.ide.mcu.externaltools.gnu-tools-for-stm32.13.3.rel1.win32_1.0.0.202411081344/tools/bin/../lib/gcc/arm-none-eabi/13.3.1/../../../../arm-none-eabi/lib/thumb/v8-m.main+fp/hard\libc_nano.a(libc_a-wsetup.o)
                0x0800fec4                __swsetup_r
 .text.memcmp   0x0800ff70       0x20 C:/ST/STM32CubeIDE_1.18.0/STM32CubeIDE/plugins/com.st.stm32cube.ide.mcu.externaltools.gnu-tools-for-stm32.13.3.rel1.win32_1.0.0.202411081344/tools/bin/../lib/gcc/arm-none-eabi/13.3.1/../../../../arm-none-eabi/lib/thumb/v8-m.main+fp/hard\libc_nano.a(libc_a-memcmp.o)
                0x0800ff70                memcmp
 .text.memset   0x0800ff90       0x10 C:/ST/STM32CubeIDE_1.18.0/STM32CubeIDE/plugins/com.st.stm32cube.ide.mcu.externaltools.gnu-tools-for-stm32.13.3.rel1.win32_1.0.0.202411081344/tools/bin/../lib/gcc/arm-none-eabi/13.3.1/../../../../arm-none-eabi/lib/thumb/v8-m.main+fp/hard\libc_nano.a(libc_a-memset.o)
                0x0800ff90                memset
 .text._localeconv_r
                0x0800ffa0        0x8 C:/ST/STM32CubeIDE_1.18.0/STM32CubeIDE/plugins/com.st.stm32cube.ide.mcu.externaltools.gnu-tools-for-stm32.13.3.rel1.win32_1.0.0.202411081344/tools/bin/../lib/gcc/arm-none-eabi/13.3.1/../../../../arm-none-eabi/lib/thumb/v8-m.main+fp/hard\libc_nano.a(libc_a-localeconv.o)
                0x0800ffa0                _localeconv_r
 .text._close_r
                0x0800ffa8       0x20 C:/ST/STM32CubeIDE_1.18.0/STM32CubeIDE/plugins/com.st.stm32cube.ide.mcu.externaltools.gnu-tools-for-stm32.13.3.rel1.win32_1.0.0.202411081344/tools/bin/../lib/gcc/arm-none-eabi/13.3.1/../../../../arm-none-eabi/lib/thumb/v8-m.main+fp/hard\libc_nano.a(libc_a-closer.o)
                0x0800ffa8                _close_r
 .text._lseek_r
                0x0800ffc8       0x24 C:/ST/STM32CubeIDE_1.18.0/STM32CubeIDE/plugins/com.st.stm32cube.ide.mcu.externaltools.gnu-tools-for-stm32.13.3.rel1.win32_1.0.0.202411081344/tools/bin/../lib/gcc/arm-none-eabi/13.3.1/../../../../arm-none-eabi/lib/thumb/v8-m.main+fp/hard\libc_nano.a(libc_a-lseekr.o)
                0x0800ffc8                _lseek_r
 .text._read_r  0x0800ffec       0x24 C:/ST/STM32CubeIDE_1.18.0/STM32CubeIDE/plugins/com.st.stm32cube.ide.mcu.externaltools.gnu-tools-for-stm32.13.3.rel1.win32_1.0.0.202411081344/tools/bin/../lib/gcc/arm-none-eabi/13.3.1/../../../../arm-none-eabi/lib/thumb/v8-m.main+fp/hard\libc_nano.a(libc_a-readr.o)
                0x0800ffec                _read_r
 .text._write_r
                0x08010010       0x24 C:/ST/STM32CubeIDE_1.18.0/STM32CubeIDE/plugins/com.st.stm32cube.ide.mcu.externaltools.gnu-tools-for-stm32.13.3.rel1.win32_1.0.0.202411081344/tools/bin/../lib/gcc/arm-none-eabi/13.3.1/../../../../arm-none-eabi/lib/thumb/v8-m.main+fp/hard\libc_nano.a(libc_a-writer.o)
                0x08010010                _write_r
 .text.__errno  0x08010034        0xc C:/ST/STM32CubeIDE_1.18.0/STM32CubeIDE/plugins/com.st.stm32cube.ide.mcu.externaltools.gnu-tools-for-stm32.13.3.rel1.win32_1.0.0.202411081344/tools/bin/../lib/gcc/arm-none-eabi/13.3.1/../../../../arm-none-eabi/lib/thumb/v8-m.main+fp/hard\libc_nano.a(libc_a-errno.o)
                0x08010034                __errno
 .text.__libc_init_array
                0x08010040       0x48 C:/ST/STM32CubeIDE_1.18.0/STM32CubeIDE/plugins/com.st.stm32cube.ide.mcu.externaltools.gnu-tools-for-stm32.13.3.rel1.win32_1.0.0.202411081344/tools/bin/../lib/gcc/arm-none-eabi/13.3.1/../../../../arm-none-eabi/lib/thumb/v8-m.main+fp/hard\libc_nano.a(libc_a-init.o)
                0x08010040                __libc_init_array
 .text.__retarget_lock_init_recursive
                0x08010088        0x2 C:/ST/STM32CubeIDE_1.18.0/STM32CubeIDE/plugins/com.st.stm32cube.ide.mcu.externaltools.gnu-tools-for-stm32.13.3.rel1.win32_1.0.0.202411081344/tools/bin/../lib/gcc/arm-none-eabi/13.3.1/../../../../arm-none-eabi/lib/thumb/v8-m.main+fp/hard\libc_nano.a(libc_a-lock.o)
                0x08010088                __retarget_lock_init_recursive
 .text.__retarget_lock_acquire_recursive
                0x0801008a        0x2 C:/ST/STM32CubeIDE_1.18.0/STM32CubeIDE/plugins/com.st.stm32cube.ide.mcu.externaltools.gnu-tools-for-stm32.13.3.rel1.win32_1.0.0.202411081344/tools/bin/../lib/gcc/arm-none-eabi/13.3.1/../../../../arm-none-eabi/lib/thumb/v8-m.main+fp/hard\libc_nano.a(libc_a-lock.o)
                0x0801008a                __retarget_lock_acquire_recursive
 .text.__retarget_lock_release_recursive
                0x0801008c        0x2 C:/ST/STM32CubeIDE_1.18.0/STM32CubeIDE/plugins/com.st.stm32cube.ide.mcu.externaltools.gnu-tools-for-stm32.13.3.rel1.win32_1.0.0.202411081344/tools/bin/../lib/gcc/arm-none-eabi/13.3.1/../../../../arm-none-eabi/lib/thumb/v8-m.main+fp/hard\libc_nano.a(libc_a-lock.o)
                0x0801008c                __retarget_lock_release_recursive
 .text.__aeabi_memcpy
                0x0801008e        0x4 C:/ST/STM32CubeIDE_1.18.0/STM32CubeIDE/plugins/com.st.stm32cube.ide.mcu.externaltools.gnu-tools-for-stm32.13.3.rel1.win32_1.0.0.202411081344/tools/bin/../lib/gcc/arm-none-eabi/13.3.1/../../../../arm-none-eabi/lib/thumb/v8-m.main+fp/hard\libc_nano.a(libc_a-aeabi_memcpy.o)
                0x0801008e                __aeabi_memcpy4
                0x0801008e                __aeabi_memcpy8
                0x0801008e                __aeabi_memcpy
 .text.__aeabi_memclr
                0x08010092        0x6 C:/ST/STM32CubeIDE_1.18.0/STM32CubeIDE/plugins/com.st.stm32cube.ide.mcu.externaltools.gnu-tools-for-stm32.13.3.rel1.win32_1.0.0.202411081344/tools/bin/../lib/gcc/arm-none-eabi/13.3.1/../../../../arm-none-eabi/lib/thumb/v8-m.main+fp/hard\libc_nano.a(libc_a-aeabi_memclr.o)
                0x08010092                __aeabi_memclr
                0x08010092                __aeabi_memclr4
                0x08010092                __aeabi_memclr8
 .text.memchr   0x08010098       0x1c C:/ST/STM32CubeIDE_1.18.0/STM32CubeIDE/plugins/com.st.stm32cube.ide.mcu.externaltools.gnu-tools-for-stm32.13.3.rel1.win32_1.0.0.202411081344/tools/bin/../lib/gcc/arm-none-eabi/13.3.1/../../../../arm-none-eabi/lib/thumb/v8-m.main+fp/hard\libc_nano.a(libc_a-memchr-stub.o)
                0x08010098                memchr
 .text.memcpy   0x080100b4       0x1a C:/ST/STM32CubeIDE_1.18.0/STM32CubeIDE/plugins/com.st.stm32cube.ide.mcu.externaltools.gnu-tools-for-stm32.13.3.rel1.win32_1.0.0.202411081344/tools/bin/../lib/gcc/arm-none-eabi/13.3.1/../../../../arm-none-eabi/lib/thumb/v8-m.main+fp/hard\libc_nano.a(libc_a-memcpy-stub.o)
                0x080100b4                memcpy
 *fill*         0x080100ce        0x2 
 .text.nanf     0x080100d0        0xc C:/ST/STM32CubeIDE_1.18.0/STM32CubeIDE/plugins/com.st.stm32cube.ide.mcu.externaltools.gnu-tools-for-stm32.13.3.rel1.win32_1.0.0.202411081344/tools/bin/../lib/gcc/arm-none-eabi/13.3.1/../../../../arm-none-eabi/lib/thumb/v8-m.main+fp/hard\libc_nano.a(libm_a-sf_nan.o)
                0x080100d0                nanf
 .text.quorem   0x080100dc      0x11a C:/ST/STM32CubeIDE_1.18.0/STM32CubeIDE/plugins/com.st.stm32cube.ide.mcu.externaltools.gnu-tools-for-stm32.13.3.rel1.win32_1.0.0.202411081344/tools/bin/../lib/gcc/arm-none-eabi/13.3.1/../../../../arm-none-eabi/lib/thumb/v8-m.main+fp/hard\libc_nano.a(libc_a-dtoa.o)
 *fill*         0x080101f6        0x2 
 .text._dtoa_r  0x080101f8      0xba4 C:/ST/STM32CubeIDE_1.18.0/STM32CubeIDE/plugins/com.st.stm32cube.ide.mcu.externaltools.gnu-tools-for-stm32.13.3.rel1.win32_1.0.0.202411081344/tools/bin/../lib/gcc/arm-none-eabi/13.3.1/../../../../arm-none-eabi/lib/thumb/v8-m.main+fp/hard\libc_nano.a(libc_a-dtoa.o)
                0x080101f8                _dtoa_r
 .text._free_r  0x08010d9c       0x94 C:/ST/STM32CubeIDE_1.18.0/STM32CubeIDE/plugins/com.st.stm32cube.ide.mcu.externaltools.gnu-tools-for-stm32.13.3.rel1.win32_1.0.0.202411081344/tools/bin/../lib/gcc/arm-none-eabi/13.3.1/../../../../arm-none-eabi/lib/thumb/v8-m.main+fp/hard\libc_nano.a(libc_a-freer.o)
                0x08010d9c                _free_r
 .text.malloc   0x08010e30       0x10 C:/ST/STM32CubeIDE_1.18.0/STM32CubeIDE/plugins/com.st.stm32cube.ide.mcu.externaltools.gnu-tools-for-stm32.13.3.rel1.win32_1.0.0.202411081344/tools/bin/../lib/gcc/arm-none-eabi/13.3.1/../../../../arm-none-eabi/lib/thumb/v8-m.main+fp/hard\libc_nano.a(libc_a-malloc.o)
                0x08010e30                malloc
 .text.sbrk_aligned
                0x08010e40       0x44 C:/ST/STM32CubeIDE_1.18.0/STM32CubeIDE/plugins/com.st.stm32cube.ide.mcu.externaltools.gnu-tools-for-stm32.13.3.rel1.win32_1.0.0.202411081344/tools/bin/../lib/gcc/arm-none-eabi/13.3.1/../../../../arm-none-eabi/lib/thumb/v8-m.main+fp/hard\libc_nano.a(libc_a-mallocr.o)
 .text._malloc_r
                0x08010e84      0x100 C:/ST/STM32CubeIDE_1.18.0/STM32CubeIDE/plugins/com.st.stm32cube.ide.mcu.externaltools.gnu-tools-for-stm32.13.3.rel1.win32_1.0.0.202411081344/tools/bin/../lib/gcc/arm-none-eabi/13.3.1/../../../../arm-none-eabi/lib/thumb/v8-m.main+fp/hard\libc_nano.a(libc_a-mallocr.o)
                0x08010e84                _malloc_r
 .text.__malloc_lock
                0x08010f84        0xc C:/ST/STM32CubeIDE_1.18.0/STM32CubeIDE/plugins/com.st.stm32cube.ide.mcu.externaltools.gnu-tools-for-stm32.13.3.rel1.win32_1.0.0.202411081344/tools/bin/../lib/gcc/arm-none-eabi/13.3.1/../../../../arm-none-eabi/lib/thumb/v8-m.main+fp/hard\libc_nano.a(libc_a-mlock.o)
                0x08010f84                __malloc_lock
 .text.__malloc_unlock
                0x08010f90        0xc C:/ST/STM32CubeIDE_1.18.0/STM32CubeIDE/plugins/com.st.stm32cube.ide.mcu.externaltools.gnu-tools-for-stm32.13.3.rel1.win32_1.0.0.202411081344/tools/bin/../lib/gcc/arm-none-eabi/13.3.1/../../../../arm-none-eabi/lib/thumb/v8-m.main+fp/hard\libc_nano.a(libc_a-mlock.o)
                0x08010f90                __malloc_unlock
 .text._Balloc  0x08010f9c       0x80 C:/ST/STM32CubeIDE_1.18.0/STM32CubeIDE/plugins/com.st.stm32cube.ide.mcu.externaltools.gnu-tools-for-stm32.13.3.rel1.win32_1.0.0.202411081344/tools/bin/../lib/gcc/arm-none-eabi/13.3.1/../../../../arm-none-eabi/lib/thumb/v8-m.main+fp/hard\libc_nano.a(libc_a-mprec.o)
                0x08010f9c                _Balloc
 .text._Bfree   0x0801101c       0x44 C:/ST/STM32CubeIDE_1.18.0/STM32CubeIDE/plugins/com.st.stm32cube.ide.mcu.externaltools.gnu-tools-for-stm32.13.3.rel1.win32_1.0.0.202411081344/tools/bin/../lib/gcc/arm-none-eabi/13.3.1/../../../../arm-none-eabi/lib/thumb/v8-m.main+fp/hard\libc_nano.a(libc_a-mprec.o)
                0x0801101c                _Bfree
 .text.__multadd
                0x08011060       0x90 C:/ST/STM32CubeIDE_1.18.0/STM32CubeIDE/plugins/com.st.stm32cube.ide.mcu.externaltools.gnu-tools-for-stm32.13.3.rel1.win32_1.0.0.202411081344/tools/bin/../lib/gcc/arm-none-eabi/13.3.1/../../../../arm-none-eabi/lib/thumb/v8-m.main+fp/hard\libc_nano.a(libc_a-mprec.o)
                0x08011060                __multadd
 .text.__s2b    0x080110f0       0x94 C:/ST/STM32CubeIDE_1.18.0/STM32CubeIDE/plugins/com.st.stm32cube.ide.mcu.externaltools.gnu-tools-for-stm32.13.3.rel1.win32_1.0.0.202411081344/tools/bin/../lib/gcc/arm-none-eabi/13.3.1/../../../../arm-none-eabi/lib/thumb/v8-m.main+fp/hard\libc_nano.a(libc_a-mprec.o)
                0x080110f0                __s2b
 .text.__hi0bits
                0x08011184       0x3e C:/ST/STM32CubeIDE_1.18.0/STM32CubeIDE/plugins/com.st.stm32cube.ide.mcu.externaltools.gnu-tools-for-stm32.13.3.rel1.win32_1.0.0.202411081344/tools/bin/../lib/gcc/arm-none-eabi/13.3.1/../../../../arm-none-eabi/lib/thumb/v8-m.main+fp/hard\libc_nano.a(libc_a-mprec.o)
                0x08011184                __hi0bits
 .text.__lo0bits
                0x080111c2       0x5a C:/ST/STM32CubeIDE_1.18.0/STM32CubeIDE/plugins/com.st.stm32cube.ide.mcu.externaltools.gnu-tools-for-stm32.13.3.rel1.win32_1.0.0.202411081344/tools/bin/../lib/gcc/arm-none-eabi/13.3.1/../../../../arm-none-eabi/lib/thumb/v8-m.main+fp/hard\libc_nano.a(libc_a-mprec.o)
                0x080111c2                __lo0bits
 .text.__i2b    0x0801121c       0x2c C:/ST/STM32CubeIDE_1.18.0/STM32CubeIDE/plugins/com.st.stm32cube.ide.mcu.externaltools.gnu-tools-for-stm32.13.3.rel1.win32_1.0.0.202411081344/tools/bin/../lib/gcc/arm-none-eabi/13.3.1/../../../../arm-none-eabi/lib/thumb/v8-m.main+fp/hard\libc_nano.a(libc_a-mprec.o)
                0x0801121c                __i2b
 .text.__multiply
                0x08011248      0x148 C:/ST/STM32CubeIDE_1.18.0/STM32CubeIDE/plugins/com.st.stm32cube.ide.mcu.externaltools.gnu-tools-for-stm32.13.3.rel1.win32_1.0.0.202411081344/tools/bin/../lib/gcc/arm-none-eabi/13.3.1/../../../../arm-none-eabi/lib/thumb/v8-m.main+fp/hard\libc_nano.a(libc_a-mprec.o)
                0x08011248                __multiply
 .text.__pow5mult
                0x08011390       0xb4 C:/ST/STM32CubeIDE_1.18.0/STM32CubeIDE/plugins/com.st.stm32cube.ide.mcu.externaltools.gnu-tools-for-stm32.13.3.rel1.win32_1.0.0.202411081344/tools/bin/../lib/gcc/arm-none-eabi/13.3.1/../../../../arm-none-eabi/lib/thumb/v8-m.main+fp/hard\libc_nano.a(libc_a-mprec.o)
                0x08011390                __pow5mult
 .text.__lshift
                0x08011444       0xd8 C:/ST/STM32CubeIDE_1.18.0/STM32CubeIDE/plugins/com.st.stm32cube.ide.mcu.externaltools.gnu-tools-for-stm32.13.3.rel1.win32_1.0.0.202411081344/tools/bin/../lib/gcc/arm-none-eabi/13.3.1/../../../../arm-none-eabi/lib/thumb/v8-m.main+fp/hard\libc_nano.a(libc_a-mprec.o)
                0x08011444                __lshift
 .text.__mcmp   0x0801151c       0x36 C:/ST/STM32CubeIDE_1.18.0/STM32CubeIDE/plugins/com.st.stm32cube.ide.mcu.externaltools.gnu-tools-for-stm32.13.3.rel1.win32_1.0.0.202411081344/tools/bin/../lib/gcc/arm-none-eabi/13.3.1/../../../../arm-none-eabi/lib/thumb/v8-m.main+fp/hard\libc_nano.a(libc_a-mprec.o)
                0x0801151c                __mcmp
 *fill*         0x08011552        0x2 
 .text.__mdiff  0x08011554      0x130 C:/ST/STM32CubeIDE_1.18.0/STM32CubeIDE/plugins/com.st.stm32cube.ide.mcu.externaltools.gnu-tools-for-stm32.13.3.rel1.win32_1.0.0.202411081344/tools/bin/../lib/gcc/arm-none-eabi/13.3.1/../../../../arm-none-eabi/lib/thumb/v8-m.main+fp/hard\libc_nano.a(libc_a-mprec.o)
                0x08011554                __mdiff
 .text.__ulp    0x08011684       0x4c C:/ST/STM32CubeIDE_1.18.0/STM32CubeIDE/plugins/com.st.stm32cube.ide.mcu.externaltools.gnu-tools-for-stm32.13.3.rel1.win32_1.0.0.202411081344/tools/bin/../lib/gcc/arm-none-eabi/13.3.1/../../../../arm-none-eabi/lib/thumb/v8-m.main+fp/hard\libc_nano.a(libc_a-mprec.o)
                0x08011684                __ulp
 .text.__b2d    0x080116d0       0x9c C:/ST/STM32CubeIDE_1.18.0/STM32CubeIDE/plugins/com.st.stm32cube.ide.mcu.externaltools.gnu-tools-for-stm32.13.3.rel1.win32_1.0.0.202411081344/tools/bin/../lib/gcc/arm-none-eabi/13.3.1/../../../../arm-none-eabi/lib/thumb/v8-m.main+fp/hard\libc_nano.a(libc_a-mprec.o)
                0x080116d0                __b2d
 .text.__d2b    0x0801176c       0xb0 C:/ST/STM32CubeIDE_1.18.0/STM32CubeIDE/plugins/com.st.stm32cube.ide.mcu.externaltools.gnu-tools-for-stm32.13.3.rel1.win32_1.0.0.202411081344/tools/bin/../lib/gcc/arm-none-eabi/13.3.1/../../../../arm-none-eabi/lib/thumb/v8-m.main+fp/hard\libc_nano.a(libc_a-mprec.o)
                0x0801176c                __d2b
 .text.__ratio  0x0801181c       0x64 C:/ST/STM32CubeIDE_1.18.0/STM32CubeIDE/plugins/com.st.stm32cube.ide.mcu.externaltools.gnu-tools-for-stm32.13.3.rel1.win32_1.0.0.202411081344/tools/bin/../lib/gcc/arm-none-eabi/13.3.1/../../../../arm-none-eabi/lib/thumb/v8-m.main+fp/hard\libc_nano.a(libc_a-mprec.o)
                0x0801181c                __ratio
 .text.__copybits
                0x08011880       0x46 C:/ST/STM32CubeIDE_1.18.0/STM32CubeIDE/plugins/com.st.stm32cube.ide.mcu.externaltools.gnu-tools-for-stm32.13.3.rel1.win32_1.0.0.202411081344/tools/bin/../lib/gcc/arm-none-eabi/13.3.1/../../../../arm-none-eabi/lib/thumb/v8-m.main+fp/hard\libc_nano.a(libc_a-mprec.o)
                0x08011880                __copybits
 .text.__any_on
                0x080118c6       0x42 C:/ST/STM32CubeIDE_1.18.0/STM32CubeIDE/plugins/com.st.stm32cube.ide.mcu.externaltools.gnu-tools-for-stm32.13.3.rel1.win32_1.0.0.202411081344/tools/bin/../lib/gcc/arm-none-eabi/13.3.1/../../../../arm-none-eabi/lib/thumb/v8-m.main+fp/hard\libc_nano.a(libc_a-mprec.o)
                0x080118c6                __any_on
 .text.sulp     0x08011908       0x3c C:/ST/STM32CubeIDE_1.18.0/STM32CubeIDE/plugins/com.st.stm32cube.ide.mcu.externaltools.gnu-tools-for-stm32.13.3.rel1.win32_1.0.0.202411081344/tools/bin/../lib/gcc/arm-none-eabi/13.3.1/../../../../arm-none-eabi/lib/thumb/v8-m.main+fp/hard\libc_nano.a(libc_a-strtod.o)
 *fill*         0x08011944        0x4 
 .text._strtod_l
                0x08011948      0xbc8 C:/ST/STM32CubeIDE_1.18.0/STM32CubeIDE/plugins/com.st.stm32cube.ide.mcu.externaltools.gnu-tools-for-stm32.13.3.rel1.win32_1.0.0.202411081344/tools/bin/../lib/gcc/arm-none-eabi/13.3.1/../../../../arm-none-eabi/lib/thumb/v8-m.main+fp/hard\libc_nano.a(libc_a-strtod.o)
                0x08011948                _strtod_l
 .text._strtod_r
                0x08012510        0xc C:/ST/STM32CubeIDE_1.18.0/STM32CubeIDE/plugins/com.st.stm32cube.ide.mcu.externaltools.gnu-tools-for-stm32.13.3.rel1.win32_1.0.0.202411081344/tools/bin/../lib/gcc/arm-none-eabi/13.3.1/../../../../arm-none-eabi/lib/thumb/v8-m.main+fp/hard\libc_nano.a(libc_a-strtod.o)
                0x08012510                _strtod_r
 .text._strtol_l.isra.0
                0x0801251c       0xf4 C:/ST/STM32CubeIDE_1.18.0/STM32CubeIDE/plugins/com.st.stm32cube.ide.mcu.externaltools.gnu-tools-for-stm32.13.3.rel1.win32_1.0.0.202411081344/tools/bin/../lib/gcc/arm-none-eabi/13.3.1/../../../../arm-none-eabi/lib/thumb/v8-m.main+fp/hard\libc_nano.a(libc_a-strtol.o)
 .text._strtol_r
                0x08012610        0x4 C:/ST/STM32CubeIDE_1.18.0/STM32CubeIDE/plugins/com.st.stm32cube.ide.mcu.externaltools.gnu-tools-for-stm32.13.3.rel1.win32_1.0.0.202411081344/tools/bin/../lib/gcc/arm-none-eabi/13.3.1/../../../../arm-none-eabi/lib/thumb/v8-m.main+fp/hard\libc_nano.a(libc_a-strtol.o)
                0x08012610                _strtol_r
 .text.__ssputs_r
                0x08012614       0xb6 C:/ST/STM32CubeIDE_1.18.0/STM32CubeIDE/plugins/com.st.stm32cube.ide.mcu.externaltools.gnu-tools-for-stm32.13.3.rel1.win32_1.0.0.202411081344/tools/bin/../lib/gcc/arm-none-eabi/13.3.1/../../../../arm-none-eabi/lib/thumb/v8-m.main+fp/hard\libc_nano.a(libc_a-nano-svfprintf.o)
                0x08012614                __ssputs_r
 *fill*         0x080126ca        0x2 
 .text._svfprintf_r
                0x080126cc      0x1f8 C:/ST/STM32CubeIDE_1.18.0/STM32CubeIDE/plugins/com.st.stm32cube.ide.mcu.externaltools.gnu-tools-for-stm32.13.3.rel1.win32_1.0.0.202411081344/tools/bin/../lib/gcc/arm-none-eabi/13.3.1/../../../../arm-none-eabi/lib/thumb/v8-m.main+fp/hard\libc_nano.a(libc_a-nano-svfprintf.o)
                0x080126cc                _svfiprintf_r
                0x080126cc                _svfprintf_r
 .text.__sfputc_r
                0x080128c4       0x2e C:/ST/STM32CubeIDE_1.18.0/STM32CubeIDE/plugins/com.st.stm32cube.ide.mcu.externaltools.gnu-tools-for-stm32.13.3.rel1.win32_1.0.0.202411081344/tools/bin/../lib/gcc/arm-none-eabi/13.3.1/../../../../arm-none-eabi/lib/thumb/v8-m.main+fp/hard\libc_nano.a(libc_a-nano-vfprintf.o)
 .text.__sfputs_r