../Core/Src/app_template.c:94:6:app_main	16	static
../Core/Src/app_template.c:210:13:ConfigureRadio	56	static
../Core/Src/app_template.c:238:13:IncrementCounter	24	static
../Core/Src/app_template.c:250:13:SendCommandFrame	192	static
../Core/Src/app_template.c:292:13:OnRadioTxDone	8	static
../Core/Src/app_template.c:299:13:OnRadioTxTimeout	8	static
../Core/Src/app_template.c:308:13:OnRadioRxDone	24	static
../Core/Src/app_template.c:325:13:OnRadioRxTimeout	8	static
../Core/Src/app_template.c:334:13:OnRadioRxError	8	static
../Core/Src/app_template.c:343:6:tx_loop	8	static
../Core/Src/app_template.c:350:6:rx_loop	8	static
../Core/Src/app_template.c:360:6:send_single_message	24	static
