../Core/Src/app_template.c:120:6:send_command	184	static
../Core/Src/app_template.c:189:6:send_single_message	88	static
../Core/Src/app_template.c:238:6:app_main	64	static
../Core/Src/app_template.c:322:6:tx_loop	8	static
../Core/Src/app_template.c:329:6:rx_loop	8	static
../Core/Src/app_template.c:336:6:OnRxDone	24	static
../Core/Src/app_template.c:347:6:OnTxDone	8	static
../Core/Src/app_template.c:356:6:OnTxTimeout	8	static
../Core/Src/app_template.c:366:6:OnRxTimeout	8	static
../Core/Src/app_template.c:373:6:OnRxError	8	static
