../Core/Src/main.c:61:5:__io_putchar	24	static
../Core/Src/main.c:89:6:HAL_GPIO_EXTI_Falling_Callback	24	static
../Core/Src/main.c:116:5:main	240	static
../Core/Src/main.c:231:6:SystemClock_Config	128	static
../Core/Src/main.c:279:13:MX_CRC_Init	8	static
../Core/Src/main.c:310:13:MX_I2C1_Init	8	static
../Core/Src/main.c:358:13:MX_RTC_Init	40	static
../Core/Src/main.c:406:13:MX_SPI1_Init	24	static
../Core/Src/main.c:463:13:MX_USART1_UART_Init	8	static
../Core/Src/main.c:511:13:MX_GPIO_Init	40	static
../Core/Src/main.c:556:6:Error_Handler	4	static,ignoring_inline_asm
