../Core/Src/main.c:59:5:__io_putchar	24	static
../Core/Src/main.c:86:6:HAL_GPIO_EXTI_Falling_Callback	24	static
../Core/Src/main.c:113:5:main	240	static
../Core/Src/main.c:227:6:SystemClock_Config	128	static
../Core/Src/main.c:275:13:MX_CRC_Init	8	static
../Core/Src/main.c:306:13:MX_RTC_Init	40	static
../Core/Src/main.c:354:13:MX_SPI1_Init	24	static
../Core/Src/main.c:411:13:MX_USART1_UART_Init	8	static
../Core/Src/main.c:459:13:MX_GPIO_Init	40	static
../Core/Src/main.c:503:6:Error_Handler	4	static,ignoring_inline_asm
